

================================================================
== Vivado HLS Report for 'myproject'
================================================================
* Date:           Sun Feb 26 15:09:02 2023

* Version:        2020.1 (Build 2897737 on Wed May 27 20:21:37 MDT 2020)
* Project:        myproject_prj
* Solution:       solution1
* Product family: virtexuplus
* Target device:  xcvu9p-flga2577-2-e


================================================================
== Performance Estimates
================================================================
+ Timing: 
    * Summary: 
    +--------+---------+----------+------------+
    |  Clock |  Target | Estimated| Uncertainty|
    +--------+---------+----------+------------+
    |ap_clk  | 5.00 ns | 4.339 ns |   0.62 ns  |
    +--------+---------+----------+------------+

+ Latency: 
    * Summary: 
    +---------+---------+-----------+-----------+-----+-----+----------+
    |  Latency (cycles) |   Latency (absolute)  |  Interval | Pipeline |
    |   min   |   max   |    min    |    max    | min | max |   Type   |
    +---------+---------+-----------+-----------+-----+-----+----------+
    |        9|        9| 45.000 ns | 45.000 ns |    1|    1| function |
    +---------+---------+-----------+-----------+-----+-----+----------+

    + Detail: 
        * Instance: 
        N/A

        * Loop: 
        N/A

============================================================
+ Verbose Summary: Synthesis Manager
============================================================
InlineROM: 1
ExposeGlobal: 0
============================================================
+ Verbose Summary: CDFG Model
============================================================
IsTopModel: 1
ResetActiveHigh: 1
IsCombinational: 0
IsDatapathOnly: 0
HasWiredReturn: 1
HasMFsm: 2
HasVarLatency: 0
IsPipeline: 1
IsRtlPipelined: 1
IsInstanceOverlapped: 0
IsDontTouch: 0
HasImplIP: 0
IsGatedGlobalClock: 0

+ Individual pipeline summary: 
  * Pipeline-0: initiation interval (II) = 1, depth = 10


============================================================
+ Verbose Summary: Schedule
============================================================
* Number of FSM states : 10
* Pipeline : 1
  Pipeline-0 : II = 1, D = 10, States = { 1 2 3 4 5 6 7 8 9 10 }
* Dataflow Pipeline: 0

* FSM state transitions: 
1 --> 2 
2 --> 3 
3 --> 4 
4 --> 5 
5 --> 6 
6 --> 7 
7 --> 8 
8 --> 9 
9 --> 10 
10 --> 

* FSM state operations: 

State 1 <SV = 0> <Delay = 3.28>
ST_1 : Operation 11 [1/1] (0.00ns)   --->   "%x_V_read = call i144 @_ssdm_op_Read.ap_vld.i144P(i144* %x_V)" [firmware/myproject.cpp:50]   --->   Operation 11 'read' 'x_V_read' <Predicate = true> <Delay = 0.00>
ST_1 : Operation 12 [1/1] (0.00ns)   --->   "%p_Val2_9 = call i9 @_ssdm_op_PartSelect.i9.i144.i32.i32(i144 %x_V_read, i32 126, i32 134)" [firmware/myproject.cpp:50]   --->   Operation 12 'partselect' 'p_Val2_9' <Predicate = true> <Delay = 0.00>
ST_1 : Operation 13 [1/1] (0.00ns)   --->   "%p_Val2_1 = call i9 @_ssdm_op_PartSelect.i9.i144.i32.i32(i144 %x_V_read, i32 36, i32 44)" [firmware/myproject.cpp:50]   --->   Operation 13 'partselect' 'p_Val2_1' <Predicate = true> <Delay = 0.00>
ST_1 : Operation 14 [1/1] (0.00ns)   --->   "%p_Val2_2 = call i9 @_ssdm_op_PartSelect.i9.i144.i32.i32(i144 %x_V_read, i32 18, i32 26)" [firmware/myproject.cpp:50]   --->   Operation 14 'partselect' 'p_Val2_2' <Predicate = true> <Delay = 0.00>
ST_1 : Operation 15 [1/1] (0.00ns)   --->   "%p_Val2_s = call i9 @_ssdm_op_PartSelect.i9.i144.i32.i32(i144 %x_V_read, i32 135, i32 143)" [firmware/myproject.cpp:50]   --->   Operation 15 'partselect' 'p_Val2_s' <Predicate = true> <Delay = 0.00>
ST_1 : Operation 16 [1/1] (0.00ns)   --->   "%trunc_ln51 = trunc i144 %x_V_read to i9" [firmware/myproject.cpp:51]   --->   Operation 16 'trunc' 'trunc_ln51' <Predicate = true> <Delay = 0.00>
ST_1 : Operation 17 [5/5] (2.53ns)   --->   "%p_Val2_s_26 = call fastcc i5 @"cos_lut<ap_fixed<9, 6, 5, 3, 0> >"(i9 %trunc_ln51)" [firmware/myproject.cpp:51]   --->   Operation 17 'call' 'p_Val2_s_26' <Predicate = true> <Delay = 2.53> <CoreType = "Generic">   --->   Core 0 '' <Latency = 0> <II = 1> <Delay = 1.00> <Generic> <Opcode : >
ST_1 : Operation 18 [1/1] (0.71ns)   --->   "%sub_ln703_1 = sub i9 %p_Val2_9, %p_Val2_1" [firmware/myproject.cpp:51]   --->   Operation 18 'sub' 'sub_ln703_1' <Predicate = true> <Delay = 0.71> <Core = "AddSub">   --->   Core 14 'AddSub' <Latency = 0> <II = 1> <Delay = 0.86> <FuncUnit> <Opcode : 'add' 'sub'> <InPorts = 2> <OutPorts = 1>
ST_1 : Operation 19 [5/5] (2.53ns)   --->   "%p_3 = call fastcc i5 @"cos_lut<ap_fixed<9, 6, 5, 3, 0> >"(i9 %sub_ln703_1)" [firmware/myproject.cpp:51]   --->   Operation 19 'call' 'p_3' <Predicate = true> <Delay = 2.53> <CoreType = "Generic">   --->   Core 0 '' <Latency = 0> <II = 1> <Delay = 1.00> <Generic> <Opcode : >
ST_1 : Operation 20 [1/1] (0.71ns)   --->   "%add_ln703_2 = add i9 -4, %p_Val2_2" [firmware/myproject.cpp:51]   --->   Operation 20 'add' 'add_ln703_2' <Predicate = true> <Delay = 0.71> <Core = "AddSub">   --->   Core 14 'AddSub' <Latency = 0> <II = 1> <Delay = 0.86> <FuncUnit> <Opcode : 'add' 'sub'> <InPorts = 2> <OutPorts = 1>
ST_1 : Operation 21 [5/5] (2.53ns)   --->   "%p_Val2_4 = call fastcc i5 @"sin_lut<ap_fixed<9, 6, 5, 3, 0> >"(i9 %add_ln703_2)" [firmware/myproject.cpp:51]   --->   Operation 21 'call' 'p_Val2_4' <Predicate = true> <Delay = 2.53> <CoreType = "Generic">   --->   Core 0 '' <Latency = 0> <II = 1> <Delay = 1.00> <Generic> <Opcode : >
ST_1 : Operation 22 [1/1] (0.00ns)   --->   "%p_Val2_6 = call i9 @_ssdm_op_PartSelect.i9.i144.i32.i32(i144 %x_V_read, i32 27, i32 35)" [firmware/myproject.cpp:51]   --->   Operation 22 'partselect' 'p_Val2_6' <Predicate = true> <Delay = 0.00>
ST_1 : Operation 23 [5/5] (2.53ns)   --->   "%p_Val2_8 = call fastcc i5 @"sin_lut<ap_fixed<9, 6, 5, 3, 0> >"(i9 %p_Val2_6)" [firmware/myproject.cpp:53]   --->   Operation 23 'call' 'p_Val2_8' <Predicate = true> <Delay = 2.53> <CoreType = "Generic">   --->   Core 0 '' <Latency = 0> <II = 1> <Delay = 1.00> <Generic> <Opcode : >
ST_1 : Operation 24 [1/1] (0.00ns)   --->   "%tmp_s = call i8 @_ssdm_op_PartSelect.i8.i144.i32.i32(i144 %x_V_read, i32 27, i32 34)" [firmware/myproject.cpp:53]   --->   Operation 24 'partselect' 'tmp_s' <Predicate = true> <Delay = 0.00>
ST_1 : Operation 25 [1/1] (0.00ns)   --->   "%shl_ln1 = call i12 @_ssdm_op_BitConcatenate.i12.i8.i4(i8 %tmp_s, i4 0)" [firmware/myproject.cpp:53]   --->   Operation 25 'bitconcatenate' 'shl_ln1' <Predicate = true> <Delay = 0.00>
ST_1 : Operation 26 [1/1] (0.00ns)   --->   "%shl_ln1118_6 = call i10 @_ssdm_op_BitConcatenate.i10.i9.i1(i9 %p_Val2_6, i1 false)" [firmware/myproject.cpp:53]   --->   Operation 26 'bitconcatenate' 'shl_ln1118_6' <Predicate = true> <Delay = 0.00>
ST_1 : Operation 27 [1/1] (0.00ns)   --->   "%sext_ln1192_8 = sext i10 %shl_ln1118_6 to i12" [firmware/myproject.cpp:53]   --->   Operation 27 'sext' 'sext_ln1192_8' <Predicate = true> <Delay = 0.00>
ST_1 : Operation 28 [1/1] (0.00ns) (grouped into TernaryAdder)   --->   "%add_ln1192_10 = add i12 %sext_ln1192_8, %shl_ln1" [firmware/myproject.cpp:53]   --->   Operation 28 'add' 'add_ln1192_10' <Predicate = true> <Delay = 0.00> <Core = "TAddSub">   --->   Core 83 'TAddSub' <Latency = 0> <II = 1> <Delay = 0.37> <IPBlock> <Opcode : 'add' 'sub'> <InPorts = 3> <OutPorts = 1> <Sync> <CReg>
ST_1 : Operation 29 [1/1] (0.75ns) (root node of TernaryAdder)   --->   "%ret_V_29 = add i12 48, %add_ln1192_10" [firmware/myproject.cpp:53]   --->   Operation 29 'add' 'ret_V_29' <Predicate = true> <Delay = 0.75> <Core = "TAddSub">   --->   Core 83 'TAddSub' <Latency = 0> <II = 1> <Delay = 0.37> <IPBlock> <Opcode : 'add' 'sub'> <InPorts = 3> <OutPorts = 1> <Sync> <CReg>
ST_1 : Operation 30 [1/1] (0.00ns)   --->   "%trunc_ln708_5 = call i9 @_ssdm_op_PartSelect.i9.i12.i32.i32(i12 %ret_V_29, i32 3, i32 11)" [firmware/myproject.cpp:53]   --->   Operation 30 'partselect' 'trunc_ln708_5' <Predicate = true> <Delay = 0.00>
ST_1 : Operation 31 [5/5] (2.53ns)   --->   "%p_2 = call fastcc i5 @"cos_lut<ap_fixed<9, 6, 5, 3, 0> >"(i9 %trunc_ln708_5)" [firmware/myproject.cpp:53]   --->   Operation 31 'call' 'p_2' <Predicate = true> <Delay = 2.53> <CoreType = "Generic">   --->   Core 0 '' <Latency = 0> <II = 1> <Delay = 1.00> <Generic> <Opcode : >
ST_1 : Operation 32 [1/1] (0.00ns)   --->   "%sext_ln700_2 = sext i9 %p_Val2_9 to i12" [firmware/myproject.cpp:54]   --->   Operation 32 'sext' 'sext_ln700_2' <Predicate = true> <Delay = 0.00>
ST_1 : Operation 33 [1/1] (0.49ns) (grouped into DSP with root node ret_V_32)   --->   "%mul_ln700_1 = mul i12 39, %sext_ln700_2" [firmware/myproject.cpp:54]   --->   Operation 33 'mul' 'mul_ln700_1' <Predicate = true> <Delay = 0.49> <Core = "DSP48">   --->   Core 88 'DSP48' <Latency = 0> <II = 1> <Delay = 2.53> <IPBlock> <Opcode : 'mul' 'add' 'sub' 'select'> <InPorts = 2> <OutPorts = 1> <Sync> <CReg>
ST_1 : Operation 34 [1/1] (0.00ns)   --->   "%rhs_V_3 = call i12 @_ssdm_op_BitConcatenate.i12.i9.i3(i9 %p_Val2_6, i3 0)" [firmware/myproject.cpp:54]   --->   Operation 34 'bitconcatenate' 'rhs_V_3' <Predicate = true> <Delay = 0.00>
ST_1 : Operation 35 [1/1] (2.03ns) (root node of the DSP)   --->   "%ret_V_32 = add i12 %mul_ln700_1, %rhs_V_3" [firmware/myproject.cpp:54]   --->   Operation 35 'add' 'ret_V_32' <Predicate = true> <Delay = 2.03> <Core = "DSP48">   --->   Core 88 'DSP48' <Latency = 0> <II = 1> <Delay = 2.53> <IPBlock> <Opcode : 'mul' 'add' 'sub' 'select'> <InPorts = 2> <OutPorts = 1> <Sync> <CReg>
ST_1 : Operation 36 [1/1] (0.00ns)   --->   "%trunc_ln708_8 = call i9 @_ssdm_op_PartSelect.i9.i12.i32.i32(i12 %ret_V_32, i32 3, i32 11)" [firmware/myproject.cpp:54]   --->   Operation 36 'partselect' 'trunc_ln708_8' <Predicate = true> <Delay = 0.00>

State 2 <SV = 1> <Delay = 4.33>
ST_2 : Operation 37 [1/1] (0.00ns)   --->   "%lhs_V_1 = sext i9 %p_Val2_9 to i10" [firmware/myproject.cpp:50]   --->   Operation 37 'sext' 'lhs_V_1' <Predicate = true> <Delay = 0.00>
ST_2 : Operation 38 [1/1] (0.00ns)   --->   "%sext_ln703_1 = sext i9 %p_Val2_1 to i10" [firmware/myproject.cpp:50]   --->   Operation 38 'sext' 'sext_ln703_1' <Predicate = true> <Delay = 0.00>
ST_2 : Operation 39 [1/1] (0.71ns)   --->   "%ret_V_21 = sub i10 %lhs_V_1, %sext_ln703_1" [firmware/myproject.cpp:50]   --->   Operation 39 'sub' 'ret_V_21' <Predicate = true> <Delay = 0.71> <Core = "AddSub">   --->   Core 14 'AddSub' <Latency = 0> <II = 1> <Delay = 0.86> <FuncUnit> <Opcode : 'add' 'sub'> <InPorts = 2> <OutPorts = 1>
ST_2 : Operation 40 [5/5] (2.53ns)   --->   "%p_0 = call fastcc i5 @"sin_lut<ap_fixed<9, 6, 5, 3, 0> >"(i9 %p_Val2_2)" [firmware/myproject.cpp:50]   --->   Operation 40 'call' 'p_0' <Predicate = true> <Delay = 2.53> <CoreType = "Generic">   --->   Core 0 '' <Latency = 0> <II = 1> <Delay = 1.00> <Generic> <Opcode : >
ST_2 : Operation 41 [1/1] (0.71ns)   --->   "%add_ln703 = add i9 %p_Val2_1, %p_Val2_s" [firmware/myproject.cpp:50]   --->   Operation 41 'add' 'add_ln703' <Predicate = true> <Delay = 0.71> <Core = "AddSub">   --->   Core 14 'AddSub' <Latency = 0> <II = 1> <Delay = 0.86> <FuncUnit> <Opcode : 'add' 'sub'> <InPorts = 2> <OutPorts = 1>
ST_2 : Operation 42 [5/5] (2.53ns)   --->   "%p_0109 = call fastcc i5 @"cos_lut<ap_fixed<9, 6, 5, 3, 0> >"(i9 %add_ln703)" [firmware/myproject.cpp:50]   --->   Operation 42 'call' 'p_0109' <Predicate = true> <Delay = 2.53> <CoreType = "Generic">   --->   Core 0 '' <Latency = 0> <II = 1> <Delay = 1.00> <Generic> <Opcode : >
ST_2 : Operation 43 [1/1] (0.00ns)   --->   "%sext_ln1118 = sext i9 %p_Val2_s to i12" [firmware/myproject.cpp:50]   --->   Operation 43 'sext' 'sext_ln1118' <Predicate = true> <Delay = 0.00>
ST_2 : Operation 44 [1/1] (0.00ns)   --->   "%shl_ln = call i11 @_ssdm_op_BitConcatenate.i11.i9.i2(i9 %p_Val2_s, i2 0)" [firmware/myproject.cpp:50]   --->   Operation 44 'bitconcatenate' 'shl_ln' <Predicate = true> <Delay = 0.00>
ST_2 : Operation 45 [1/1] (0.00ns)   --->   "%sext_ln1118_1 = sext i11 %shl_ln to i12" [firmware/myproject.cpp:50]   --->   Operation 45 'sext' 'sext_ln1118_1' <Predicate = true> <Delay = 0.00>
ST_2 : Operation 46 [1/1] (0.00ns) (grouped into TernaryAdder)   --->   "%sub_ln1118 = sub i12 0, %sext_ln1118_1" [firmware/myproject.cpp:50]   --->   Operation 46 'sub' 'sub_ln1118' <Predicate = true> <Delay = 0.00> <Core = "TAddSub">   --->   Core 83 'TAddSub' <Latency = 0> <II = 1> <Delay = 0.37> <IPBlock> <Opcode : 'add' 'sub'> <InPorts = 3> <OutPorts = 1> <Sync> <CReg>
ST_2 : Operation 47 [1/1] (0.75ns) (root node of TernaryAdder)   --->   "%r_V_18 = sub i12 %sub_ln1118, %sext_ln1118" [firmware/myproject.cpp:50]   --->   Operation 47 'sub' 'r_V_18' <Predicate = true> <Delay = 0.75> <Core = "TAddSub">   --->   Core 83 'TAddSub' <Latency = 0> <II = 1> <Delay = 0.37> <IPBlock> <Opcode : 'add' 'sub'> <InPorts = 3> <OutPorts = 1> <Sync> <CReg>
ST_2 : Operation 48 [1/1] (0.00ns)   --->   "%sext_ln1118_2 = sext i9 %p_Val2_2 to i12" [firmware/myproject.cpp:50]   --->   Operation 48 'sext' 'sext_ln1118_2' <Predicate = true> <Delay = 0.00>
ST_2 : Operation 49 [1/1] (0.00ns)   --->   "%shl_ln1118_1 = call i11 @_ssdm_op_BitConcatenate.i11.i9.i2(i9 %p_Val2_2, i2 0)" [firmware/myproject.cpp:50]   --->   Operation 49 'bitconcatenate' 'shl_ln1118_1' <Predicate = true> <Delay = 0.00>
ST_2 : Operation 50 [1/1] (0.00ns)   --->   "%sext_ln1118_3 = sext i11 %shl_ln1118_1 to i12" [firmware/myproject.cpp:50]   --->   Operation 50 'sext' 'sext_ln1118_3' <Predicate = true> <Delay = 0.00>
ST_2 : Operation 51 [1/1] (0.73ns)   --->   "%r_V_19 = add i12 %sext_ln1118_2, %sext_ln1118_3" [firmware/myproject.cpp:50]   --->   Operation 51 'add' 'r_V_19' <Predicate = true> <Delay = 0.73> <Core = "AddSub">   --->   Core 14 'AddSub' <Latency = 0> <II = 1> <Delay = 0.86> <FuncUnit> <Opcode : 'add' 'sub'> <InPorts = 2> <OutPorts = 1>
ST_2 : Operation 52 [1/1] (0.00ns) (grouped into TernaryAdder)   --->   "%add_ln1192_1 = add i12 %r_V_19, %r_V_18" [firmware/myproject.cpp:50]   --->   Operation 52 'add' 'add_ln1192_1' <Predicate = true> <Delay = 0.00> <Core = "TAddSub">   --->   Core 83 'TAddSub' <Latency = 0> <II = 1> <Delay = 0.37> <IPBlock> <Opcode : 'add' 'sub'> <InPorts = 3> <OutPorts = 1> <Sync> <CReg>
ST_2 : Operation 53 [1/1] (0.75ns) (root node of TernaryAdder)   --->   "%ret_V_22 = add i12 48, %add_ln1192_1" [firmware/myproject.cpp:50]   --->   Operation 53 'add' 'ret_V_22' <Predicate = true> <Delay = 0.75> <Core = "TAddSub">   --->   Core 83 'TAddSub' <Latency = 0> <II = 1> <Delay = 0.37> <IPBlock> <Opcode : 'add' 'sub'> <InPorts = 3> <OutPorts = 1> <Sync> <CReg>
ST_2 : Operation 54 [1/1] (0.00ns)   --->   "%trunc_ln = call i9 @_ssdm_op_PartSelect.i9.i12.i32.i32(i12 %ret_V_22, i32 3, i32 11)" [firmware/myproject.cpp:50]   --->   Operation 54 'partselect' 'trunc_ln' <Predicate = true> <Delay = 0.00>
ST_2 : Operation 55 [5/5] (2.53ns)   --->   "%p_s = call fastcc i5 @"sin_lut<ap_fixed<9, 6, 5, 3, 0> >"(i9 %trunc_ln)" [firmware/myproject.cpp:50]   --->   Operation 55 'call' 'p_s' <Predicate = true> <Delay = 2.53> <CoreType = "Generic">   --->   Core 0 '' <Latency = 0> <II = 1> <Delay = 1.00> <Generic> <Opcode : >
ST_2 : Operation 56 [1/1] (0.00ns) (grouped into TernaryAdder)   --->   "%sub_ln703 = sub i9 %p_Val2_9, %p_Val2_2" [firmware/myproject.cpp:50]   --->   Operation 56 'sub' 'sub_ln703' <Predicate = true> <Delay = 0.00> <Core = "TAddSub">   --->   Core 83 'TAddSub' <Latency = 0> <II = 1> <Delay = 0.37> <IPBlock> <Opcode : 'add' 'sub'> <InPorts = 3> <OutPorts = 1> <Sync> <CReg>
ST_2 : Operation 57 [1/1] (0.81ns) (root node of TernaryAdder)   --->   "%add_ln703_1 = add i9 2, %sub_ln703" [firmware/myproject.cpp:50]   --->   Operation 57 'add' 'add_ln703_1' <Predicate = true> <Delay = 0.81> <Core = "TAddSub">   --->   Core 83 'TAddSub' <Latency = 0> <II = 1> <Delay = 0.37> <IPBlock> <Opcode : 'add' 'sub'> <InPorts = 3> <OutPorts = 1> <Sync> <CReg>
ST_2 : Operation 58 [5/5] (2.53ns)   --->   "%p_1 = call fastcc i5 @"sin_lut<ap_fixed<9, 6, 5, 3, 0> >"(i9 %add_ln703_1)" [firmware/myproject.cpp:50]   --->   Operation 58 'call' 'p_1' <Predicate = true> <Delay = 2.53> <CoreType = "Generic">   --->   Core 0 '' <Latency = 0> <II = 1> <Delay = 1.00> <Generic> <Opcode : >
ST_2 : Operation 59 [4/5] (4.33ns)   --->   "%p_Val2_s_26 = call fastcc i5 @"cos_lut<ap_fixed<9, 6, 5, 3, 0> >"(i9 %trunc_ln51)" [firmware/myproject.cpp:51]   --->   Operation 59 'call' 'p_Val2_s_26' <Predicate = true> <Delay = 4.33> <CoreType = "Generic">   --->   Core 0 '' <Latency = 0> <II = 1> <Delay = 1.00> <Generic> <Opcode : >
ST_2 : Operation 60 [4/5] (4.33ns)   --->   "%p_3 = call fastcc i5 @"cos_lut<ap_fixed<9, 6, 5, 3, 0> >"(i9 %sub_ln703_1)" [firmware/myproject.cpp:51]   --->   Operation 60 'call' 'p_3' <Predicate = true> <Delay = 4.33> <CoreType = "Generic">   --->   Core 0 '' <Latency = 0> <II = 1> <Delay = 1.00> <Generic> <Opcode : >
ST_2 : Operation 61 [4/5] (4.33ns)   --->   "%p_Val2_4 = call fastcc i5 @"sin_lut<ap_fixed<9, 6, 5, 3, 0> >"(i9 %add_ln703_2)" [firmware/myproject.cpp:51]   --->   Operation 61 'call' 'p_Val2_4' <Predicate = true> <Delay = 4.33> <CoreType = "Generic">   --->   Core 0 '' <Latency = 0> <II = 1> <Delay = 1.00> <Generic> <Opcode : >
ST_2 : Operation 62 [1/1] (0.73ns)   --->   "%r_V_22 = sub i12 %sext_ln1118_1, %sext_ln1118" [firmware/myproject.cpp:51]   --->   Operation 62 'sub' 'r_V_22' <Predicate = true> <Delay = 0.73> <Core = "AddSub">   --->   Core 14 'AddSub' <Latency = 0> <II = 1> <Delay = 0.86> <FuncUnit> <Opcode : 'add' 'sub'> <InPorts = 2> <OutPorts = 1>
ST_2 : Operation 63 [1/1] (0.00ns)   --->   "%trunc_ln708_2 = call i9 @_ssdm_op_PartSelect.i9.i12.i32.i32(i12 %r_V_22, i32 3, i32 11)" [firmware/myproject.cpp:51]   --->   Operation 63 'partselect' 'trunc_ln708_2' <Predicate = true> <Delay = 0.00>
ST_2 : Operation 64 [5/5] (2.53ns)   --->   "%p_Val2_5 = call fastcc i5 @"sin_lut<ap_fixed<9, 6, 5, 3, 0> >"(i9 %trunc_ln708_2)" [firmware/myproject.cpp:51]   --->   Operation 64 'call' 'p_Val2_5' <Predicate = true> <Delay = 2.53> <CoreType = "Generic">   --->   Core 0 '' <Latency = 0> <II = 1> <Delay = 1.00> <Generic> <Opcode : >
ST_2 : Operation 65 [5/5] (2.53ns)   --->   "%p_Val2_3 = call fastcc i5 @"cos_lut<ap_fixed<9, 6, 5, 3, 0> >"(i9 %p_Val2_6)" [firmware/myproject.cpp:51]   --->   Operation 65 'call' 'p_Val2_3' <Predicate = true> <Delay = 2.53> <CoreType = "Generic">   --->   Core 0 '' <Latency = 0> <II = 1> <Delay = 1.00> <Generic> <Opcode : >
ST_2 : Operation 66 [5/5] (2.53ns)   --->   "%p_7 = call fastcc i5 @"sin_lut<ap_fixed<9, 6, 5, 3, 0> >"(i9 %p_Val2_9)" [firmware/myproject.cpp:51]   --->   Operation 66 'call' 'p_7' <Predicate = true> <Delay = 2.53> <CoreType = "Generic">   --->   Core 0 '' <Latency = 0> <II = 1> <Delay = 1.00> <Generic> <Opcode : >
ST_2 : Operation 67 [1/1] (0.71ns)   --->   "%add_ln703_3 = add i9 -1, %p_Val2_6" [firmware/myproject.cpp:51]   --->   Operation 67 'add' 'add_ln703_3' <Predicate = true> <Delay = 0.71> <Core = "AddSub">   --->   Core 14 'AddSub' <Latency = 0> <II = 1> <Delay = 0.86> <FuncUnit> <Opcode : 'add' 'sub'> <InPorts = 2> <OutPorts = 1>
ST_2 : Operation 68 [5/5] (2.53ns)   --->   "%p_8 = call fastcc i5 @"sin_lut<ap_fixed<9, 6, 5, 3, 0> >"(i9 %add_ln703_3)" [firmware/myproject.cpp:51]   --->   Operation 68 'call' 'p_8' <Predicate = true> <Delay = 2.53> <CoreType = "Generic">   --->   Core 0 '' <Latency = 0> <II = 1> <Delay = 1.00> <Generic> <Opcode : >
ST_2 : Operation 69 [5/5] (2.53ns)   --->   "%p_9 = call fastcc i5 @"cos_lut<ap_fixed<9, 6, 5, 3, 0> >"(i9 %p_Val2_2)" [firmware/myproject.cpp:51]   --->   Operation 69 'call' 'p_9' <Predicate = true> <Delay = 2.53> <CoreType = "Generic">   --->   Core 0 '' <Latency = 0> <II = 1> <Delay = 1.00> <Generic> <Opcode : >
ST_2 : Operation 70 [1/1] (0.00ns)   --->   "%rhs_V_1 = sext i9 %p_Val2_6 to i10" [firmware/myproject.cpp:52]   --->   Operation 70 'sext' 'rhs_V_1' <Predicate = true> <Delay = 0.00>
ST_2 : Operation 71 [1/1] (0.71ns)   --->   "%ret_V_26 = sub i10 %lhs_V_1, %rhs_V_1" [firmware/myproject.cpp:52]   --->   Operation 71 'sub' 'ret_V_26' <Predicate = true> <Delay = 0.71> <Core = "AddSub">   --->   Core 14 'AddSub' <Latency = 0> <II = 1> <Delay = 0.86> <FuncUnit> <Opcode : 'add' 'sub'> <InPorts = 2> <OutPorts = 1>
ST_2 : Operation 72 [1/1] (0.00ns)   --->   "%lhs_V_2 = sext i10 %ret_V_26 to i11" [firmware/myproject.cpp:52]   --->   Operation 72 'sext' 'lhs_V_2' <Predicate = true> <Delay = 0.00>
ST_2 : Operation 73 [1/1] (0.72ns)   --->   "%ret_V_9 = add nsw i11 5, %lhs_V_2" [firmware/myproject.cpp:52]   --->   Operation 73 'add' 'ret_V_9' <Predicate = true> <Delay = 0.72> <Core = "AddSub">   --->   Core 14 'AddSub' <Latency = 0> <II = 1> <Delay = 0.86> <FuncUnit> <Opcode : 'add' 'sub'> <InPorts = 2> <OutPorts = 1>
ST_2 : Operation 74 [1/1] (0.00ns)   --->   "%sext_ln1118_5 = sext i11 %ret_V_9 to i12" [firmware/myproject.cpp:52]   --->   Operation 74 'sext' 'sext_ln1118_5' <Predicate = true> <Delay = 0.00>
ST_2 : Operation 75 [1/1] (0.00ns)   --->   "%lhs_V_3 = call i12 @_ssdm_op_BitConcatenate.i12.i9.i3(i9 %p_Val2_2, i3 0)" [firmware/myproject.cpp:52]   --->   Operation 75 'bitconcatenate' 'lhs_V_3' <Predicate = true> <Delay = 0.00>
ST_2 : Operation 76 [1/1] (0.49ns) (grouped into DSP with root node ret_V_27)   --->   "%mul_ln1193 = mul i12 %sext_ln1118_5, %sext_ln1118_5" [firmware/myproject.cpp:52]   --->   Operation 76 'mul' 'mul_ln1193' <Predicate = true> <Delay = 0.49> <Core = "DSP48">   --->   Core 88 'DSP48' <Latency = 0> <II = 1> <Delay = 2.53> <IPBlock> <Opcode : 'mul' 'add' 'sub' 'select'> <InPorts = 2> <OutPorts = 1> <Sync> <CReg>
ST_2 : Operation 77 [1/1] (2.03ns) (root node of the DSP)   --->   "%ret_V_27 = sub i12 %lhs_V_3, %mul_ln1193" [firmware/myproject.cpp:52]   --->   Operation 77 'sub' 'ret_V_27' <Predicate = true> <Delay = 2.03> <Core = "DSP48">   --->   Core 88 'DSP48' <Latency = 0> <II = 1> <Delay = 2.53> <IPBlock> <Opcode : 'mul' 'add' 'sub' 'select'> <InPorts = 2> <OutPorts = 1> <Sync> <CReg>
ST_2 : Operation 78 [1/1] (0.00ns)   --->   "%trunc_ln708_4 = call i9 @_ssdm_op_PartSelect.i9.i12.i32.i32(i12 %ret_V_27, i32 3, i32 11)" [firmware/myproject.cpp:52]   --->   Operation 78 'partselect' 'trunc_ln708_4' <Predicate = true> <Delay = 0.00>
ST_2 : Operation 79 [4/5] (4.33ns)   --->   "%p_Val2_8 = call fastcc i5 @"sin_lut<ap_fixed<9, 6, 5, 3, 0> >"(i9 %p_Val2_6)" [firmware/myproject.cpp:53]   --->   Operation 79 'call' 'p_Val2_8' <Predicate = true> <Delay = 4.33> <CoreType = "Generic">   --->   Core 0 '' <Latency = 0> <II = 1> <Delay = 1.00> <Generic> <Opcode : >
ST_2 : Operation 80 [1/1] (0.00ns)   --->   "%sext_ln1192_7 = sext i9 %p_Val2_6 to i12" [firmware/myproject.cpp:54]   --->   Operation 80 'sext' 'sext_ln1192_7' <Predicate = true> <Delay = 0.00>
ST_2 : Operation 81 [4/5] (4.33ns)   --->   "%p_2 = call fastcc i5 @"cos_lut<ap_fixed<9, 6, 5, 3, 0> >"(i9 %trunc_ln708_5)" [firmware/myproject.cpp:53]   --->   Operation 81 'call' 'p_2' <Predicate = true> <Delay = 4.33> <CoreType = "Generic">   --->   Core 0 '' <Latency = 0> <II = 1> <Delay = 1.00> <Generic> <Opcode : >
ST_2 : Operation 82 [1/1] (0.00ns)   --->   "%shl_ln1118_7 = call i13 @_ssdm_op_BitConcatenate.i13.i9.i4(i9 %p_Val2_9, i4 0)" [firmware/myproject.cpp:53]   --->   Operation 82 'bitconcatenate' 'shl_ln1118_7' <Predicate = true> <Delay = 0.00>
ST_2 : Operation 83 [1/1] (0.00ns)   --->   "%sext_ln1118_9 = sext i13 %shl_ln1118_7 to i14" [firmware/myproject.cpp:53]   --->   Operation 83 'sext' 'sext_ln1118_9' <Predicate = true> <Delay = 0.00>
ST_2 : Operation 84 [1/1] (0.00ns)   --->   "%shl_ln1118_8 = call i10 @_ssdm_op_BitConcatenate.i10.i9.i1(i9 %p_Val2_9, i1 false)" [firmware/myproject.cpp:53]   --->   Operation 84 'bitconcatenate' 'shl_ln1118_8' <Predicate = true> <Delay = 0.00>
ST_2 : Operation 85 [1/1] (0.00ns)   --->   "%sext_ln1118_10 = sext i10 %shl_ln1118_8 to i11" [firmware/myproject.cpp:53]   --->   Operation 85 'sext' 'sext_ln1118_10' <Predicate = true> <Delay = 0.00>
ST_2 : Operation 86 [1/1] (0.72ns)   --->   "%add_ln1192_12 = add i11 280, %sext_ln1118_10" [firmware/myproject.cpp:53]   --->   Operation 86 'add' 'add_ln1192_12' <Predicate = true> <Delay = 0.72> <Core = "AddSub">   --->   Core 14 'AddSub' <Latency = 0> <II = 1> <Delay = 0.86> <FuncUnit> <Opcode : 'add' 'sub'> <InPorts = 2> <OutPorts = 1>
ST_2 : Operation 87 [1/1] (0.00ns)   --->   "%sext_ln1192_10 = sext i11 %add_ln1192_12 to i14" [firmware/myproject.cpp:53]   --->   Operation 87 'sext' 'sext_ln1192_10' <Predicate = true> <Delay = 0.00>
ST_2 : Operation 88 [1/1] (0.00ns) (grouped into DSP with root node ret_V_30)   --->   "%add_ln1192_2 = add i14 %sext_ln1118_9, %sext_ln1192_10" [firmware/myproject.cpp:53]   --->   Operation 88 'add' 'add_ln1192_2' <Predicate = true> <Delay = 0.00> <Core = "DSP48">   --->   Core 88 'DSP48' <Latency = 0> <II = 1> <Delay = 2.53> <IPBlock> <Opcode : 'mul' 'add' 'sub' 'select'> <InPorts = 2> <OutPorts = 1> <Sync> <CReg>
ST_2 : Operation 89 [1/1] (0.00ns)   --->   "%sext_ln700_3 = sext i9 %p_Val2_9 to i15" [firmware/myproject.cpp:53]   --->   Operation 89 'sext' 'sext_ln700_3' <Predicate = true> <Delay = 0.00>
ST_2 : Operation 90 [1/1] (0.00ns) (grouped into DSP with root node ret_V_30)   --->   "%sext_ln700_4 = sext i14 %add_ln1192_2 to i15" [firmware/myproject.cpp:53]   --->   Operation 90 'sext' 'sext_ln700_4' <Predicate = true> <Delay = 0.00>
ST_2 : Operation 91 [1/1] (0.49ns) (grouped into DSP with root node ret_V_30)   --->   "%mul_ln700 = mul i15 %sext_ln700_3, %sext_ln700_4" [firmware/myproject.cpp:53]   --->   Operation 91 'mul' 'mul_ln700' <Predicate = true> <Delay = 0.49> <Core = "DSP48">   --->   Core 88 'DSP48' <Latency = 0> <II = 1> <Delay = 2.53> <IPBlock> <Opcode : 'mul' 'add' 'sub' 'select'> <InPorts = 2> <OutPorts = 1> <Sync> <CReg>
ST_2 : Operation 92 [1/1] (0.00ns)   --->   "%rhs_V_2 = call i15 @_ssdm_op_BitConcatenate.i15.i9.i6(i9 %p_Val2_6, i6 0)" [firmware/myproject.cpp:53]   --->   Operation 92 'bitconcatenate' 'rhs_V_2' <Predicate = true> <Delay = 0.00>
ST_2 : Operation 93 [1/1] (2.03ns) (root node of the DSP)   --->   "%ret_V_30 = add i15 %mul_ln700, %rhs_V_2" [firmware/myproject.cpp:53]   --->   Operation 93 'add' 'ret_V_30' <Predicate = true> <Delay = 2.03> <Core = "DSP48">   --->   Core 88 'DSP48' <Latency = 0> <II = 1> <Delay = 2.53> <IPBlock> <Opcode : 'mul' 'add' 'sub' 'select'> <InPorts = 2> <OutPorts = 1> <Sync> <CReg>
ST_2 : Operation 94 [1/1] (0.00ns)   --->   "%trunc_ln708_6 = call i9 @_ssdm_op_PartSelect.i9.i15.i32.i32(i15 %ret_V_30, i32 6, i32 14)" [firmware/myproject.cpp:53]   --->   Operation 94 'partselect' 'trunc_ln708_6' <Predicate = true> <Delay = 0.00>
ST_2 : Operation 95 [5/5] (2.53ns)   --->   "%p_5 = call fastcc i5 @"sin_lut<ap_fixed<9, 6, 5, 3, 0> >"(i9 %trunc_ln708_8)" [firmware/myproject.cpp:54]   --->   Operation 95 'call' 'p_5' <Predicate = true> <Delay = 2.53> <CoreType = "Generic">   --->   Core 0 '' <Latency = 0> <II = 1> <Delay = 1.00> <Generic> <Opcode : >
ST_2 : Operation 96 [1/1] (0.49ns) (grouped into DSP with root node ret_V_33)   --->   "%mul_ln1192_7 = mul i12 22, %sext_ln1192_7" [firmware/myproject.cpp:54]   --->   Operation 96 'mul' 'mul_ln1192_7' <Predicate = true> <Delay = 0.49> <Core = "DSP48">   --->   Core 88 'DSP48' <Latency = 0> <II = 1> <Delay = 2.53> <IPBlock> <Opcode : 'mul' 'add' 'sub' 'select'> <InPorts = 2> <OutPorts = 1> <Sync> <CReg>
ST_2 : Operation 97 [1/1] (2.03ns) (root node of the DSP)   --->   "%ret_V_33 = add i12 8, %mul_ln1192_7" [firmware/myproject.cpp:54]   --->   Operation 97 'add' 'ret_V_33' <Predicate = true> <Delay = 2.03> <Core = "DSP48">   --->   Core 88 'DSP48' <Latency = 0> <II = 1> <Delay = 2.53> <IPBlock> <Opcode : 'mul' 'add' 'sub' 'select'> <InPorts = 2> <OutPorts = 1> <Sync> <CReg>
ST_2 : Operation 98 [1/1] (0.00ns)   --->   "%trunc_ln708_9 = call i9 @_ssdm_op_PartSelect.i9.i12.i32.i32(i12 %ret_V_33, i32 3, i32 11)" [firmware/myproject.cpp:54]   --->   Operation 98 'partselect' 'trunc_ln708_9' <Predicate = true> <Delay = 0.00>
ST_2 : Operation 99 [1/1] (0.00ns)   --->   "%shl_ln1118_9 = call i11 @_ssdm_op_BitConcatenate.i11.i9.i2(i9 %p_Val2_6, i2 0)" [firmware/myproject.cpp:54]   --->   Operation 99 'bitconcatenate' 'shl_ln1118_9' <Predicate = true> <Delay = 0.00>
ST_2 : Operation 100 [1/1] (0.00ns)   --->   "%sext_ln1118_12 = sext i11 %shl_ln1118_9 to i12" [firmware/myproject.cpp:54]   --->   Operation 100 'sext' 'sext_ln1118_12' <Predicate = true> <Delay = 0.00>
ST_2 : Operation 101 [1/1] (0.73ns)   --->   "%r_V_26 = sub i12 %sext_ln1118_12, %sext_ln1192_7" [firmware/myproject.cpp:54]   --->   Operation 101 'sub' 'r_V_26' <Predicate = true> <Delay = 0.73> <Core = "AddSub">   --->   Core 14 'AddSub' <Latency = 0> <II = 1> <Delay = 0.86> <FuncUnit> <Opcode : 'add' 'sub'> <InPorts = 2> <OutPorts = 1>
ST_2 : Operation 102 [1/1] (0.00ns) (grouped into TernaryAdder)   --->   "%add_ln1192_18 = add i12 %r_V_26, %r_V_22" [firmware/myproject.cpp:54]   --->   Operation 102 'add' 'add_ln1192_18' <Predicate = true> <Delay = 0.00> <Core = "TAddSub">   --->   Core 83 'TAddSub' <Latency = 0> <II = 1> <Delay = 0.37> <IPBlock> <Opcode : 'add' 'sub'> <InPorts = 3> <OutPorts = 1> <Sync> <CReg>
ST_2 : Operation 103 [1/1] (0.75ns) (root node of TernaryAdder)   --->   "%ret_V_34 = add i12 24, %add_ln1192_18" [firmware/myproject.cpp:54]   --->   Operation 103 'add' 'ret_V_34' <Predicate = true> <Delay = 0.75> <Core = "TAddSub">   --->   Core 83 'TAddSub' <Latency = 0> <II = 1> <Delay = 0.37> <IPBlock> <Opcode : 'add' 'sub'> <InPorts = 3> <OutPorts = 1> <Sync> <CReg>
ST_2 : Operation 104 [1/1] (0.00ns)   --->   "%trunc_ln708_s = call i9 @_ssdm_op_PartSelect.i9.i12.i32.i32(i12 %ret_V_34, i32 3, i32 11)" [firmware/myproject.cpp:54]   --->   Operation 104 'partselect' 'trunc_ln708_s' <Predicate = true> <Delay = 0.00>
ST_2 : Operation 105 [5/5] (2.53ns)   --->   "%p_10 = call fastcc i5 @"cos_lut<ap_fixed<9, 6, 5, 3, 0> >"(i9 %trunc_ln708_s)" [firmware/myproject.cpp:54]   --->   Operation 105 'call' 'p_10' <Predicate = true> <Delay = 2.53> <CoreType = "Generic">   --->   Core 0 '' <Latency = 0> <II = 1> <Delay = 1.00> <Generic> <Opcode : >

State 3 <SV = 2> <Delay = 4.33>
ST_3 : Operation 106 [4/5] (4.33ns)   --->   "%p_0 = call fastcc i5 @"sin_lut<ap_fixed<9, 6, 5, 3, 0> >"(i9 %p_Val2_2)" [firmware/myproject.cpp:50]   --->   Operation 106 'call' 'p_0' <Predicate = true> <Delay = 4.33> <CoreType = "Generic">   --->   Core 0 '' <Latency = 0> <II = 1> <Delay = 1.00> <Generic> <Opcode : >
ST_3 : Operation 107 [4/5] (4.33ns)   --->   "%p_0109 = call fastcc i5 @"cos_lut<ap_fixed<9, 6, 5, 3, 0> >"(i9 %add_ln703)" [firmware/myproject.cpp:50]   --->   Operation 107 'call' 'p_0109' <Predicate = true> <Delay = 4.33> <CoreType = "Generic">   --->   Core 0 '' <Latency = 0> <II = 1> <Delay = 1.00> <Generic> <Opcode : >
ST_3 : Operation 108 [4/5] (4.33ns)   --->   "%p_s = call fastcc i5 @"sin_lut<ap_fixed<9, 6, 5, 3, 0> >"(i9 %trunc_ln)" [firmware/myproject.cpp:50]   --->   Operation 108 'call' 'p_s' <Predicate = true> <Delay = 4.33> <CoreType = "Generic">   --->   Core 0 '' <Latency = 0> <II = 1> <Delay = 1.00> <Generic> <Opcode : >
ST_3 : Operation 109 [4/5] (4.33ns)   --->   "%p_1 = call fastcc i5 @"sin_lut<ap_fixed<9, 6, 5, 3, 0> >"(i9 %add_ln703_1)" [firmware/myproject.cpp:50]   --->   Operation 109 'call' 'p_1' <Predicate = true> <Delay = 4.33> <CoreType = "Generic">   --->   Core 0 '' <Latency = 0> <II = 1> <Delay = 1.00> <Generic> <Opcode : >
ST_3 : Operation 110 [3/5] (4.33ns)   --->   "%p_Val2_s_26 = call fastcc i5 @"cos_lut<ap_fixed<9, 6, 5, 3, 0> >"(i9 %trunc_ln51)" [firmware/myproject.cpp:51]   --->   Operation 110 'call' 'p_Val2_s_26' <Predicate = true> <Delay = 4.33> <CoreType = "Generic">   --->   Core 0 '' <Latency = 0> <II = 1> <Delay = 1.00> <Generic> <Opcode : >
ST_3 : Operation 111 [3/5] (4.33ns)   --->   "%p_3 = call fastcc i5 @"cos_lut<ap_fixed<9, 6, 5, 3, 0> >"(i9 %sub_ln703_1)" [firmware/myproject.cpp:51]   --->   Operation 111 'call' 'p_3' <Predicate = true> <Delay = 4.33> <CoreType = "Generic">   --->   Core 0 '' <Latency = 0> <II = 1> <Delay = 1.00> <Generic> <Opcode : >
ST_3 : Operation 112 [3/5] (4.33ns)   --->   "%p_Val2_4 = call fastcc i5 @"sin_lut<ap_fixed<9, 6, 5, 3, 0> >"(i9 %add_ln703_2)" [firmware/myproject.cpp:51]   --->   Operation 112 'call' 'p_Val2_4' <Predicate = true> <Delay = 4.33> <CoreType = "Generic">   --->   Core 0 '' <Latency = 0> <II = 1> <Delay = 1.00> <Generic> <Opcode : >
ST_3 : Operation 113 [4/5] (4.33ns)   --->   "%p_Val2_5 = call fastcc i5 @"sin_lut<ap_fixed<9, 6, 5, 3, 0> >"(i9 %trunc_ln708_2)" [firmware/myproject.cpp:51]   --->   Operation 113 'call' 'p_Val2_5' <Predicate = true> <Delay = 4.33> <CoreType = "Generic">   --->   Core 0 '' <Latency = 0> <II = 1> <Delay = 1.00> <Generic> <Opcode : >
ST_3 : Operation 114 [4/5] (4.33ns)   --->   "%p_Val2_3 = call fastcc i5 @"cos_lut<ap_fixed<9, 6, 5, 3, 0> >"(i9 %p_Val2_6)" [firmware/myproject.cpp:51]   --->   Operation 114 'call' 'p_Val2_3' <Predicate = true> <Delay = 4.33> <CoreType = "Generic">   --->   Core 0 '' <Latency = 0> <II = 1> <Delay = 1.00> <Generic> <Opcode : >
ST_3 : Operation 115 [4/5] (4.33ns)   --->   "%p_7 = call fastcc i5 @"sin_lut<ap_fixed<9, 6, 5, 3, 0> >"(i9 %p_Val2_9)" [firmware/myproject.cpp:51]   --->   Operation 115 'call' 'p_7' <Predicate = true> <Delay = 4.33> <CoreType = "Generic">   --->   Core 0 '' <Latency = 0> <II = 1> <Delay = 1.00> <Generic> <Opcode : >
ST_3 : Operation 116 [4/5] (4.33ns)   --->   "%p_8 = call fastcc i5 @"sin_lut<ap_fixed<9, 6, 5, 3, 0> >"(i9 %add_ln703_3)" [firmware/myproject.cpp:51]   --->   Operation 116 'call' 'p_8' <Predicate = true> <Delay = 4.33> <CoreType = "Generic">   --->   Core 0 '' <Latency = 0> <II = 1> <Delay = 1.00> <Generic> <Opcode : >
ST_3 : Operation 117 [4/5] (4.33ns)   --->   "%p_9 = call fastcc i5 @"cos_lut<ap_fixed<9, 6, 5, 3, 0> >"(i9 %p_Val2_2)" [firmware/myproject.cpp:51]   --->   Operation 117 'call' 'p_9' <Predicate = true> <Delay = 4.33> <CoreType = "Generic">   --->   Core 0 '' <Latency = 0> <II = 1> <Delay = 1.00> <Generic> <Opcode : >
ST_3 : Operation 118 [5/5] (2.53ns)   --->   "%p_Val2_7 = call fastcc i5 @"sin_lut<ap_fixed<9, 6, 5, 3, 0> >"(i9 %trunc_ln708_4)" [firmware/myproject.cpp:52]   --->   Operation 118 'call' 'p_Val2_7' <Predicate = true> <Delay = 2.53> <CoreType = "Generic">   --->   Core 0 '' <Latency = 0> <II = 1> <Delay = 1.00> <Generic> <Opcode : >
ST_3 : Operation 119 [3/5] (4.33ns)   --->   "%p_Val2_8 = call fastcc i5 @"sin_lut<ap_fixed<9, 6, 5, 3, 0> >"(i9 %p_Val2_6)" [firmware/myproject.cpp:53]   --->   Operation 119 'call' 'p_Val2_8' <Predicate = true> <Delay = 4.33> <CoreType = "Generic">   --->   Core 0 '' <Latency = 0> <II = 1> <Delay = 1.00> <Generic> <Opcode : >
ST_3 : Operation 120 [3/5] (4.33ns)   --->   "%p_2 = call fastcc i5 @"cos_lut<ap_fixed<9, 6, 5, 3, 0> >"(i9 %trunc_ln708_5)" [firmware/myproject.cpp:53]   --->   Operation 120 'call' 'p_2' <Predicate = true> <Delay = 4.33> <CoreType = "Generic">   --->   Core 0 '' <Latency = 0> <II = 1> <Delay = 1.00> <Generic> <Opcode : >
ST_3 : Operation 121 [5/5] (2.53ns)   --->   "%p_4 = call fastcc i5 @"cos_lut<ap_fixed<9, 6, 5, 3, 0> >"(i9 %trunc_ln708_6)" [firmware/myproject.cpp:53]   --->   Operation 121 'call' 'p_4' <Predicate = true> <Delay = 2.53> <CoreType = "Generic">   --->   Core 0 '' <Latency = 0> <II = 1> <Delay = 1.00> <Generic> <Opcode : >
ST_3 : Operation 122 [4/5] (4.33ns)   --->   "%p_5 = call fastcc i5 @"sin_lut<ap_fixed<9, 6, 5, 3, 0> >"(i9 %trunc_ln708_8)" [firmware/myproject.cpp:54]   --->   Operation 122 'call' 'p_5' <Predicate = true> <Delay = 4.33> <CoreType = "Generic">   --->   Core 0 '' <Latency = 0> <II = 1> <Delay = 1.00> <Generic> <Opcode : >
ST_3 : Operation 123 [5/5] (2.53ns)   --->   "%p_6 = call fastcc i5 @"cos_lut<ap_fixed<9, 6, 5, 3, 0> >"(i9 %trunc_ln708_9)" [firmware/myproject.cpp:54]   --->   Operation 123 'call' 'p_6' <Predicate = true> <Delay = 2.53> <CoreType = "Generic">   --->   Core 0 '' <Latency = 0> <II = 1> <Delay = 1.00> <Generic> <Opcode : >
ST_3 : Operation 124 [4/5] (4.33ns)   --->   "%p_10 = call fastcc i5 @"cos_lut<ap_fixed<9, 6, 5, 3, 0> >"(i9 %trunc_ln708_s)" [firmware/myproject.cpp:54]   --->   Operation 124 'call' 'p_10' <Predicate = true> <Delay = 4.33> <CoreType = "Generic">   --->   Core 0 '' <Latency = 0> <II = 1> <Delay = 1.00> <Generic> <Opcode : >

State 4 <SV = 3> <Delay = 4.33>
ST_4 : Operation 125 [3/5] (4.33ns)   --->   "%p_0 = call fastcc i5 @"sin_lut<ap_fixed<9, 6, 5, 3, 0> >"(i9 %p_Val2_2)" [firmware/myproject.cpp:50]   --->   Operation 125 'call' 'p_0' <Predicate = true> <Delay = 4.33> <CoreType = "Generic">   --->   Core 0 '' <Latency = 0> <II = 1> <Delay = 1.00> <Generic> <Opcode : >
ST_4 : Operation 126 [3/5] (4.33ns)   --->   "%p_0109 = call fastcc i5 @"cos_lut<ap_fixed<9, 6, 5, 3, 0> >"(i9 %add_ln703)" [firmware/myproject.cpp:50]   --->   Operation 126 'call' 'p_0109' <Predicate = true> <Delay = 4.33> <CoreType = "Generic">   --->   Core 0 '' <Latency = 0> <II = 1> <Delay = 1.00> <Generic> <Opcode : >
ST_4 : Operation 127 [3/5] (4.33ns)   --->   "%p_s = call fastcc i5 @"sin_lut<ap_fixed<9, 6, 5, 3, 0> >"(i9 %trunc_ln)" [firmware/myproject.cpp:50]   --->   Operation 127 'call' 'p_s' <Predicate = true> <Delay = 4.33> <CoreType = "Generic">   --->   Core 0 '' <Latency = 0> <II = 1> <Delay = 1.00> <Generic> <Opcode : >
ST_4 : Operation 128 [3/5] (4.33ns)   --->   "%p_1 = call fastcc i5 @"sin_lut<ap_fixed<9, 6, 5, 3, 0> >"(i9 %add_ln703_1)" [firmware/myproject.cpp:50]   --->   Operation 128 'call' 'p_1' <Predicate = true> <Delay = 4.33> <CoreType = "Generic">   --->   Core 0 '' <Latency = 0> <II = 1> <Delay = 1.00> <Generic> <Opcode : >
ST_4 : Operation 129 [2/5] (4.33ns)   --->   "%p_Val2_s_26 = call fastcc i5 @"cos_lut<ap_fixed<9, 6, 5, 3, 0> >"(i9 %trunc_ln51)" [firmware/myproject.cpp:51]   --->   Operation 129 'call' 'p_Val2_s_26' <Predicate = true> <Delay = 4.33> <CoreType = "Generic">   --->   Core 0 '' <Latency = 0> <II = 1> <Delay = 1.00> <Generic> <Opcode : >
ST_4 : Operation 130 [2/5] (4.33ns)   --->   "%p_3 = call fastcc i5 @"cos_lut<ap_fixed<9, 6, 5, 3, 0> >"(i9 %sub_ln703_1)" [firmware/myproject.cpp:51]   --->   Operation 130 'call' 'p_3' <Predicate = true> <Delay = 4.33> <CoreType = "Generic">   --->   Core 0 '' <Latency = 0> <II = 1> <Delay = 1.00> <Generic> <Opcode : >
ST_4 : Operation 131 [2/5] (4.33ns)   --->   "%p_Val2_4 = call fastcc i5 @"sin_lut<ap_fixed<9, 6, 5, 3, 0> >"(i9 %add_ln703_2)" [firmware/myproject.cpp:51]   --->   Operation 131 'call' 'p_Val2_4' <Predicate = true> <Delay = 4.33> <CoreType = "Generic">   --->   Core 0 '' <Latency = 0> <II = 1> <Delay = 1.00> <Generic> <Opcode : >
ST_4 : Operation 132 [3/5] (4.33ns)   --->   "%p_Val2_5 = call fastcc i5 @"sin_lut<ap_fixed<9, 6, 5, 3, 0> >"(i9 %trunc_ln708_2)" [firmware/myproject.cpp:51]   --->   Operation 132 'call' 'p_Val2_5' <Predicate = true> <Delay = 4.33> <CoreType = "Generic">   --->   Core 0 '' <Latency = 0> <II = 1> <Delay = 1.00> <Generic> <Opcode : >
ST_4 : Operation 133 [3/5] (4.33ns)   --->   "%p_Val2_3 = call fastcc i5 @"cos_lut<ap_fixed<9, 6, 5, 3, 0> >"(i9 %p_Val2_6)" [firmware/myproject.cpp:51]   --->   Operation 133 'call' 'p_Val2_3' <Predicate = true> <Delay = 4.33> <CoreType = "Generic">   --->   Core 0 '' <Latency = 0> <II = 1> <Delay = 1.00> <Generic> <Opcode : >
ST_4 : Operation 134 [3/5] (4.33ns)   --->   "%p_7 = call fastcc i5 @"sin_lut<ap_fixed<9, 6, 5, 3, 0> >"(i9 %p_Val2_9)" [firmware/myproject.cpp:51]   --->   Operation 134 'call' 'p_7' <Predicate = true> <Delay = 4.33> <CoreType = "Generic">   --->   Core 0 '' <Latency = 0> <II = 1> <Delay = 1.00> <Generic> <Opcode : >
ST_4 : Operation 135 [3/5] (4.33ns)   --->   "%p_8 = call fastcc i5 @"sin_lut<ap_fixed<9, 6, 5, 3, 0> >"(i9 %add_ln703_3)" [firmware/myproject.cpp:51]   --->   Operation 135 'call' 'p_8' <Predicate = true> <Delay = 4.33> <CoreType = "Generic">   --->   Core 0 '' <Latency = 0> <II = 1> <Delay = 1.00> <Generic> <Opcode : >
ST_4 : Operation 136 [3/5] (4.33ns)   --->   "%p_9 = call fastcc i5 @"cos_lut<ap_fixed<9, 6, 5, 3, 0> >"(i9 %p_Val2_2)" [firmware/myproject.cpp:51]   --->   Operation 136 'call' 'p_9' <Predicate = true> <Delay = 4.33> <CoreType = "Generic">   --->   Core 0 '' <Latency = 0> <II = 1> <Delay = 1.00> <Generic> <Opcode : >
ST_4 : Operation 137 [4/5] (4.33ns)   --->   "%p_Val2_7 = call fastcc i5 @"sin_lut<ap_fixed<9, 6, 5, 3, 0> >"(i9 %trunc_ln708_4)" [firmware/myproject.cpp:52]   --->   Operation 137 'call' 'p_Val2_7' <Predicate = true> <Delay = 4.33> <CoreType = "Generic">   --->   Core 0 '' <Latency = 0> <II = 1> <Delay = 1.00> <Generic> <Opcode : >
ST_4 : Operation 138 [2/5] (4.33ns)   --->   "%p_Val2_8 = call fastcc i5 @"sin_lut<ap_fixed<9, 6, 5, 3, 0> >"(i9 %p_Val2_6)" [firmware/myproject.cpp:53]   --->   Operation 138 'call' 'p_Val2_8' <Predicate = true> <Delay = 4.33> <CoreType = "Generic">   --->   Core 0 '' <Latency = 0> <II = 1> <Delay = 1.00> <Generic> <Opcode : >
ST_4 : Operation 139 [2/5] (4.33ns)   --->   "%p_2 = call fastcc i5 @"cos_lut<ap_fixed<9, 6, 5, 3, 0> >"(i9 %trunc_ln708_5)" [firmware/myproject.cpp:53]   --->   Operation 139 'call' 'p_2' <Predicate = true> <Delay = 4.33> <CoreType = "Generic">   --->   Core 0 '' <Latency = 0> <II = 1> <Delay = 1.00> <Generic> <Opcode : >
ST_4 : Operation 140 [4/5] (4.33ns)   --->   "%p_4 = call fastcc i5 @"cos_lut<ap_fixed<9, 6, 5, 3, 0> >"(i9 %trunc_ln708_6)" [firmware/myproject.cpp:53]   --->   Operation 140 'call' 'p_4' <Predicate = true> <Delay = 4.33> <CoreType = "Generic">   --->   Core 0 '' <Latency = 0> <II = 1> <Delay = 1.00> <Generic> <Opcode : >
ST_4 : Operation 141 [3/5] (4.33ns)   --->   "%p_5 = call fastcc i5 @"sin_lut<ap_fixed<9, 6, 5, 3, 0> >"(i9 %trunc_ln708_8)" [firmware/myproject.cpp:54]   --->   Operation 141 'call' 'p_5' <Predicate = true> <Delay = 4.33> <CoreType = "Generic">   --->   Core 0 '' <Latency = 0> <II = 1> <Delay = 1.00> <Generic> <Opcode : >
ST_4 : Operation 142 [4/5] (4.33ns)   --->   "%p_6 = call fastcc i5 @"cos_lut<ap_fixed<9, 6, 5, 3, 0> >"(i9 %trunc_ln708_9)" [firmware/myproject.cpp:54]   --->   Operation 142 'call' 'p_6' <Predicate = true> <Delay = 4.33> <CoreType = "Generic">   --->   Core 0 '' <Latency = 0> <II = 1> <Delay = 1.00> <Generic> <Opcode : >
ST_4 : Operation 143 [3/5] (4.33ns)   --->   "%p_10 = call fastcc i5 @"cos_lut<ap_fixed<9, 6, 5, 3, 0> >"(i9 %trunc_ln708_s)" [firmware/myproject.cpp:54]   --->   Operation 143 'call' 'p_10' <Predicate = true> <Delay = 4.33> <CoreType = "Generic">   --->   Core 0 '' <Latency = 0> <II = 1> <Delay = 1.00> <Generic> <Opcode : >

State 5 <SV = 4> <Delay = 4.33>
ST_5 : Operation 144 [2/5] (4.33ns)   --->   "%p_0 = call fastcc i5 @"sin_lut<ap_fixed<9, 6, 5, 3, 0> >"(i9 %p_Val2_2)" [firmware/myproject.cpp:50]   --->   Operation 144 'call' 'p_0' <Predicate = true> <Delay = 4.33> <CoreType = "Generic">   --->   Core 0 '' <Latency = 0> <II = 1> <Delay = 1.00> <Generic> <Opcode : >
ST_5 : Operation 145 [2/5] (4.33ns)   --->   "%p_0109 = call fastcc i5 @"cos_lut<ap_fixed<9, 6, 5, 3, 0> >"(i9 %add_ln703)" [firmware/myproject.cpp:50]   --->   Operation 145 'call' 'p_0109' <Predicate = true> <Delay = 4.33> <CoreType = "Generic">   --->   Core 0 '' <Latency = 0> <II = 1> <Delay = 1.00> <Generic> <Opcode : >
ST_5 : Operation 146 [2/5] (4.33ns)   --->   "%p_s = call fastcc i5 @"sin_lut<ap_fixed<9, 6, 5, 3, 0> >"(i9 %trunc_ln)" [firmware/myproject.cpp:50]   --->   Operation 146 'call' 'p_s' <Predicate = true> <Delay = 4.33> <CoreType = "Generic">   --->   Core 0 '' <Latency = 0> <II = 1> <Delay = 1.00> <Generic> <Opcode : >
ST_5 : Operation 147 [2/5] (4.33ns)   --->   "%p_1 = call fastcc i5 @"sin_lut<ap_fixed<9, 6, 5, 3, 0> >"(i9 %add_ln703_1)" [firmware/myproject.cpp:50]   --->   Operation 147 'call' 'p_1' <Predicate = true> <Delay = 4.33> <CoreType = "Generic">   --->   Core 0 '' <Latency = 0> <II = 1> <Delay = 1.00> <Generic> <Opcode : >
ST_5 : Operation 148 [1/1] (0.00ns)   --->   "%r_V = sext i9 %p_Val2_s to i10" [firmware/myproject.cpp:51]   --->   Operation 148 'sext' 'r_V' <Predicate = true> <Delay = 0.00>
ST_5 : Operation 149 [1/1] (0.71ns)   --->   "%r_V_21 = sub i10 0, %r_V" [firmware/myproject.cpp:51]   --->   Operation 149 'sub' 'r_V_21' <Predicate = true> <Delay = 0.71> <Core = "AddSub">   --->   Core 14 'AddSub' <Latency = 0> <II = 1> <Delay = 0.86> <FuncUnit> <Opcode : 'add' 'sub'> <InPorts = 2> <OutPorts = 1>
ST_5 : Operation 150 [1/5] (2.72ns)   --->   "%p_Val2_s_26 = call fastcc i5 @"cos_lut<ap_fixed<9, 6, 5, 3, 0> >"(i9 %trunc_ln51)" [firmware/myproject.cpp:51]   --->   Operation 150 'call' 'p_Val2_s_26' <Predicate = true> <Delay = 2.72> <CoreType = "Generic">   --->   Core 0 '' <Latency = 0> <II = 1> <Delay = 1.00> <Generic> <Opcode : >
ST_5 : Operation 151 [1/1] (0.00ns)   --->   "%sext_ln703_4 = sext i5 %p_Val2_s_26 to i10" [firmware/myproject.cpp:51]   --->   Operation 151 'sext' 'sext_ln703_4' <Predicate = true> <Delay = 0.00>
ST_5 : Operation 152 [1/1] (0.00ns) (grouped into TernaryAdder)   --->   "%ret_V_24 = sub i10 %r_V_21, %sext_ln703_4" [firmware/myproject.cpp:51]   --->   Operation 152 'sub' 'ret_V_24' <Predicate = true> <Delay = 0.00> <Core = "TAddSub">   --->   Core 83 'TAddSub' <Latency = 0> <II = 1> <Delay = 0.37> <IPBlock> <Opcode : 'add' 'sub'> <InPorts = 3> <OutPorts = 1> <Sync> <CReg>
ST_5 : Operation 153 [1/1] (0.79ns) (root node of TernaryAdder)   --->   "%ret_V = add i10 25, %ret_V_24" [firmware/myproject.cpp:51]   --->   Operation 153 'add' 'ret_V' <Predicate = true> <Delay = 0.79> <Core = "TAddSub">   --->   Core 83 'TAddSub' <Latency = 0> <II = 1> <Delay = 0.37> <IPBlock> <Opcode : 'add' 'sub'> <InPorts = 3> <OutPorts = 1> <Sync> <CReg>
ST_5 : Operation 154 [1/5] (2.72ns)   --->   "%p_3 = call fastcc i5 @"cos_lut<ap_fixed<9, 6, 5, 3, 0> >"(i9 %sub_ln703_1)" [firmware/myproject.cpp:51]   --->   Operation 154 'call' 'p_3' <Predicate = true> <Delay = 2.72> <CoreType = "Generic">   --->   Core 0 '' <Latency = 0> <II = 1> <Delay = 1.00> <Generic> <Opcode : >
ST_5 : Operation 155 [1/5] (2.72ns)   --->   "%p_Val2_4 = call fastcc i5 @"sin_lut<ap_fixed<9, 6, 5, 3, 0> >"(i9 %add_ln703_2)" [firmware/myproject.cpp:51]   --->   Operation 155 'call' 'p_Val2_4' <Predicate = true> <Delay = 2.72> <CoreType = "Generic">   --->   Core 0 '' <Latency = 0> <II = 1> <Delay = 1.00> <Generic> <Opcode : >
ST_5 : Operation 156 [2/5] (4.33ns)   --->   "%p_Val2_5 = call fastcc i5 @"sin_lut<ap_fixed<9, 6, 5, 3, 0> >"(i9 %trunc_ln708_2)" [firmware/myproject.cpp:51]   --->   Operation 156 'call' 'p_Val2_5' <Predicate = true> <Delay = 4.33> <CoreType = "Generic">   --->   Core 0 '' <Latency = 0> <II = 1> <Delay = 1.00> <Generic> <Opcode : >
ST_5 : Operation 157 [2/5] (4.33ns)   --->   "%p_Val2_3 = call fastcc i5 @"cos_lut<ap_fixed<9, 6, 5, 3, 0> >"(i9 %p_Val2_6)" [firmware/myproject.cpp:51]   --->   Operation 157 'call' 'p_Val2_3' <Predicate = true> <Delay = 4.33> <CoreType = "Generic">   --->   Core 0 '' <Latency = 0> <II = 1> <Delay = 1.00> <Generic> <Opcode : >
ST_5 : Operation 158 [2/5] (4.33ns)   --->   "%p_7 = call fastcc i5 @"sin_lut<ap_fixed<9, 6, 5, 3, 0> >"(i9 %p_Val2_9)" [firmware/myproject.cpp:51]   --->   Operation 158 'call' 'p_7' <Predicate = true> <Delay = 4.33> <CoreType = "Generic">   --->   Core 0 '' <Latency = 0> <II = 1> <Delay = 1.00> <Generic> <Opcode : >
ST_5 : Operation 159 [2/5] (4.33ns)   --->   "%p_8 = call fastcc i5 @"sin_lut<ap_fixed<9, 6, 5, 3, 0> >"(i9 %add_ln703_3)" [firmware/myproject.cpp:51]   --->   Operation 159 'call' 'p_8' <Predicate = true> <Delay = 4.33> <CoreType = "Generic">   --->   Core 0 '' <Latency = 0> <II = 1> <Delay = 1.00> <Generic> <Opcode : >
ST_5 : Operation 160 [2/5] (4.33ns)   --->   "%p_9 = call fastcc i5 @"cos_lut<ap_fixed<9, 6, 5, 3, 0> >"(i9 %p_Val2_2)" [firmware/myproject.cpp:51]   --->   Operation 160 'call' 'p_9' <Predicate = true> <Delay = 4.33> <CoreType = "Generic">   --->   Core 0 '' <Latency = 0> <II = 1> <Delay = 1.00> <Generic> <Opcode : >
ST_5 : Operation 161 [3/5] (4.33ns)   --->   "%p_Val2_7 = call fastcc i5 @"sin_lut<ap_fixed<9, 6, 5, 3, 0> >"(i9 %trunc_ln708_4)" [firmware/myproject.cpp:52]   --->   Operation 161 'call' 'p_Val2_7' <Predicate = true> <Delay = 4.33> <CoreType = "Generic">   --->   Core 0 '' <Latency = 0> <II = 1> <Delay = 1.00> <Generic> <Opcode : >
ST_5 : Operation 162 [1/5] (2.72ns)   --->   "%p_Val2_8 = call fastcc i5 @"sin_lut<ap_fixed<9, 6, 5, 3, 0> >"(i9 %p_Val2_6)" [firmware/myproject.cpp:53]   --->   Operation 162 'call' 'p_Val2_8' <Predicate = true> <Delay = 2.72> <CoreType = "Generic">   --->   Core 0 '' <Latency = 0> <II = 1> <Delay = 1.00> <Generic> <Opcode : >
ST_5 : Operation 163 [1/5] (2.72ns)   --->   "%p_2 = call fastcc i5 @"cos_lut<ap_fixed<9, 6, 5, 3, 0> >"(i9 %trunc_ln708_5)" [firmware/myproject.cpp:53]   --->   Operation 163 'call' 'p_2' <Predicate = true> <Delay = 2.72> <CoreType = "Generic">   --->   Core 0 '' <Latency = 0> <II = 1> <Delay = 1.00> <Generic> <Opcode : >
ST_5 : Operation 164 [3/5] (4.33ns)   --->   "%p_4 = call fastcc i5 @"cos_lut<ap_fixed<9, 6, 5, 3, 0> >"(i9 %trunc_ln708_6)" [firmware/myproject.cpp:53]   --->   Operation 164 'call' 'p_4' <Predicate = true> <Delay = 4.33> <CoreType = "Generic">   --->   Core 0 '' <Latency = 0> <II = 1> <Delay = 1.00> <Generic> <Opcode : >
ST_5 : Operation 165 [2/5] (4.33ns)   --->   "%p_5 = call fastcc i5 @"sin_lut<ap_fixed<9, 6, 5, 3, 0> >"(i9 %trunc_ln708_8)" [firmware/myproject.cpp:54]   --->   Operation 165 'call' 'p_5' <Predicate = true> <Delay = 4.33> <CoreType = "Generic">   --->   Core 0 '' <Latency = 0> <II = 1> <Delay = 1.00> <Generic> <Opcode : >
ST_5 : Operation 166 [3/5] (4.33ns)   --->   "%p_6 = call fastcc i5 @"cos_lut<ap_fixed<9, 6, 5, 3, 0> >"(i9 %trunc_ln708_9)" [firmware/myproject.cpp:54]   --->   Operation 166 'call' 'p_6' <Predicate = true> <Delay = 4.33> <CoreType = "Generic">   --->   Core 0 '' <Latency = 0> <II = 1> <Delay = 1.00> <Generic> <Opcode : >
ST_5 : Operation 167 [2/5] (4.33ns)   --->   "%p_10 = call fastcc i5 @"cos_lut<ap_fixed<9, 6, 5, 3, 0> >"(i9 %trunc_ln708_s)" [firmware/myproject.cpp:54]   --->   Operation 167 'call' 'p_10' <Predicate = true> <Delay = 4.33> <CoreType = "Generic">   --->   Core 0 '' <Latency = 0> <II = 1> <Delay = 1.00> <Generic> <Opcode : >

State 6 <SV = 5> <Delay = 4.33>
ST_6 : Operation 168 [1/5] (2.72ns)   --->   "%p_0 = call fastcc i5 @"sin_lut<ap_fixed<9, 6, 5, 3, 0> >"(i9 %p_Val2_2)" [firmware/myproject.cpp:50]   --->   Operation 168 'call' 'p_0' <Predicate = true> <Delay = 2.72> <CoreType = "Generic">   --->   Core 0 '' <Latency = 0> <II = 1> <Delay = 1.00> <Generic> <Opcode : >
ST_6 : Operation 169 [1/5] (2.72ns)   --->   "%p_0109 = call fastcc i5 @"cos_lut<ap_fixed<9, 6, 5, 3, 0> >"(i9 %add_ln703)" [firmware/myproject.cpp:50]   --->   Operation 169 'call' 'p_0109' <Predicate = true> <Delay = 2.72> <CoreType = "Generic">   --->   Core 0 '' <Latency = 0> <II = 1> <Delay = 1.00> <Generic> <Opcode : >
ST_6 : Operation 170 [1/5] (2.72ns)   --->   "%p_s = call fastcc i5 @"sin_lut<ap_fixed<9, 6, 5, 3, 0> >"(i9 %trunc_ln)" [firmware/myproject.cpp:50]   --->   Operation 170 'call' 'p_s' <Predicate = true> <Delay = 2.72> <CoreType = "Generic">   --->   Core 0 '' <Latency = 0> <II = 1> <Delay = 1.00> <Generic> <Opcode : >
ST_6 : Operation 171 [1/1] (0.00ns)   --->   "%tmp_3 = call i11 @_ssdm_op_BitConcatenate.i11.i5.i6(i5 %p_s, i6 0)" [firmware/myproject.cpp:50]   --->   Operation 171 'bitconcatenate' 'tmp_3' <Predicate = true> <Delay = 0.00>
ST_6 : Operation 172 [1/1] (0.00ns)   --->   "%sext_ln700 = sext i11 %tmp_3 to i12" [firmware/myproject.cpp:50]   --->   Operation 172 'sext' 'sext_ln700' <Predicate = true> <Delay = 0.00>
ST_6 : Operation 173 [1/1] (0.00ns) (grouped into TernaryAdder)   --->   "%sub_ln700 = sub i12 0, %sext_ln700" [firmware/myproject.cpp:50]   --->   Operation 173 'sub' 'sub_ln700' <Predicate = true> <Delay = 0.00> <Core = "TAddSub">   --->   Core 83 'TAddSub' <Latency = 0> <II = 1> <Delay = 0.37> <IPBlock> <Opcode : 'add' 'sub'> <InPorts = 3> <OutPorts = 1> <Sync> <CReg>
ST_6 : Operation 174 [1/1] (0.00ns)   --->   "%tmp_4 = call i9 @_ssdm_op_BitConcatenate.i9.i5.i4(i5 %p_s, i4 0)" [firmware/myproject.cpp:50]   --->   Operation 174 'bitconcatenate' 'tmp_4' <Predicate = true> <Delay = 0.00>
ST_6 : Operation 175 [1/1] (0.00ns)   --->   "%sext_ln700_1 = sext i9 %tmp_4 to i12" [firmware/myproject.cpp:50]   --->   Operation 175 'sext' 'sext_ln700_1' <Predicate = true> <Delay = 0.00>
ST_6 : Operation 176 [1/1] (0.75ns) (root node of TernaryAdder)   --->   "%sub_ln700_1 = sub i12 %sub_ln700, %sext_ln700_1" [firmware/myproject.cpp:50]   --->   Operation 176 'sub' 'sub_ln700_1' <Predicate = true> <Delay = 0.75> <Core = "TAddSub">   --->   Core 83 'TAddSub' <Latency = 0> <II = 1> <Delay = 0.37> <IPBlock> <Opcode : 'add' 'sub'> <InPorts = 3> <OutPorts = 1> <Sync> <CReg>
ST_6 : Operation 177 [1/1] (0.00ns)   --->   "%sext_ln700_5 = sext i12 %sub_ln700_1 to i14" [firmware/myproject.cpp:50]   --->   Operation 177 'sext' 'sext_ln700_5' <Predicate = true> <Delay = 0.00>
ST_6 : Operation 178 [1/1] (0.00ns)   --->   "%lhs_V = call i13 @_ssdm_op_BitConcatenate.i13.i10.i3(i10 %ret_V_21, i3 0)" [firmware/myproject.cpp:50]   --->   Operation 178 'bitconcatenate' 'lhs_V' <Predicate = true> <Delay = 0.00>
ST_6 : Operation 179 [1/1] (0.00ns)   --->   "%sext_ln728 = sext i13 %lhs_V to i14" [firmware/myproject.cpp:50]   --->   Operation 179 'sext' 'sext_ln728' <Predicate = true> <Delay = 0.00>
ST_6 : Operation 180 [1/1] (0.75ns)   --->   "%add_ln700 = add i14 %sext_ln700_5, %sext_ln728" [firmware/myproject.cpp:50]   --->   Operation 180 'add' 'add_ln700' <Predicate = true> <Delay = 0.75> <Core = "AddSub">   --->   Core 14 'AddSub' <Latency = 0> <II = 1> <Delay = 0.86> <FuncUnit> <Opcode : 'add' 'sub'> <InPorts = 2> <OutPorts = 1>
ST_6 : Operation 181 [1/5] (2.72ns)   --->   "%p_1 = call fastcc i5 @"sin_lut<ap_fixed<9, 6, 5, 3, 0> >"(i9 %add_ln703_1)" [firmware/myproject.cpp:50]   --->   Operation 181 'call' 'p_1' <Predicate = true> <Delay = 2.72> <CoreType = "Generic">   --->   Core 0 '' <Latency = 0> <II = 1> <Delay = 1.00> <Generic> <Opcode : >
ST_6 : Operation 182 [1/1] (0.00ns)   --->   "%sext_ln728_2 = sext i10 %ret_V to i14" [firmware/myproject.cpp:51]   --->   Operation 182 'sext' 'sext_ln728_2' <Predicate = true> <Delay = 0.00>
ST_6 : Operation 183 [1/1] (0.00ns)   --->   "%sext_ln728_3 = sext i5 %p_3 to i14" [firmware/myproject.cpp:51]   --->   Operation 183 'sext' 'sext_ln728_3' <Predicate = true> <Delay = 0.00>
ST_6 : Operation 184 [1/1] (0.49ns) (grouped into DSP with root node ret_V_5)   --->   "%mul_ln728 = mul i14 %sext_ln728_3, %sext_ln728_2" [firmware/myproject.cpp:51]   --->   Operation 184 'mul' 'mul_ln728' <Predicate = true> <Delay = 0.49> <Core = "DSP48">   --->   Core 88 'DSP48' <Latency = 0> <II = 1> <Delay = 2.53> <IPBlock> <Opcode : 'mul' 'add' 'sub' 'select'> <InPorts = 2> <OutPorts = 1> <Sync> <CReg>
ST_6 : Operation 185 [1/1] (0.00ns)   --->   "%tmp_6 = call i8 @_ssdm_op_BitConcatenate.i8.i5.i3(i5 %p_Val2_4, i3 0)" [firmware/myproject.cpp:51]   --->   Operation 185 'bitconcatenate' 'tmp_6' <Predicate = true> <Delay = 0.00>
ST_6 : Operation 186 [1/1] (0.00ns)   --->   "%sext_ln1193 = sext i8 %tmp_6 to i14" [firmware/myproject.cpp:51]   --->   Operation 186 'sext' 'sext_ln1193' <Predicate = true> <Delay = 0.00>
ST_6 : Operation 187 [1/1] (2.03ns) (root node of the DSP)   --->   "%ret_V_5 = sub i14 %mul_ln728, %sext_ln1193" [firmware/myproject.cpp:51]   --->   Operation 187 'sub' 'ret_V_5' <Predicate = true> <Delay = 2.03> <Core = "DSP48">   --->   Core 88 'DSP48' <Latency = 0> <II = 1> <Delay = 2.53> <IPBlock> <Opcode : 'mul' 'add' 'sub' 'select'> <InPorts = 2> <OutPorts = 1> <Sync> <CReg>
ST_6 : Operation 188 [1/5] (2.72ns)   --->   "%p_Val2_5 = call fastcc i5 @"sin_lut<ap_fixed<9, 6, 5, 3, 0> >"(i9 %trunc_ln708_2)" [firmware/myproject.cpp:51]   --->   Operation 188 'call' 'p_Val2_5' <Predicate = true> <Delay = 2.72> <CoreType = "Generic">   --->   Core 0 '' <Latency = 0> <II = 1> <Delay = 1.00> <Generic> <Opcode : >
ST_6 : Operation 189 [1/5] (2.72ns)   --->   "%p_Val2_3 = call fastcc i5 @"cos_lut<ap_fixed<9, 6, 5, 3, 0> >"(i9 %p_Val2_6)" [firmware/myproject.cpp:51]   --->   Operation 189 'call' 'p_Val2_3' <Predicate = true> <Delay = 2.72> <CoreType = "Generic">   --->   Core 0 '' <Latency = 0> <II = 1> <Delay = 1.00> <Generic> <Opcode : >
ST_6 : Operation 190 [1/5] (2.72ns)   --->   "%p_7 = call fastcc i5 @"sin_lut<ap_fixed<9, 6, 5, 3, 0> >"(i9 %p_Val2_9)" [firmware/myproject.cpp:51]   --->   Operation 190 'call' 'p_7' <Predicate = true> <Delay = 2.72> <CoreType = "Generic">   --->   Core 0 '' <Latency = 0> <II = 1> <Delay = 1.00> <Generic> <Opcode : >
ST_6 : Operation 191 [1/5] (2.72ns)   --->   "%p_8 = call fastcc i5 @"sin_lut<ap_fixed<9, 6, 5, 3, 0> >"(i9 %add_ln703_3)" [firmware/myproject.cpp:51]   --->   Operation 191 'call' 'p_8' <Predicate = true> <Delay = 2.72> <CoreType = "Generic">   --->   Core 0 '' <Latency = 0> <II = 1> <Delay = 1.00> <Generic> <Opcode : >
ST_6 : Operation 192 [1/5] (2.72ns)   --->   "%p_9 = call fastcc i5 @"cos_lut<ap_fixed<9, 6, 5, 3, 0> >"(i9 %p_Val2_2)" [firmware/myproject.cpp:51]   --->   Operation 192 'call' 'p_9' <Predicate = true> <Delay = 2.72> <CoreType = "Generic">   --->   Core 0 '' <Latency = 0> <II = 1> <Delay = 1.00> <Generic> <Opcode : >
ST_6 : Operation 193 [2/5] (4.33ns)   --->   "%p_Val2_7 = call fastcc i5 @"sin_lut<ap_fixed<9, 6, 5, 3, 0> >"(i9 %trunc_ln708_4)" [firmware/myproject.cpp:52]   --->   Operation 193 'call' 'p_Val2_7' <Predicate = true> <Delay = 4.33> <CoreType = "Generic">   --->   Core 0 '' <Latency = 0> <II = 1> <Delay = 1.00> <Generic> <Opcode : >
ST_6 : Operation 194 [1/1] (0.00ns)   --->   "%sext_ln703 = sext i5 %p_Val2_8 to i6" [firmware/myproject.cpp:53]   --->   Operation 194 'sext' 'sext_ln703' <Predicate = true> <Delay = 0.00>
ST_6 : Operation 195 [1/1] (0.70ns)   --->   "%ret_V_11 = add i6 3, %sext_ln703" [firmware/myproject.cpp:53]   --->   Operation 195 'add' 'ret_V_11' <Predicate = true> <Delay = 0.70> <Core = "AddSub">   --->   Core 14 'AddSub' <Latency = 0> <II = 1> <Delay = 0.86> <FuncUnit> <Opcode : 'add' 'sub'> <InPorts = 2> <OutPorts = 1>
ST_6 : Operation 196 [1/1] (0.00ns)   --->   "%sext_ln1116_2 = sext i6 %ret_V_11 to i12" [firmware/myproject.cpp:53]   --->   Operation 196 'sext' 'sext_ln1116_2' <Predicate = true> <Delay = 0.00>
ST_6 : Operation 197 [1/1] (1.23ns)   --->   "%r_V_8 = mul i12 %sext_ln1116_2, %sext_ln1116_2" [firmware/myproject.cpp:53]   --->   Operation 197 'mul' 'r_V_8' <Predicate = true> <Delay = 1.23> <Core = "Mul">   --->   Core 16 'Mul' <Latency = 0> <II = 1> <Delay = 3.02> <FuncUnit> <Opcode : 'mul'> <InPorts = 2> <OutPorts = 1>
ST_6 : Operation 198 [1/1] (0.00ns)   --->   "%sext_ln1118_6 = sext i12 %r_V_8 to i15" [firmware/myproject.cpp:53]   --->   Operation 198 'sext' 'sext_ln1118_6' <Predicate = true> <Delay = 0.00>
ST_6 : Operation 199 [1/1] (0.00ns)   --->   "%tmp_9 = call i14 @_ssdm_op_BitConcatenate.i14.i12.i2(i12 %r_V_8, i2 0)" [firmware/myproject.cpp:53]   --->   Operation 199 'bitconcatenate' 'tmp_9' <Predicate = true> <Delay = 0.00>
ST_6 : Operation 200 [1/1] (0.00ns)   --->   "%sext_ln1118_7 = sext i14 %tmp_9 to i15" [firmware/myproject.cpp:53]   --->   Operation 200 'sext' 'sext_ln1118_7' <Predicate = true> <Delay = 0.00>
ST_6 : Operation 201 [1/1] (0.76ns)   --->   "%r_V_25 = add i15 %sext_ln1118_6, %sext_ln1118_7" [firmware/myproject.cpp:53]   --->   Operation 201 'add' 'r_V_25' <Predicate = true> <Delay = 0.76> <Core = "AddSub">   --->   Core 14 'AddSub' <Latency = 0> <II = 1> <Delay = 0.86> <FuncUnit> <Opcode : 'add' 'sub'> <InPorts = 2> <OutPorts = 1>
ST_6 : Operation 202 [1/1] (0.00ns)   --->   "%sext_ln1118_8 = sext i15 %r_V_25 to i16" [firmware/myproject.cpp:53]   --->   Operation 202 'sext' 'sext_ln1118_8' <Predicate = true> <Delay = 0.00>
ST_6 : Operation 203 [1/1] (0.00ns)   --->   "%lhs_V_4 = call i15 @_ssdm_op_BitConcatenate.i15.i12.i3(i12 %r_V_18, i3 0)" [firmware/myproject.cpp:53]   --->   Operation 203 'bitconcatenate' 'lhs_V_4' <Predicate = true> <Delay = 0.00>
ST_6 : Operation 204 [1/1] (0.00ns)   --->   "%sext_ln728_4 = sext i15 %lhs_V_4 to i16" [firmware/myproject.cpp:53]   --->   Operation 204 'sext' 'sext_ln728_4' <Predicate = true> <Delay = 0.00>
ST_6 : Operation 205 [1/1] (0.00ns) (grouped into TernaryAdder)   --->   "%ret_V_28 = sub i16 %sext_ln728_4, %sext_ln1118_8" [firmware/myproject.cpp:53]   --->   Operation 205 'sub' 'ret_V_28' <Predicate = true> <Delay = 0.00> <Core = "TAddSub">   --->   Core 83 'TAddSub' <Latency = 0> <II = 1> <Delay = 0.37> <IPBlock> <Opcode : 'add' 'sub'> <InPorts = 3> <OutPorts = 1> <Sync> <CReg>
ST_6 : Operation 206 [1/1] (0.67ns) (root node of TernaryAdder)   --->   "%add_ln1192 = add i16 832, %ret_V_28" [firmware/myproject.cpp:53]   --->   Operation 206 'add' 'add_ln1192' <Predicate = true> <Delay = 0.67> <Core = "TAddSub">   --->   Core 83 'TAddSub' <Latency = 0> <II = 1> <Delay = 0.37> <IPBlock> <Opcode : 'add' 'sub'> <InPorts = 3> <OutPorts = 1> <Sync> <CReg>
ST_6 : Operation 207 [2/5] (4.33ns)   --->   "%p_4 = call fastcc i5 @"cos_lut<ap_fixed<9, 6, 5, 3, 0> >"(i9 %trunc_ln708_6)" [firmware/myproject.cpp:53]   --->   Operation 207 'call' 'p_4' <Predicate = true> <Delay = 4.33> <CoreType = "Generic">   --->   Core 0 '' <Latency = 0> <II = 1> <Delay = 1.00> <Generic> <Opcode : >
ST_6 : Operation 208 [1/1] (0.00ns)   --->   "%sext_ln703_7 = sext i5 %p_Val2_3 to i6" [firmware/myproject.cpp:54]   --->   Operation 208 'sext' 'sext_ln703_7' <Predicate = true> <Delay = 0.00>
ST_6 : Operation 209 [1/1] (0.70ns)   --->   "%ret_V_16 = add i6 3, %sext_ln703_7" [firmware/myproject.cpp:54]   --->   Operation 209 'add' 'ret_V_16' <Predicate = true> <Delay = 0.70> <Core = "AddSub">   --->   Core 14 'AddSub' <Latency = 0> <II = 1> <Delay = 0.86> <FuncUnit> <Opcode : 'add' 'sub'> <InPorts = 2> <OutPorts = 1>
ST_6 : Operation 210 [1/5] (2.72ns)   --->   "%p_5 = call fastcc i5 @"sin_lut<ap_fixed<9, 6, 5, 3, 0> >"(i9 %trunc_ln708_8)" [firmware/myproject.cpp:54]   --->   Operation 210 'call' 'p_5' <Predicate = true> <Delay = 2.72> <CoreType = "Generic">   --->   Core 0 '' <Latency = 0> <II = 1> <Delay = 1.00> <Generic> <Opcode : >
ST_6 : Operation 211 [2/5] (4.33ns)   --->   "%p_6 = call fastcc i5 @"cos_lut<ap_fixed<9, 6, 5, 3, 0> >"(i9 %trunc_ln708_9)" [firmware/myproject.cpp:54]   --->   Operation 211 'call' 'p_6' <Predicate = true> <Delay = 4.33> <CoreType = "Generic">   --->   Core 0 '' <Latency = 0> <II = 1> <Delay = 1.00> <Generic> <Opcode : >
ST_6 : Operation 212 [1/5] (2.72ns)   --->   "%p_10 = call fastcc i5 @"cos_lut<ap_fixed<9, 6, 5, 3, 0> >"(i9 %trunc_ln708_s)" [firmware/myproject.cpp:54]   --->   Operation 212 'call' 'p_10' <Predicate = true> <Delay = 2.72> <CoreType = "Generic">   --->   Core 0 '' <Latency = 0> <II = 1> <Delay = 1.00> <Generic> <Opcode : >

State 7 <SV = 6> <Delay = 3.76>
ST_7 : Operation 213 [1/1] (0.00ns)   --->   "%sext_ln700_6 = sext i14 %add_ln700 to i15" [firmware/myproject.cpp:50]   --->   Operation 213 'sext' 'sext_ln700_6' <Predicate = true> <Delay = 0.00>
ST_7 : Operation 214 [1/1] (0.00ns)   --->   "%sext_ln1116 = sext i5 %p_1 to i10" [firmware/myproject.cpp:50]   --->   Operation 214 'sext' 'sext_ln1116' <Predicate = true> <Delay = 0.00>
ST_7 : Operation 215 [1/1] (0.91ns)   --->   "%r_V_20 = mul i10 %sext_ln1116, %sext_ln1116" [firmware/myproject.cpp:50]   --->   Operation 215 'mul' 'r_V_20' <Predicate = true> <Delay = 0.91> <Core = "Mul">   --->   Core 16 'Mul' <Latency = 0> <II = 1> <Delay = 3.02> <FuncUnit> <Opcode : 'mul'> <InPorts = 2> <OutPorts = 1>
ST_7 : Operation 216 [1/1] (0.00ns)   --->   "%tmp_5 = call i13 @_ssdm_op_BitConcatenate.i13.i10.i3(i10 %r_V_20, i3 0)" [firmware/myproject.cpp:50]   --->   Operation 216 'bitconcatenate' 'tmp_5' <Predicate = true> <Delay = 0.00>
ST_7 : Operation 217 [1/1] (0.00ns)   --->   "%rhs_V = sext i13 %tmp_5 to i15" [firmware/myproject.cpp:50]   --->   Operation 217 'sext' 'rhs_V' <Predicate = true> <Delay = 0.00>
ST_7 : Operation 218 [1/1] (0.76ns)   --->   "%ret_V_23 = add i15 %sext_ln700_6, %rhs_V" [firmware/myproject.cpp:50]   --->   Operation 218 'add' 'ret_V_23' <Predicate = true> <Delay = 0.76> <Core = "AddSub">   --->   Core 14 'AddSub' <Latency = 0> <II = 1> <Delay = 0.86> <FuncUnit> <Opcode : 'add' 'sub'> <InPorts = 2> <OutPorts = 1>
ST_7 : Operation 219 [1/1] (0.00ns)   --->   "%trunc_ln708_1 = call i9 @_ssdm_op_PartSelect.i9.i15.i32.i32(i15 %ret_V_23, i32 6, i32 14)" [firmware/myproject.cpp:50]   --->   Operation 219 'partselect' 'trunc_ln708_1' <Predicate = true> <Delay = 0.00>
ST_7 : Operation 220 [1/1] (0.00ns)   --->   "%sext_ln1253 = sext i5 %p_Val2_5 to i6" [firmware/myproject.cpp:51]   --->   Operation 220 'sext' 'sext_ln1253' <Predicate = true> <Delay = 0.00>
ST_7 : Operation 221 [1/1] (0.70ns)   --->   "%r_V_23 = sub i6 0, %sext_ln1253" [firmware/myproject.cpp:51]   --->   Operation 221 'sub' 'r_V_23' <Predicate = true> <Delay = 0.70> <Core = "AddSub">   --->   Core 14 'AddSub' <Latency = 0> <II = 1> <Delay = 0.86> <FuncUnit> <Opcode : 'add' 'sub'> <InPorts = 2> <OutPorts = 1>
ST_7 : Operation 222 [1/1] (0.00ns)   --->   "%sext_ln1116_1 = sext i5 %p_Val2_3 to i10" [firmware/myproject.cpp:51]   --->   Operation 222 'sext' 'sext_ln1116_1' <Predicate = true> <Delay = 0.00>
ST_7 : Operation 223 [1/1] (0.91ns)   --->   "%r_V_24 = mul i10 %sext_ln1116_1, %sext_ln1116_1" [firmware/myproject.cpp:51]   --->   Operation 223 'mul' 'r_V_24' <Predicate = true> <Delay = 0.91> <Core = "Mul">   --->   Core 16 'Mul' <Latency = 0> <II = 1> <Delay = 3.02> <FuncUnit> <Opcode : 'mul'> <InPorts = 2> <OutPorts = 1>
ST_7 : Operation 224 [1/1] (0.00ns)   --->   "%sext_ln1118_4 = sext i10 %r_V_24 to i11" [firmware/myproject.cpp:51]   --->   Operation 224 'sext' 'sext_ln1118_4' <Predicate = true> <Delay = 0.00>
ST_7 : Operation 225 [1/1] (0.00ns)   --->   "%tmp = call i9 @_ssdm_op_BitConcatenate.i9.i6.i3(i6 %r_V_23, i3 0)" [firmware/myproject.cpp:51]   --->   Operation 225 'bitconcatenate' 'tmp' <Predicate = true> <Delay = 0.00>
ST_7 : Operation 226 [1/1] (0.00ns)   --->   "%sext_ln700_7 = sext i9 %tmp to i11" [firmware/myproject.cpp:51]   --->   Operation 226 'sext' 'sext_ln700_7' <Predicate = true> <Delay = 0.00>
ST_7 : Operation 227 [1/1] (0.00ns) (grouped into DSP with root node mul_ln1192)   --->   "%ret_V_6 = add i11 %sext_ln1118_4, %sext_ln700_7" [firmware/myproject.cpp:51]   --->   Operation 227 'add' 'ret_V_6' <Predicate = true> <Delay = 0.00> <Core = "DSP48">   --->   Core 88 'DSP48' <Latency = 0> <II = 1> <Delay = 2.53> <IPBlock> <Opcode : 'mul' 'add' 'sub' 'select'> <InPorts = 2> <OutPorts = 1> <Sync> <CReg>
ST_7 : Operation 228 [1/1] (0.00ns)   --->   "%sext_ln1192 = sext i14 %ret_V_5 to i25" [firmware/myproject.cpp:51]   --->   Operation 228 'sext' 'sext_ln1192' <Predicate = true> <Delay = 0.00>
ST_7 : Operation 229 [1/1] (0.00ns) (grouped into DSP with root node mul_ln1192)   --->   "%sext_ln1192_1 = sext i11 %ret_V_6 to i25" [firmware/myproject.cpp:51]   --->   Operation 229 'sext' 'sext_ln1192_1' <Predicate = true> <Delay = 0.00>
ST_7 : Operation 230 [1/1] (2.53ns) (root node of the DSP)   --->   "%mul_ln1192 = mul i25 %sext_ln1192_1, %sext_ln1192" [firmware/myproject.cpp:51]   --->   Operation 230 'mul' 'mul_ln1192' <Predicate = true> <Delay = 2.53> <Core = "DSP48">   --->   Core 88 'DSP48' <Latency = 0> <II = 1> <Delay = 2.53> <IPBlock> <Opcode : 'mul' 'add' 'sub' 'select'> <InPorts = 2> <OutPorts = 1> <Sync> <CReg>
ST_7 : Operation 231 [1/5] (2.72ns)   --->   "%p_Val2_7 = call fastcc i5 @"sin_lut<ap_fixed<9, 6, 5, 3, 0> >"(i9 %trunc_ln708_4)" [firmware/myproject.cpp:52]   --->   Operation 231 'call' 'p_Val2_7' <Predicate = true> <Delay = 2.72> <CoreType = "Generic">   --->   Core 0 '' <Latency = 0> <II = 1> <Delay = 1.00> <Generic> <Opcode : >
ST_7 : Operation 232 [1/1] (0.00ns)   --->   "%sext_ln1192_6 = sext i16 %add_ln1192 to i27" [firmware/myproject.cpp:53]   --->   Operation 232 'sext' 'sext_ln1192_6' <Predicate = true> <Delay = 0.00>
ST_7 : Operation 233 [1/1] (0.00ns)   --->   "%sext_ln1192_15 = sext i10 %r_V_24 to i27" [firmware/myproject.cpp:53]   --->   Operation 233 'sext' 'sext_ln1192_15' <Predicate = true> <Delay = 0.00>
ST_7 : Operation 234 [1/1] (2.53ns) (root node of the DSP)   --->   "%mul_ln1192_4 = mul i27 %sext_ln1192_15, %sext_ln1192_6" [firmware/myproject.cpp:53]   --->   Operation 234 'mul' 'mul_ln1192_4' <Predicate = true> <Delay = 2.53> <Core = "DSP48">   --->   Core 88 'DSP48' <Latency = 0> <II = 1> <Delay = 2.53> <IPBlock> <Opcode : 'mul' 'add' 'sub' 'select'> <InPorts = 2> <OutPorts = 1> <Sync> <CReg>
ST_7 : Operation 235 [1/5] (2.72ns)   --->   "%p_4 = call fastcc i5 @"cos_lut<ap_fixed<9, 6, 5, 3, 0> >"(i9 %trunc_ln708_6)" [firmware/myproject.cpp:53]   --->   Operation 235 'call' 'p_4' <Predicate = true> <Delay = 2.72> <CoreType = "Generic">   --->   Core 0 '' <Latency = 0> <II = 1> <Delay = 1.00> <Generic> <Opcode : >
ST_7 : Operation 236 [1/1] (0.00ns)   --->   "%sext_ln1116_5 = sext i6 %ret_V_16 to i12" [firmware/myproject.cpp:54]   --->   Operation 236 'sext' 'sext_ln1116_5' <Predicate = true> <Delay = 0.00>
ST_7 : Operation 237 [1/1] (1.23ns)   --->   "%r_V_12 = mul i12 %sext_ln1116_5, %sext_ln1116_5" [firmware/myproject.cpp:54]   --->   Operation 237 'mul' 'r_V_12' <Predicate = true> <Delay = 1.23> <Core = "Mul">   --->   Core 16 'Mul' <Latency = 0> <II = 1> <Delay = 3.02> <FuncUnit> <Opcode : 'mul'> <InPorts = 2> <OutPorts = 1>
ST_7 : Operation 238 [1/1] (0.00ns)   --->   "%sext_ln1116_6 = sext i5 %p_5 to i10" [firmware/myproject.cpp:54]   --->   Operation 238 'sext' 'sext_ln1116_6' <Predicate = true> <Delay = 0.00>
ST_7 : Operation 239 [1/1] (0.91ns)   --->   "%r_V_13 = mul i10 %sext_ln1116_6, %sext_ln1116_6" [firmware/myproject.cpp:54]   --->   Operation 239 'mul' 'r_V_13' <Predicate = true> <Delay = 0.91> <Core = "Mul">   --->   Core 16 'Mul' <Latency = 0> <II = 1> <Delay = 3.02> <FuncUnit> <Opcode : 'mul'> <InPorts = 2> <OutPorts = 1>
ST_7 : Operation 240 [1/1] (0.00ns)   --->   "%sext_ln1116_7 = sext i12 %r_V_12 to i22" [firmware/myproject.cpp:54]   --->   Operation 240 'sext' 'sext_ln1116_7' <Predicate = true> <Delay = 0.00>
ST_7 : Operation 241 [1/1] (0.00ns)   --->   "%sext_ln1118_11 = sext i10 %r_V_13 to i22" [firmware/myproject.cpp:54]   --->   Operation 241 'sext' 'sext_ln1118_11' <Predicate = true> <Delay = 0.00>
ST_7 : Operation 242 [1/1] (2.53ns) (root node of the DSP)   --->   "%r_V_14 = mul i22 %sext_ln1118_11, %sext_ln1116_7" [firmware/myproject.cpp:54]   --->   Operation 242 'mul' 'r_V_14' <Predicate = true> <Delay = 2.53> <Core = "DSP48">   --->   Core 88 'DSP48' <Latency = 0> <II = 1> <Delay = 2.53> <IPBlock> <Opcode : 'mul' 'add' 'sub' 'select'> <InPorts = 2> <OutPorts = 1> <Sync> <CReg>
ST_7 : Operation 243 [1/5] (2.72ns)   --->   "%p_6 = call fastcc i5 @"cos_lut<ap_fixed<9, 6, 5, 3, 0> >"(i9 %trunc_ln708_9)" [firmware/myproject.cpp:54]   --->   Operation 243 'call' 'p_6' <Predicate = true> <Delay = 2.72> <CoreType = "Generic">   --->   Core 0 '' <Latency = 0> <II = 1> <Delay = 1.00> <Generic> <Opcode : >

State 8 <SV = 7> <Delay = 3.44>
ST_8 : Operation 244 [1/1] (0.00ns)   --->   "%sext_ln1192_5 = sext i25 %mul_ln1192 to i27" [firmware/myproject.cpp:51]   --->   Operation 244 'sext' 'sext_ln1192_5' <Predicate = true> <Delay = 0.00>
ST_8 : Operation 245 [1/1] (0.00ns)   --->   "%sext_ln1192_2 = sext i5 %p_7 to i27" [firmware/myproject.cpp:51]   --->   Operation 245 'sext' 'sext_ln1192_2' <Predicate = true> <Delay = 0.00>
ST_8 : Operation 246 [1/1] (2.66ns)   --->   "%mul_ln1192_1 = mul i27 %sext_ln1192_2, %sext_ln1192_5" [firmware/myproject.cpp:51]   --->   Operation 246 'mul' 'mul_ln1192_1' <Predicate = true> <Delay = 2.66> <Core = "Mul">   --->   Core 16 'Mul' <Latency = 0> <II = 1> <Delay = 3.02> <FuncUnit> <Opcode : 'mul'> <InPorts = 2> <OutPorts = 1>
ST_8 : Operation 247 [1/1] (0.00ns)   --->   "%sext_ln1192_16 = sext i27 %mul_ln1192_4 to i33" [firmware/myproject.cpp:53]   --->   Operation 247 'sext' 'sext_ln1192_16' <Predicate = true> <Delay = 0.00>
ST_8 : Operation 248 [1/1] (0.00ns)   --->   "%sext_ln1116_3 = sext i5 %p_2 to i10" [firmware/myproject.cpp:53]   --->   Operation 248 'sext' 'sext_ln1116_3' <Predicate = true> <Delay = 0.00>
ST_8 : Operation 249 [1/1] (0.91ns)   --->   "%r_V_10 = mul i10 %sext_ln1116_3, %sext_ln1116_3" [firmware/myproject.cpp:53]   --->   Operation 249 'mul' 'r_V_10' <Predicate = true> <Delay = 0.91> <Core = "Mul">   --->   Core 16 'Mul' <Latency = 0> <II = 1> <Delay = 3.02> <FuncUnit> <Opcode : 'mul'> <InPorts = 2> <OutPorts = 1>
ST_8 : Operation 250 [1/1] (0.00ns)   --->   "%sext_ln1192_9 = sext i10 %r_V_10 to i33" [firmware/myproject.cpp:53]   --->   Operation 250 'sext' 'sext_ln1192_9' <Predicate = true> <Delay = 0.00>
ST_8 : Operation 251 [1/1] (2.53ns) (root node of the DSP)   --->   "%mul_ln1192_5 = mul i33 %sext_ln1192_9, %sext_ln1192_16" [firmware/myproject.cpp:53]   --->   Operation 251 'mul' 'mul_ln1192_5' <Predicate = true> <Delay = 2.53> <Core = "DSP48">   --->   Core 88 'DSP48' <Latency = 0> <II = 1> <Delay = 2.53> <IPBlock> <Opcode : 'mul' 'add' 'sub' 'select'> <InPorts = 2> <OutPorts = 1> <Sync> <CReg>
ST_8 : Operation 252 [1/1] (0.00ns)   --->   "%sext_ln1116_4 = sext i5 %p_4 to i10" [firmware/myproject.cpp:53]   --->   Operation 252 'sext' 'sext_ln1116_4' <Predicate = true> <Delay = 0.00>
ST_8 : Operation 253 [1/1] (0.91ns)   --->   "%r_V_11 = mul i10 %sext_ln1116_4, %sext_ln1116_4" [firmware/myproject.cpp:53]   --->   Operation 253 'mul' 'r_V_11' <Predicate = true> <Delay = 0.91> <Core = "Mul">   --->   Core 16 'Mul' <Latency = 0> <II = 1> <Delay = 3.02> <FuncUnit> <Opcode : 'mul'> <InPorts = 2> <OutPorts = 1>
ST_8 : Operation 254 [1/1] (0.00ns)   --->   "%sext_ln1116_8 = sext i5 %p_6 to i10" [firmware/myproject.cpp:54]   --->   Operation 254 'sext' 'sext_ln1116_8' <Predicate = true> <Delay = 0.00>
ST_8 : Operation 255 [1/1] (0.91ns)   --->   "%r_V_15 = mul i10 %sext_ln1116_8, %sext_ln1116_8" [firmware/myproject.cpp:54]   --->   Operation 255 'mul' 'r_V_15' <Predicate = true> <Delay = 0.91> <Core = "Mul">   --->   Core 16 'Mul' <Latency = 0> <II = 1> <Delay = 3.02> <FuncUnit> <Opcode : 'mul'> <InPorts = 2> <OutPorts = 1>
ST_8 : Operation 256 [1/1] (0.00ns)   --->   "%sext_ln1192_12 = sext i22 %r_V_14 to i30" [firmware/myproject.cpp:54]   --->   Operation 256 'sext' 'sext_ln1192_12' <Predicate = true> <Delay = 0.00>
ST_8 : Operation 257 [1/1] (0.00ns)   --->   "%sext_ln1192_13 = sext i10 %r_V_15 to i30" [firmware/myproject.cpp:54]   --->   Operation 257 'sext' 'sext_ln1192_13' <Predicate = true> <Delay = 0.00>
ST_8 : Operation 258 [1/1] (2.53ns) (root node of the DSP)   --->   "%mul_ln1192_8 = mul i30 %sext_ln1192_13, %sext_ln1192_12" [firmware/myproject.cpp:54]   --->   Operation 258 'mul' 'mul_ln1192_8' <Predicate = true> <Delay = 2.53> <Core = "DSP48">   --->   Core 88 'DSP48' <Latency = 0> <II = 1> <Delay = 2.53> <IPBlock> <Opcode : 'mul' 'add' 'sub' 'select'> <InPorts = 2> <OutPorts = 1> <Sync> <CReg>
ST_8 : Operation 259 [1/1] (0.00ns)   --->   "%sext_ln1116_9 = sext i5 %p_10 to i10" [firmware/myproject.cpp:54]   --->   Operation 259 'sext' 'sext_ln1116_9' <Predicate = true> <Delay = 0.00>
ST_8 : Operation 260 [1/1] (0.91ns)   --->   "%r_V_17 = mul i10 %sext_ln1116_9, %sext_ln1116_9" [firmware/myproject.cpp:54]   --->   Operation 260 'mul' 'r_V_17' <Predicate = true> <Delay = 0.91> <Core = "Mul">   --->   Core 16 'Mul' <Latency = 0> <II = 1> <Delay = 3.02> <FuncUnit> <Opcode : 'mul'> <InPorts = 2> <OutPorts = 1>

State 9 <SV = 8> <Delay = 4.03>
ST_9 : Operation 261 [1/1] (0.00ns)   --->   "%sext_ln1192_3 = sext i5 %p_8 to i27" [firmware/myproject.cpp:51]   --->   Operation 261 'sext' 'sext_ln1192_3' <Predicate = true> <Delay = 0.00>
ST_9 : Operation 262 [1/1] (2.80ns)   --->   "%mul_ln1192_2 = mul i27 %sext_ln1192_3, %mul_ln1192_1" [firmware/myproject.cpp:51]   --->   Operation 262 'mul' 'mul_ln1192_2' <Predicate = true> <Delay = 2.80> <Core = "Mul">   --->   Core 16 'Mul' <Latency = 0> <II = 1> <Delay = 3.02> <FuncUnit> <Opcode : 'mul'> <InPorts = 2> <OutPorts = 1>
ST_9 : Operation 263 [1/1] (0.00ns)   --->   "%sext_ln1192_11 = sext i10 %r_V_11 to i33" [firmware/myproject.cpp:53]   --->   Operation 263 'sext' 'sext_ln1192_11' <Predicate = true> <Delay = 0.00>
ST_9 : Operation 264 [1/1] (3.14ns)   --->   "%mul_ln1192_6 = mul i33 %sext_ln1192_11, %mul_ln1192_5" [firmware/myproject.cpp:53]   --->   Operation 264 'mul' 'mul_ln1192_6' <Predicate = true> <Delay = 3.14> <Core = "Mul">   --->   Core 16 'Mul' <Latency = 0> <II = 1> <Delay = 3.02> <FuncUnit> <Opcode : 'mul'> <InPorts = 2> <OutPorts = 1>
ST_9 : Operation 265 [1/1] (0.89ns)   --->   "%ret_V_31 = add i33 -134217728, %mul_ln1192_6" [firmware/myproject.cpp:53]   --->   Operation 265 'add' 'ret_V_31' <Predicate = true> <Delay = 0.89> <Core = "AddSub">   --->   Core 14 'AddSub' <Latency = 0> <II = 1> <Delay = 0.86> <FuncUnit> <Opcode : 'add' 'sub'> <InPorts = 2> <OutPorts = 1>
ST_9 : Operation 266 [1/1] (0.00ns)   --->   "%trunc_ln708_7 = call i9 @_ssdm_op_PartSelect.i9.i33.i32.i32(i33 %ret_V_31, i32 24, i32 32)" [firmware/myproject.cpp:53]   --->   Operation 266 'partselect' 'trunc_ln708_7' <Predicate = true> <Delay = 0.00>
ST_9 : Operation 267 [1/1] (0.00ns)   --->   "%sext_ln1192_14 = sext i10 %r_V_17 to i30" [firmware/myproject.cpp:54]   --->   Operation 267 'sext' 'sext_ln1192_14' <Predicate = true> <Delay = 0.00>
ST_9 : Operation 268 [1/1] (3.02ns)   --->   "%mul_ln1192_9 = mul i30 %sext_ln1192_14, %mul_ln1192_8" [firmware/myproject.cpp:54]   --->   Operation 268 'mul' 'mul_ln1192_9' <Predicate = true> <Delay = 3.02> <Core = "Mul">   --->   Core 16 'Mul' <Latency = 0> <II = 1> <Delay = 3.02> <FuncUnit> <Opcode : 'mul'> <InPorts = 2> <OutPorts = 1>
ST_9 : Operation 269 [1/1] (0.86ns)   --->   "%ret_V_35 = add i30 -16777216, %mul_ln1192_9" [firmware/myproject.cpp:54]   --->   Operation 269 'add' 'ret_V_35' <Predicate = true> <Delay = 0.86> <Core = "AddSub">   --->   Core 14 'AddSub' <Latency = 0> <II = 1> <Delay = 0.86> <FuncUnit> <Opcode : 'add' 'sub'> <InPorts = 2> <OutPorts = 1>
ST_9 : Operation 270 [1/1] (0.00ns)   --->   "%trunc_ln708_10 = call i9 @_ssdm_op_PartSelect.i9.i30.i32.i32(i30 %ret_V_35, i32 21, i32 29)" [firmware/myproject.cpp:54]   --->   Operation 270 'partselect' 'trunc_ln708_10' <Predicate = true> <Delay = 0.00>

State 10 <SV = 9> <Delay = 2.53>
ST_10 : Operation 271 [1/1] (0.00ns)   --->   "call void (...)* @_ssdm_op_SpecBitsMap(i9* %y_4_V), !map !203"   --->   Operation 271 'specbitsmap' <Predicate = true> <Delay = 0.00>
ST_10 : Operation 272 [1/1] (0.00ns)   --->   "call void (...)* @_ssdm_op_SpecBitsMap(i9* %y_3_V), !map !209"   --->   Operation 272 'specbitsmap' <Predicate = true> <Delay = 0.00>
ST_10 : Operation 273 [1/1] (0.00ns)   --->   "call void (...)* @_ssdm_op_SpecBitsMap(i9* %y_2_V), !map !215"   --->   Operation 273 'specbitsmap' <Predicate = true> <Delay = 0.00>
ST_10 : Operation 274 [1/1] (0.00ns)   --->   "call void (...)* @_ssdm_op_SpecBitsMap(i9* %y_1_V), !map !221"   --->   Operation 274 'specbitsmap' <Predicate = true> <Delay = 0.00>
ST_10 : Operation 275 [1/1] (0.00ns)   --->   "call void (...)* @_ssdm_op_SpecBitsMap(i9* %y_0_V), !map !227"   --->   Operation 275 'specbitsmap' <Predicate = true> <Delay = 0.00>
ST_10 : Operation 276 [1/1] (0.00ns)   --->   "call void (...)* @_ssdm_op_SpecBitsMap(i144* %x_V), !map !233"   --->   Operation 276 'specbitsmap' <Predicate = true> <Delay = 0.00>
ST_10 : Operation 277 [1/1] (0.00ns)   --->   "call void (...)* @_ssdm_op_SpecTopModule([10 x i8]* @myproject_str) nounwind"   --->   Operation 277 'spectopmodule' <Predicate = true> <Delay = 0.00>
ST_10 : Operation 278 [1/1] (0.00ns)   --->   "call void (...)* @_ssdm_op_SpecInterface(i144* %x_V, [7 x i8]* @p_str2, i32 0, i32 0, [1 x i8]* @p_str1, i32 0, i32 0, [1 x i8]* @p_str1, [1 x i8]* @p_str1, [1 x i8]* @p_str1, i32 0, i32 0, i32 0, i32 0, [1 x i8]* @p_str1, [1 x i8]* @p_str1) nounwind"   --->   Operation 278 'specinterface' <Predicate = true> <Delay = 0.00>
ST_10 : Operation 279 [1/1] (0.00ns)   --->   "call void (...)* @_ssdm_op_SpecInterface(i9* %y_0_V, i9* %y_1_V, i9* %y_2_V, i9* %y_3_V, i9* %y_4_V, [7 x i8]* @p_str2, i32 0, i32 0, [1 x i8]* @p_str1, i32 0, i32 0, [1 x i8]* @p_str1, [1 x i8]* @p_str1, [1 x i8]* @p_str1, i32 0, i32 0, i32 0, i32 0, [1 x i8]* @p_str1, [1 x i8]* @p_str1) nounwind" [firmware/myproject.cpp:32]   --->   Operation 279 'specinterface' <Predicate = true> <Delay = 0.00>
ST_10 : Operation 280 [1/1] (0.00ns)   --->   "call void (...)* @_ssdm_op_SpecPipeline(i32 -1, i32 1, i32 1, i32 0, [1 x i8]* @p_str1) nounwind" [firmware/myproject.cpp:33]   --->   Operation 280 'specpipeline' <Predicate = true> <Delay = 0.00>
ST_10 : Operation 281 [1/1] (0.00ns)   --->   "call void @_ssdm_op_Write.ap_vld.i9P(i9* %y_0_V, i9 %trunc_ln708_1)" [firmware/myproject.cpp:50]   --->   Operation 281 'write' <Predicate = true> <Delay = 0.00>
ST_10 : Operation 282 [1/1] (0.00ns)   --->   "%sext_ln1192_4 = sext i5 %p_9 to i27" [firmware/myproject.cpp:51]   --->   Operation 282 'sext' 'sext_ln1192_4' <Predicate = true> <Delay = 0.00>
ST_10 : Operation 283 [1/1] (0.49ns) (grouped into DSP with root node ret_V_25)   --->   "%mul_ln1192_3 = mul i27 %sext_ln1192_4, %mul_ln1192_2" [firmware/myproject.cpp:51]   --->   Operation 283 'mul' 'mul_ln1192_3' <Predicate = true> <Delay = 0.49> <Core = "DSP48">   --->   Core 88 'DSP48' <Latency = 0> <II = 1> <Delay = 2.53> <IPBlock> <Opcode : 'mul' 'add' 'sub' 'select'> <InPorts = 2> <OutPorts = 1> <Sync> <CReg>
ST_10 : Operation 284 [1/1] (2.03ns) (root node of the DSP)   --->   "%ret_V_25 = add i27 -1835008, %mul_ln1192_3" [firmware/myproject.cpp:51]   --->   Operation 284 'add' 'ret_V_25' <Predicate = true> <Delay = 2.03> <Core = "DSP48">   --->   Core 88 'DSP48' <Latency = 0> <II = 1> <Delay = 2.53> <IPBlock> <Opcode : 'mul' 'add' 'sub' 'select'> <InPorts = 2> <OutPorts = 1> <Sync> <CReg>
ST_10 : Operation 285 [1/1] (0.00ns)   --->   "%trunc_ln708_3 = call i9 @_ssdm_op_PartSelect.i9.i27.i32.i32(i27 %ret_V_25, i32 18, i32 26)" [firmware/myproject.cpp:51]   --->   Operation 285 'partselect' 'trunc_ln708_3' <Predicate = true> <Delay = 0.00>
ST_10 : Operation 286 [1/1] (0.00ns)   --->   "call void @_ssdm_op_Write.ap_vld.i9P(i9* %y_1_V, i9 %trunc_ln708_3)" [firmware/myproject.cpp:51]   --->   Operation 286 'write' <Predicate = true> <Delay = 0.00>
ST_10 : Operation 287 [1/1] (0.00ns)   --->   "%sext_ln203 = sext i5 %p_Val2_7 to i9" [firmware/myproject.cpp:52]   --->   Operation 287 'sext' 'sext_ln203' <Predicate = true> <Delay = 0.00>
ST_10 : Operation 288 [1/1] (0.00ns)   --->   "call void @_ssdm_op_Write.ap_vld.i9P(i9* %y_2_V, i9 %sext_ln203)" [firmware/myproject.cpp:52]   --->   Operation 288 'write' <Predicate = true> <Delay = 0.00>
ST_10 : Operation 289 [1/1] (0.00ns)   --->   "call void @_ssdm_op_Write.ap_vld.i9P(i9* %y_3_V, i9 %trunc_ln708_7)" [firmware/myproject.cpp:53]   --->   Operation 289 'write' <Predicate = true> <Delay = 0.00>
ST_10 : Operation 290 [1/1] (0.00ns)   --->   "call void @_ssdm_op_Write.ap_vld.i9P(i9* %y_4_V, i9 %trunc_ln708_10)" [firmware/myproject.cpp:54]   --->   Operation 290 'write' <Predicate = true> <Delay = 0.00>
ST_10 : Operation 291 [1/1] (0.00ns)   --->   "ret void" [firmware/myproject.cpp:56]   --->   Operation 291 'ret' <Predicate = true> <Delay = 0.00>


============================================================
+ Verbose Summary: Timing violations
============================================================
Target clock period: 5ns, clock uncertainty: 0.625ns.

 <State 1>: 3.29ns
The critical path consists of the following:
	wire read on port 'x_V' (firmware/myproject.cpp:50) [17]  (0 ns)
	'add' operation ('add_ln1192_10', firmware/myproject.cpp:53) [144]  (0 ns)
	'add' operation ('ret.V', firmware/myproject.cpp:53) [145]  (0.756 ns)
	'call' operation ('p_2', firmware/myproject.cpp:53) to 'cos_lut<ap_fixed<9, 6, 5, 3, 0> >' [147]  (2.53 ns)

 <State 2>: 4.34ns
The critical path consists of the following:
	'call' operation ('p_Val2_s_26', firmware/myproject.cpp:51) to 'cos_lut<ap_fixed<9, 6, 5, 3, 0> >' [65]  (4.34 ns)

 <State 3>: 4.34ns
The critical path consists of the following:
	'call' operation ('p_0', firmware/myproject.cpp:50) to 'sin_lut<ap_fixed<9, 6, 5, 3, 0> >' [24]  (4.34 ns)

 <State 4>: 4.34ns
The critical path consists of the following:
	'call' operation ('p_0', firmware/myproject.cpp:50) to 'sin_lut<ap_fixed<9, 6, 5, 3, 0> >' [24]  (4.34 ns)

 <State 5>: 4.34ns
The critical path consists of the following:
	'call' operation ('p_0', firmware/myproject.cpp:50) to 'sin_lut<ap_fixed<9, 6, 5, 3, 0> >' [24]  (4.34 ns)

 <State 6>: 4.34ns
The critical path consists of the following:
	'call' operation ('p_Val2_7', firmware/myproject.cpp:52) to 'sin_lut<ap_fixed<9, 6, 5, 3, 0> >' [118]  (4.34 ns)

 <State 7>: 3.76ns
The critical path consists of the following:
	'mul' operation ('r.V', firmware/myproject.cpp:54) [177]  (1.23 ns)
	'mul' operation of DSP[187] ('r.V', firmware/myproject.cpp:54) [187]  (2.53 ns)

 <State 8>: 3.44ns
The critical path consists of the following:
	'mul' operation ('r.V', firmware/myproject.cpp:53) [149]  (0.91 ns)
	'mul' operation of DSP[151] ('mul_ln1192_5', firmware/myproject.cpp:53) [151]  (2.53 ns)

 <State 9>: 4.04ns
The critical path consists of the following:
	'mul' operation ('mul_ln1192_6', firmware/myproject.cpp:53) [170]  (3.15 ns)
	'add' operation ('ret.V', firmware/myproject.cpp:53) [171]  (0.89 ns)

 <State 10>: 2.53ns
The critical path consists of the following:
	'mul' operation of DSP[106] ('mul_ln1192_3', firmware/myproject.cpp:51) [105]  (0.494 ns)
	'add' operation of DSP[106] ('ret.V', firmware/myproject.cpp:51) [106]  (2.04 ns)


============================================================
+ Verbose Summary: Binding
============================================================
N/A
* FSMD analyzer results:
  - Output states:
 - Input state : 
  - Chain level:
	State 1
	State 2
	State 3
	State 4
	State 5
	State 6
	State 7
	State 8
	State 9
	State 10


============================================================
+ Verbose Summary: Datapath Resource usage 
============================================================
N/A
