

================================================================
== Vivado HLS Report for 'myproject'
================================================================
* Date:           Sun Feb 26 15:40:07 2023

* Version:        2020.1 (Build 2897737 on Wed May 27 20:21:37 MDT 2020)
* Project:        myproject_prj
* Solution:       solution1
* Product family: virtexuplus
* Target device:  xcvu9p-flga2577-2-e


================================================================
== Performance Estimates
================================================================
+ Timing: 
    * Summary: 
    +--------+---------+----------+------------+
    |  Clock |  Target | Estimated| Uncertainty|
    +--------+---------+----------+------------+
    |ap_clk  | 5.00 ns | 4.339 ns |   0.62 ns  |
    +--------+---------+----------+------------+

+ Latency: 
    * Summary: 
    +---------+---------+-----------+-----------+-----+-----+----------+
    |  Latency (cycles) |   Latency (absolute)  |  Interval | Pipeline |
    |   min   |   max   |    min    |    max    | min | max |   Type   |
    +---------+---------+-----------+-----------+-----+-----+----------+
    |        9|        9| 45.000 ns | 45.000 ns |    1|    1| function |
    +---------+---------+-----------+-----------+-----+-----+----------+

    + Detail: 
        * Instance: 
        N/A

        * Loop: 
        N/A

============================================================
+ Verbose Summary: Synthesis Manager
============================================================
InlineROM: 1
ExposeGlobal: 0
============================================================
+ Verbose Summary: CDFG Model
============================================================
IsTopModel: 1
ResetActiveHigh: 1
IsCombinational: 0
IsDatapathOnly: 0
HasWiredReturn: 1
HasMFsm: 2
HasVarLatency: 0
IsPipeline: 1
IsRtlPipelined: 1
IsInstanceOverlapped: 0
IsDontTouch: 0
HasImplIP: 0
IsGatedGlobalClock: 0

+ Individual pipeline summary: 
  * Pipeline-0: initiation interval (II) = 1, depth = 10


============================================================
+ Verbose Summary: Schedule
============================================================
* Number of FSM states : 10
* Pipeline : 1
  Pipeline-0 : II = 1, D = 10, States = { 1 2 3 4 5 6 7 8 9 10 }
* Dataflow Pipeline: 0

* FSM state transitions: 
1 --> 2 
2 --> 3 
3 --> 4 
4 --> 5 
5 --> 6 
6 --> 7 
7 --> 8 
8 --> 9 
9 --> 10 
10 --> 

* FSM state operations: 

State 1 <SV = 0> <Delay = 3.27>
ST_1 : Operation 11 [1/1] (0.00ns)   --->   "%x_V_read = call i192 @_ssdm_op_Read.ap_vld.i192P(i192* %x_V)" [firmware/myproject.cpp:50]   --->   Operation 11 'read' 'x_V_read' <Predicate = true> <Delay = 0.00>
ST_1 : Operation 12 [1/1] (0.00ns)   --->   "%p_Val2_10 = call i12 @_ssdm_op_PartSelect.i12.i192.i32.i32(i192 %x_V_read, i32 168, i32 179)" [firmware/myproject.cpp:50]   --->   Operation 12 'partselect' 'p_Val2_10' <Predicate = true> <Delay = 0.00>
ST_1 : Operation 13 [1/1] (0.00ns)   --->   "%sext_ln700 = sext i12 %p_Val2_10 to i18" [firmware/myproject.cpp:54]   --->   Operation 13 'sext' 'sext_ln700' <Predicate = true> <Delay = 0.00>
ST_1 : Operation 14 [1/1] (0.00ns)   --->   "%sext_ln703 = sext i12 %p_Val2_10 to i20" [firmware/myproject.cpp:53]   --->   Operation 14 'sext' 'sext_ln703' <Predicate = true> <Delay = 0.00>
ST_1 : Operation 15 [1/1] (0.00ns)   --->   "%p_Val2_1 = call i12 @_ssdm_op_PartSelect.i12.i192.i32.i32(i192 %x_V_read, i32 48, i32 59)" [firmware/myproject.cpp:50]   --->   Operation 15 'partselect' 'p_Val2_1' <Predicate = true> <Delay = 0.00>
ST_1 : Operation 16 [1/1] (0.00ns)   --->   "%p_Val2_2 = call i12 @_ssdm_op_PartSelect.i12.i192.i32.i32(i192 %x_V_read, i32 180, i32 191)" [firmware/myproject.cpp:50]   --->   Operation 16 'partselect' 'p_Val2_2' <Predicate = true> <Delay = 0.00>
ST_1 : Operation 17 [1/1] (0.00ns)   --->   "%p_Val2_3 = call i12 @_ssdm_op_PartSelect.i12.i192.i32.i32(i192 %x_V_read, i32 24, i32 35)" [firmware/myproject.cpp:50]   --->   Operation 17 'partselect' 'p_Val2_3' <Predicate = true> <Delay = 0.00>
ST_1 : Operation 18 [4/4] (2.53ns)   --->   "%p_0 = call fastcc i8 @"sin_lut<ap_fixed<12, 6, 5, 3, 0> >"(i12 %p_Val2_3)" [firmware/myproject.cpp:50]   --->   Operation 18 'call' 'p_0' <Predicate = true> <Delay = 2.53> <CoreType = "Generic">   --->   Core 0 '' <Latency = 0> <II = 1> <Delay = 1.00> <Generic> <Opcode : >
ST_1 : Operation 19 [1/1] (0.00ns)   --->   "%sext_ln1192_1 = sext i12 %p_Val2_3 to i18" [firmware/myproject.cpp:50]   --->   Operation 19 'sext' 'sext_ln1192_1' <Predicate = true> <Delay = 0.00>
ST_1 : Operation 20 [1/1] (2.53ns) (root node of the DSP)   --->   "%mul_ln1192 = mul i18 %sext_ln1192_1, 45" [firmware/myproject.cpp:50]   --->   Operation 20 'mul' 'mul_ln1192' <Predicate = true> <Delay = 2.53> <Core = "DSP48">   --->   Core 88 'DSP48' <Latency = 0> <II = 1> <Delay = 2.53> <IPBlock> <Opcode : 'mul' 'add' 'sub' 'select'> <InPorts = 2> <OutPorts = 1> <Sync> <CReg>
ST_1 : Operation 21 [1/1] (0.00ns)   --->   "%trunc_ln51 = trunc i192 %x_V_read to i12" [firmware/myproject.cpp:51]   --->   Operation 21 'trunc' 'trunc_ln51' <Predicate = true> <Delay = 0.00>
ST_1 : Operation 22 [4/4] (2.53ns)   --->   "%p_Val2_s = call fastcc i8 @"cos_lut<ap_fixed<12, 6, 5, 3, 0> >"(i12 %trunc_ln51)" [firmware/myproject.cpp:51]   --->   Operation 22 'call' 'p_Val2_s' <Predicate = true> <Delay = 2.53> <CoreType = "Generic">   --->   Core 0 '' <Latency = 0> <II = 1> <Delay = 1.00> <Generic> <Opcode : >
ST_1 : Operation 23 [1/1] (0.74ns)   --->   "%sub_ln703_1 = sub i12 %p_Val2_10, %p_Val2_1" [firmware/myproject.cpp:51]   --->   Operation 23 'sub' 'sub_ln703_1' <Predicate = true> <Delay = 0.74> <Core = "AddSub">   --->   Core 14 'AddSub' <Latency = 0> <II = 1> <Delay = 1.01> <FuncUnit> <Opcode : 'add' 'sub'> <InPorts = 2> <OutPorts = 1>
ST_1 : Operation 24 [4/4] (2.53ns)   --->   "%p_4 = call fastcc i8 @"cos_lut<ap_fixed<12, 6, 5, 3, 0> >"(i12 %sub_ln703_1)" [firmware/myproject.cpp:51]   --->   Operation 24 'call' 'p_4' <Predicate = true> <Delay = 2.53> <CoreType = "Generic">   --->   Core 0 '' <Latency = 0> <II = 1> <Delay = 1.00> <Generic> <Opcode : >
ST_1 : Operation 25 [1/1] (0.74ns)   --->   "%add_ln703_2 = add i12 %p_Val2_3, -25" [firmware/myproject.cpp:51]   --->   Operation 25 'add' 'add_ln703_2' <Predicate = true> <Delay = 0.74> <Core = "AddSub">   --->   Core 14 'AddSub' <Latency = 0> <II = 1> <Delay = 1.01> <FuncUnit> <Opcode : 'add' 'sub'> <InPorts = 2> <OutPorts = 1>
ST_1 : Operation 26 [4/4] (2.53ns)   --->   "%p_Val2_5 = call fastcc i8 @"sin_lut<ap_fixed<12, 6, 5, 3, 0> >"(i12 %add_ln703_2)" [firmware/myproject.cpp:51]   --->   Operation 26 'call' 'p_Val2_5' <Predicate = true> <Delay = 2.53> <CoreType = "Generic">   --->   Core 0 '' <Latency = 0> <II = 1> <Delay = 1.00> <Generic> <Opcode : >
ST_1 : Operation 27 [1/1] (0.00ns)   --->   "%p_Val2_7 = call i12 @_ssdm_op_PartSelect.i12.i192.i32.i32(i192 %x_V_read, i32 36, i32 47)" [firmware/myproject.cpp:51]   --->   Operation 27 'partselect' 'p_Val2_7' <Predicate = true> <Delay = 0.00>
ST_1 : Operation 28 [4/4] (2.53ns)   --->   "%p_Val2_4 = call fastcc i8 @"cos_lut<ap_fixed<12, 6, 5, 3, 0> >"(i12 %p_Val2_7)" [firmware/myproject.cpp:51]   --->   Operation 28 'call' 'p_Val2_4' <Predicate = true> <Delay = 2.53> <CoreType = "Generic">   --->   Core 0 '' <Latency = 0> <II = 1> <Delay = 1.00> <Generic> <Opcode : >
ST_1 : Operation 29 [4/4] (2.53ns)   --->   "%p_3 = call fastcc i8 @"cos_lut<ap_fixed<12, 6, 5, 3, 0> >"(i12 %p_Val2_3)" [firmware/myproject.cpp:51]   --->   Operation 29 'call' 'p_3' <Predicate = true> <Delay = 2.53> <CoreType = "Generic">   --->   Core 0 '' <Latency = 0> <II = 1> <Delay = 1.00> <Generic> <Opcode : >
ST_1 : Operation 30 [4/4] (2.53ns)   --->   "%p_Val2_9 = call fastcc i8 @"sin_lut<ap_fixed<12, 6, 5, 3, 0> >"(i12 %p_Val2_7)" [firmware/myproject.cpp:53]   --->   Operation 30 'call' 'p_Val2_9' <Predicate = true> <Delay = 2.53> <CoreType = "Generic">   --->   Core 0 '' <Latency = 0> <II = 1> <Delay = 1.00> <Generic> <Opcode : >
ST_1 : Operation 31 [1/1] (0.00ns)   --->   "%sext_ln1118_24 = sext i12 %p_Val2_7 to i18" [firmware/myproject.cpp:53]   --->   Operation 31 'sext' 'sext_ln1118_24' <Predicate = true> <Delay = 0.00>
ST_1 : Operation 32 [1/1] (0.49ns) (grouped into DSP with root node ret_V_39)   --->   "%mul_ln1192_5 = mul i18 %sext_ln1118_24, 151" [firmware/myproject.cpp:53]   --->   Operation 32 'mul' 'mul_ln1192_5' <Predicate = true> <Delay = 0.49> <Core = "DSP48">   --->   Core 88 'DSP48' <Latency = 0> <II = 1> <Delay = 2.53> <IPBlock> <Opcode : 'mul' 'add' 'sub' 'select'> <InPorts = 2> <OutPorts = 1> <Sync> <CReg>
ST_1 : Operation 33 [1/1] (2.03ns) (root node of the DSP)   --->   "%ret_V_39 = add i18 %mul_ln1192_5, 3456" [firmware/myproject.cpp:53]   --->   Operation 33 'add' 'ret_V_39' <Predicate = true> <Delay = 2.03> <Core = "DSP48">   --->   Core 88 'DSP48' <Latency = 0> <II = 1> <Delay = 2.53> <IPBlock> <Opcode : 'mul' 'add' 'sub' 'select'> <InPorts = 2> <OutPorts = 1> <Sync> <CReg>
ST_1 : Operation 34 [1/1] (0.00ns)   --->   "%trunc_ln708_6 = call i12 @_ssdm_op_PartSelect.i12.i18.i32.i32(i18 %ret_V_39, i32 6, i32 17)" [firmware/myproject.cpp:53]   --->   Operation 34 'partselect' 'trunc_ln708_6' <Predicate = true> <Delay = 0.00>
ST_1 : Operation 35 [1/1] (0.49ns) (grouped into DSP with root node ret_V_20)   --->   "%mul_ln703 = mul i20 %sext_ln703, 151" [firmware/myproject.cpp:53]   --->   Operation 35 'mul' 'mul_ln703' <Predicate = true> <Delay = 0.49> <Core = "DSP48">   --->   Core 88 'DSP48' <Latency = 0> <II = 1> <Delay = 2.53> <IPBlock> <Opcode : 'mul' 'add' 'sub' 'select'> <InPorts = 2> <OutPorts = 1> <Sync> <CReg>
ST_1 : Operation 36 [1/1] (2.03ns) (root node of the DSP)   --->   "%ret_V_20 = add i20 %mul_ln703, 18048" [firmware/myproject.cpp:53]   --->   Operation 36 'add' 'ret_V_20' <Predicate = true> <Delay = 2.03> <Core = "DSP48">   --->   Core 88 'DSP48' <Latency = 0> <II = 1> <Delay = 2.53> <IPBlock> <Opcode : 'mul' 'add' 'sub' 'select'> <InPorts = 2> <OutPorts = 1> <Sync> <CReg>
ST_1 : Operation 37 [1/1] (0.49ns) (grouped into DSP with root node ret_V_42)   --->   "%mul_ln700_5 = mul i18 %sext_ln700, 312" [firmware/myproject.cpp:54]   --->   Operation 37 'mul' 'mul_ln700_5' <Predicate = true> <Delay = 0.49> <Core = "DSP48">   --->   Core 88 'DSP48' <Latency = 0> <II = 1> <Delay = 2.53> <IPBlock> <Opcode : 'mul' 'add' 'sub' 'select'> <InPorts = 2> <OutPorts = 1> <Sync> <CReg>
ST_1 : Operation 38 [1/1] (0.00ns)   --->   "%rhs_V_6 = call i18 @_ssdm_op_BitConcatenate.i18.i12.i6(i12 %p_Val2_7, i6 0)" [firmware/myproject.cpp:54]   --->   Operation 38 'bitconcatenate' 'rhs_V_6' <Predicate = true> <Delay = 0.00>
ST_1 : Operation 39 [1/1] (2.03ns) (root node of the DSP)   --->   "%ret_V_42 = add i18 %mul_ln700_5, %rhs_V_6" [firmware/myproject.cpp:54]   --->   Operation 39 'add' 'ret_V_42' <Predicate = true> <Delay = 2.03> <Core = "DSP48">   --->   Core 88 'DSP48' <Latency = 0> <II = 1> <Delay = 2.53> <IPBlock> <Opcode : 'mul' 'add' 'sub' 'select'> <InPorts = 2> <OutPorts = 1> <Sync> <CReg>
ST_1 : Operation 40 [1/1] (0.00ns)   --->   "%trunc_ln708_9 = call i12 @_ssdm_op_PartSelect.i12.i18.i32.i32(i18 %ret_V_42, i32 6, i32 17)" [firmware/myproject.cpp:54]   --->   Operation 40 'partselect' 'trunc_ln708_9' <Predicate = true> <Delay = 0.00>
ST_1 : Operation 41 [1/1] (0.49ns) (grouped into DSP with root node ret_V_43)   --->   "%mul_ln1192_8 = mul i18 %sext_ln1118_24, 183" [firmware/myproject.cpp:54]   --->   Operation 41 'mul' 'mul_ln1192_8' <Predicate = true> <Delay = 0.49> <Core = "DSP48">   --->   Core 88 'DSP48' <Latency = 0> <II = 1> <Delay = 2.53> <IPBlock> <Opcode : 'mul' 'add' 'sub' 'select'> <InPorts = 2> <OutPorts = 1> <Sync> <CReg>
ST_1 : Operation 42 [1/1] (2.03ns) (root node of the DSP)   --->   "%ret_V_43 = add i18 %mul_ln1192_8, 704" [firmware/myproject.cpp:54]   --->   Operation 42 'add' 'ret_V_43' <Predicate = true> <Delay = 2.03> <Core = "DSP48">   --->   Core 88 'DSP48' <Latency = 0> <II = 1> <Delay = 2.53> <IPBlock> <Opcode : 'mul' 'add' 'sub' 'select'> <InPorts = 2> <OutPorts = 1> <Sync> <CReg>
ST_1 : Operation 43 [1/1] (0.00ns)   --->   "%trunc_ln708_s = call i12 @_ssdm_op_PartSelect.i12.i18.i32.i32(i18 %ret_V_43, i32 6, i32 17)" [firmware/myproject.cpp:54]   --->   Operation 43 'partselect' 'trunc_ln708_s' <Predicate = true> <Delay = 0.00>

State 2 <SV = 1> <Delay = 4.33>
ST_2 : Operation 44 [3/4] (4.33ns)   --->   "%p_0 = call fastcc i8 @"sin_lut<ap_fixed<12, 6, 5, 3, 0> >"(i12 %p_Val2_3)" [firmware/myproject.cpp:50]   --->   Operation 44 'call' 'p_0' <Predicate = true> <Delay = 4.33> <CoreType = "Generic">   --->   Core 0 '' <Latency = 0> <II = 1> <Delay = 1.00> <Generic> <Opcode : >
ST_2 : Operation 45 [1/1] (0.74ns)   --->   "%add_ln703 = add i12 %p_Val2_2, %p_Val2_1" [firmware/myproject.cpp:50]   --->   Operation 45 'add' 'add_ln703' <Predicate = true> <Delay = 0.74> <Core = "AddSub">   --->   Core 14 'AddSub' <Latency = 0> <II = 1> <Delay = 1.01> <FuncUnit> <Opcode : 'add' 'sub'> <InPorts = 2> <OutPorts = 1>
ST_2 : Operation 46 [4/4] (2.53ns)   --->   "%p_s = call fastcc i8 @"cos_lut<ap_fixed<12, 6, 5, 3, 0> >"(i12 %add_ln703)" [firmware/myproject.cpp:50]   --->   Operation 46 'call' 'p_s' <Predicate = true> <Delay = 2.53> <CoreType = "Generic">   --->   Core 0 '' <Latency = 0> <II = 1> <Delay = 1.00> <Generic> <Opcode : >
ST_2 : Operation 47 [1/1] (0.00ns)   --->   "%sext_ln728 = sext i12 %p_Val2_2 to i18" [firmware/myproject.cpp:53]   --->   Operation 47 'sext' 'sext_ln728' <Predicate = true> <Delay = 0.00>
ST_2 : Operation 48 [1/1] (0.49ns) (grouped into DSP with root node add_ln1192_4)   --->   "%mul_ln1192_1 = mul i18 %sext_ln728, -45" [firmware/myproject.cpp:50]   --->   Operation 48 'mul' 'mul_ln1192_1' <Predicate = true> <Delay = 0.49> <Core = "DSP48">   --->   Core 88 'DSP48' <Latency = 0> <II = 1> <Delay = 2.53> <IPBlock> <Opcode : 'mul' 'add' 'sub' 'select'> <InPorts = 2> <OutPorts = 1> <Sync> <CReg>
ST_2 : Operation 49 [1/1] (2.03ns) (root node of the DSP)   --->   "%add_ln1192_4 = add i18 %mul_ln1192, %mul_ln1192_1" [firmware/myproject.cpp:50]   --->   Operation 49 'add' 'add_ln1192_4' <Predicate = true> <Delay = 2.03> <Core = "DSP48">   --->   Core 88 'DSP48' <Latency = 0> <II = 1> <Delay = 2.53> <IPBlock> <Opcode : 'mul' 'add' 'sub' 'select'> <InPorts = 2> <OutPorts = 1> <Sync> <CReg>
ST_2 : Operation 50 [1/1] (0.79ns)   --->   "%ret_V_30 = add i18 %add_ln1192_4, 3200" [firmware/myproject.cpp:50]   --->   Operation 50 'add' 'ret_V_30' <Predicate = true> <Delay = 0.79> <Core = "AddSub">   --->   Core 14 'AddSub' <Latency = 0> <II = 1> <Delay = 1.01> <FuncUnit> <Opcode : 'add' 'sub'> <InPorts = 2> <OutPorts = 1>
ST_2 : Operation 51 [1/1] (0.00ns)   --->   "%trunc_ln = call i12 @_ssdm_op_PartSelect.i12.i18.i32.i32(i18 %ret_V_30, i32 6, i32 17)" [firmware/myproject.cpp:50]   --->   Operation 51 'partselect' 'trunc_ln' <Predicate = true> <Delay = 0.00>
ST_2 : Operation 52 [3/4] (4.33ns)   --->   "%p_Val2_s = call fastcc i8 @"cos_lut<ap_fixed<12, 6, 5, 3, 0> >"(i12 %trunc_ln51)" [firmware/myproject.cpp:51]   --->   Operation 52 'call' 'p_Val2_s' <Predicate = true> <Delay = 4.33> <CoreType = "Generic">   --->   Core 0 '' <Latency = 0> <II = 1> <Delay = 1.00> <Generic> <Opcode : >
ST_2 : Operation 53 [3/4] (4.33ns)   --->   "%p_4 = call fastcc i8 @"cos_lut<ap_fixed<12, 6, 5, 3, 0> >"(i12 %sub_ln703_1)" [firmware/myproject.cpp:51]   --->   Operation 53 'call' 'p_4' <Predicate = true> <Delay = 4.33> <CoreType = "Generic">   --->   Core 0 '' <Latency = 0> <II = 1> <Delay = 1.00> <Generic> <Opcode : >
ST_2 : Operation 54 [3/4] (4.33ns)   --->   "%p_Val2_5 = call fastcc i8 @"sin_lut<ap_fixed<12, 6, 5, 3, 0> >"(i12 %add_ln703_2)" [firmware/myproject.cpp:51]   --->   Operation 54 'call' 'p_Val2_5' <Predicate = true> <Delay = 4.33> <CoreType = "Generic">   --->   Core 0 '' <Latency = 0> <II = 1> <Delay = 1.00> <Generic> <Opcode : >
ST_2 : Operation 55 [1/1] (0.00ns)   --->   "%shl_ln1118_3 = call i17 @_ssdm_op_BitConcatenate.i17.i12.i5(i12 %p_Val2_2, i5 0)" [firmware/myproject.cpp:51]   --->   Operation 55 'bitconcatenate' 'shl_ln1118_3' <Predicate = true> <Delay = 0.00>
ST_2 : Operation 56 [1/1] (0.00ns)   --->   "%sext_ln1118_13 = sext i17 %shl_ln1118_3 to i18" [firmware/myproject.cpp:51]   --->   Operation 56 'sext' 'sext_ln1118_13' <Predicate = true> <Delay = 0.00>
ST_2 : Operation 57 [1/1] (0.00ns)   --->   "%shl_ln1118_4 = call i15 @_ssdm_op_BitConcatenate.i15.i12.i3(i12 %p_Val2_2, i3 0)" [firmware/myproject.cpp:51]   --->   Operation 57 'bitconcatenate' 'shl_ln1118_4' <Predicate = true> <Delay = 0.00>
ST_2 : Operation 58 [1/1] (0.00ns)   --->   "%sext_ln1118_14 = sext i15 %shl_ln1118_4 to i18" [firmware/myproject.cpp:51]   --->   Operation 58 'sext' 'sext_ln1118_14' <Predicate = true> <Delay = 0.00>
ST_2 : Operation 59 [1/1] (0.79ns)   --->   "%r_V_33 = sub i18 %sext_ln1118_13, %sext_ln1118_14" [firmware/myproject.cpp:51]   --->   Operation 59 'sub' 'r_V_33' <Predicate = true> <Delay = 0.79> <Core = "AddSub">   --->   Core 14 'AddSub' <Latency = 0> <II = 1> <Delay = 1.01> <FuncUnit> <Opcode : 'add' 'sub'> <InPorts = 2> <OutPorts = 1>
ST_2 : Operation 60 [1/1] (0.00ns)   --->   "%trunc_ln708_2 = call i12 @_ssdm_op_PartSelect.i12.i18.i32.i32(i18 %r_V_33, i32 6, i32 17)" [firmware/myproject.cpp:51]   --->   Operation 60 'partselect' 'trunc_ln708_2' <Predicate = true> <Delay = 0.00>
ST_2 : Operation 61 [4/4] (2.53ns)   --->   "%p_Val2_6 = call fastcc i8 @"sin_lut<ap_fixed<12, 6, 5, 3, 0> >"(i12 %trunc_ln708_2)" [firmware/myproject.cpp:51]   --->   Operation 61 'call' 'p_Val2_6' <Predicate = true> <Delay = 2.53> <CoreType = "Generic">   --->   Core 0 '' <Latency = 0> <II = 1> <Delay = 1.00> <Generic> <Opcode : >
ST_2 : Operation 62 [3/4] (4.33ns)   --->   "%p_Val2_4 = call fastcc i8 @"cos_lut<ap_fixed<12, 6, 5, 3, 0> >"(i12 %p_Val2_7)" [firmware/myproject.cpp:51]   --->   Operation 62 'call' 'p_Val2_4' <Predicate = true> <Delay = 4.33> <CoreType = "Generic">   --->   Core 0 '' <Latency = 0> <II = 1> <Delay = 1.00> <Generic> <Opcode : >
ST_2 : Operation 63 [3/4] (4.33ns)   --->   "%p_3 = call fastcc i8 @"cos_lut<ap_fixed<12, 6, 5, 3, 0> >"(i12 %p_Val2_3)" [firmware/myproject.cpp:51]   --->   Operation 63 'call' 'p_3' <Predicate = true> <Delay = 4.33> <CoreType = "Generic">   --->   Core 0 '' <Latency = 0> <II = 1> <Delay = 1.00> <Generic> <Opcode : >
ST_2 : Operation 64 [3/4] (4.33ns)   --->   "%p_Val2_9 = call fastcc i8 @"sin_lut<ap_fixed<12, 6, 5, 3, 0> >"(i12 %p_Val2_7)" [firmware/myproject.cpp:53]   --->   Operation 64 'call' 'p_Val2_9' <Predicate = true> <Delay = 4.33> <CoreType = "Generic">   --->   Core 0 '' <Latency = 0> <II = 1> <Delay = 1.00> <Generic> <Opcode : >
ST_2 : Operation 65 [4/4] (2.53ns)   --->   "%p_5 = call fastcc i8 @"cos_lut<ap_fixed<12, 6, 5, 3, 0> >"(i12 %trunc_ln708_6)" [firmware/myproject.cpp:53]   --->   Operation 65 'call' 'p_5' <Predicate = true> <Delay = 2.53> <CoreType = "Generic">   --->   Core 0 '' <Latency = 0> <II = 1> <Delay = 1.00> <Generic> <Opcode : >
ST_2 : Operation 66 [1/1] (0.00ns)   --->   "%sext_ln700_9 = sext i12 %p_Val2_10 to i24" [firmware/myproject.cpp:53]   --->   Operation 66 'sext' 'sext_ln700_9' <Predicate = true> <Delay = 0.00>
ST_2 : Operation 67 [1/1] (0.00ns)   --->   "%sext_ln700_10 = sext i20 %ret_V_20 to i24" [firmware/myproject.cpp:53]   --->   Operation 67 'sext' 'sext_ln700_10' <Predicate = true> <Delay = 0.00>
ST_2 : Operation 68 [1/1] (0.49ns) (grouped into DSP with root node ret_V_40)   --->   "%mul_ln700_4 = mul i24 %sext_ln700_9, %sext_ln700_10" [firmware/myproject.cpp:53]   --->   Operation 68 'mul' 'mul_ln700_4' <Predicate = true> <Delay = 0.49> <Core = "DSP48">   --->   Core 88 'DSP48' <Latency = 0> <II = 1> <Delay = 2.53> <IPBlock> <Opcode : 'mul' 'add' 'sub' 'select'> <InPorts = 2> <OutPorts = 1> <Sync> <CReg>
ST_2 : Operation 69 [1/1] (0.00ns)   --->   "%rhs_V_5 = call i24 @_ssdm_op_BitConcatenate.i24.i12.i12(i12 %p_Val2_7, i12 0)" [firmware/myproject.cpp:53]   --->   Operation 69 'bitconcatenate' 'rhs_V_5' <Predicate = true> <Delay = 0.00>
ST_2 : Operation 70 [1/1] (2.03ns) (root node of the DSP)   --->   "%ret_V_40 = add i24 %mul_ln700_4, %rhs_V_5" [firmware/myproject.cpp:53]   --->   Operation 70 'add' 'ret_V_40' <Predicate = true> <Delay = 2.03> <Core = "DSP48">   --->   Core 88 'DSP48' <Latency = 0> <II = 1> <Delay = 2.53> <IPBlock> <Opcode : 'mul' 'add' 'sub' 'select'> <InPorts = 2> <OutPorts = 1> <Sync> <CReg>
ST_2 : Operation 71 [1/1] (0.00ns)   --->   "%trunc_ln708_7 = call i12 @_ssdm_op_PartSelect.i12.i24.i32.i32(i24 %ret_V_40, i32 12, i32 23)" [firmware/myproject.cpp:53]   --->   Operation 71 'partselect' 'trunc_ln708_7' <Predicate = true> <Delay = 0.00>
ST_2 : Operation 72 [4/4] (2.53ns)   --->   "%p_7 = call fastcc i8 @"sin_lut<ap_fixed<12, 6, 5, 3, 0> >"(i12 %trunc_ln708_9)" [firmware/myproject.cpp:54]   --->   Operation 72 'call' 'p_7' <Predicate = true> <Delay = 2.53> <CoreType = "Generic">   --->   Core 0 '' <Latency = 0> <II = 1> <Delay = 1.00> <Generic> <Opcode : >
ST_2 : Operation 73 [4/4] (2.53ns)   --->   "%p_10 = call fastcc i8 @"cos_lut<ap_fixed<12, 6, 5, 3, 0> >"(i12 %trunc_ln708_s)" [firmware/myproject.cpp:54]   --->   Operation 73 'call' 'p_10' <Predicate = true> <Delay = 2.53> <CoreType = "Generic">   --->   Core 0 '' <Latency = 0> <II = 1> <Delay = 1.00> <Generic> <Opcode : >

State 3 <SV = 2> <Delay = 4.33>
ST_3 : Operation 74 [1/1] (0.00ns)   --->   "%lhs_V_2 = sext i12 %p_Val2_10 to i13" [firmware/myproject.cpp:50]   --->   Operation 74 'sext' 'lhs_V_2' <Predicate = true> <Delay = 0.00>
ST_3 : Operation 75 [1/1] (0.00ns)   --->   "%shl_ln = call i14 @_ssdm_op_BitConcatenate.i14.i12.i2(i12 %p_Val2_2, i2 0)" [firmware/myproject.cpp:50]   --->   Operation 75 'bitconcatenate' 'shl_ln' <Predicate = true> <Delay = 0.00>
ST_3 : Operation 76 [1/1] (0.00ns)   --->   "%sext_ln1118_4 = sext i14 %shl_ln to i18" [firmware/myproject.cpp:50]   --->   Operation 76 'sext' 'sext_ln1118_4' <Predicate = true> <Delay = 0.00>
ST_3 : Operation 77 [2/4] (4.33ns)   --->   "%p_0 = call fastcc i8 @"sin_lut<ap_fixed<12, 6, 5, 3, 0> >"(i12 %p_Val2_3)" [firmware/myproject.cpp:50]   --->   Operation 77 'call' 'p_0' <Predicate = true> <Delay = 4.33> <CoreType = "Generic">   --->   Core 0 '' <Latency = 0> <II = 1> <Delay = 1.00> <Generic> <Opcode : >
ST_3 : Operation 78 [3/4] (4.33ns)   --->   "%p_s = call fastcc i8 @"cos_lut<ap_fixed<12, 6, 5, 3, 0> >"(i12 %add_ln703)" [firmware/myproject.cpp:50]   --->   Operation 78 'call' 'p_s' <Predicate = true> <Delay = 4.33> <CoreType = "Generic">   --->   Core 0 '' <Latency = 0> <II = 1> <Delay = 1.00> <Generic> <Opcode : >
ST_3 : Operation 79 [4/4] (2.53ns)   --->   "%p_1 = call fastcc i8 @"sin_lut<ap_fixed<12, 6, 5, 3, 0> >"(i12 %trunc_ln)" [firmware/myproject.cpp:50]   --->   Operation 79 'call' 'p_1' <Predicate = true> <Delay = 2.53> <CoreType = "Generic">   --->   Core 0 '' <Latency = 0> <II = 1> <Delay = 1.00> <Generic> <Opcode : >
ST_3 : Operation 80 [1/1] (0.00ns) (grouped into TernaryAdder)   --->   "%sub_ln703 = sub i12 %p_Val2_10, %p_Val2_3" [firmware/myproject.cpp:50]   --->   Operation 80 'sub' 'sub_ln703' <Predicate = true> <Delay = 0.00> <Core = "TAddSub">   --->   Core 83 'TAddSub' <Latency = 0> <II = 1> <Delay = 0.34> <IPBlock> <Opcode : 'add' 'sub'> <InPorts = 3> <OutPorts = 1> <Sync> <CReg>
ST_3 : Operation 81 [1/1] (0.75ns) (root node of TernaryAdder)   --->   "%add_ln703_1 = add i12 %sub_ln703, 18" [firmware/myproject.cpp:50]   --->   Operation 81 'add' 'add_ln703_1' <Predicate = true> <Delay = 0.75> <Core = "TAddSub">   --->   Core 83 'TAddSub' <Latency = 0> <II = 1> <Delay = 0.34> <IPBlock> <Opcode : 'add' 'sub'> <InPorts = 3> <OutPorts = 1> <Sync> <CReg>
ST_3 : Operation 82 [4/4] (2.53ns)   --->   "%p_2 = call fastcc i8 @"sin_lut<ap_fixed<12, 6, 5, 3, 0> >"(i12 %add_ln703_1)" [firmware/myproject.cpp:50]   --->   Operation 82 'call' 'p_2' <Predicate = true> <Delay = 2.53> <CoreType = "Generic">   --->   Core 0 '' <Latency = 0> <II = 1> <Delay = 1.00> <Generic> <Opcode : >
ST_3 : Operation 83 [2/4] (4.33ns)   --->   "%p_Val2_s = call fastcc i8 @"cos_lut<ap_fixed<12, 6, 5, 3, 0> >"(i12 %trunc_ln51)" [firmware/myproject.cpp:51]   --->   Operation 83 'call' 'p_Val2_s' <Predicate = true> <Delay = 4.33> <CoreType = "Generic">   --->   Core 0 '' <Latency = 0> <II = 1> <Delay = 1.00> <Generic> <Opcode : >
ST_3 : Operation 84 [2/4] (4.33ns)   --->   "%p_4 = call fastcc i8 @"cos_lut<ap_fixed<12, 6, 5, 3, 0> >"(i12 %sub_ln703_1)" [firmware/myproject.cpp:51]   --->   Operation 84 'call' 'p_4' <Predicate = true> <Delay = 4.33> <CoreType = "Generic">   --->   Core 0 '' <Latency = 0> <II = 1> <Delay = 1.00> <Generic> <Opcode : >
ST_3 : Operation 85 [2/4] (4.33ns)   --->   "%p_Val2_5 = call fastcc i8 @"sin_lut<ap_fixed<12, 6, 5, 3, 0> >"(i12 %add_ln703_2)" [firmware/myproject.cpp:51]   --->   Operation 85 'call' 'p_Val2_5' <Predicate = true> <Delay = 4.33> <CoreType = "Generic">   --->   Core 0 '' <Latency = 0> <II = 1> <Delay = 1.00> <Generic> <Opcode : >
ST_3 : Operation 86 [3/4] (4.33ns)   --->   "%p_Val2_6 = call fastcc i8 @"sin_lut<ap_fixed<12, 6, 5, 3, 0> >"(i12 %trunc_ln708_2)" [firmware/myproject.cpp:51]   --->   Operation 86 'call' 'p_Val2_6' <Predicate = true> <Delay = 4.33> <CoreType = "Generic">   --->   Core 0 '' <Latency = 0> <II = 1> <Delay = 1.00> <Generic> <Opcode : >
ST_3 : Operation 87 [2/4] (4.33ns)   --->   "%p_Val2_4 = call fastcc i8 @"cos_lut<ap_fixed<12, 6, 5, 3, 0> >"(i12 %p_Val2_7)" [firmware/myproject.cpp:51]   --->   Operation 87 'call' 'p_Val2_4' <Predicate = true> <Delay = 4.33> <CoreType = "Generic">   --->   Core 0 '' <Latency = 0> <II = 1> <Delay = 1.00> <Generic> <Opcode : >
ST_3 : Operation 88 [4/4] (2.53ns)   --->   "%p_8 = call fastcc i8 @"sin_lut<ap_fixed<12, 6, 5, 3, 0> >"(i12 %p_Val2_10)" [firmware/myproject.cpp:51]   --->   Operation 88 'call' 'p_8' <Predicate = true> <Delay = 2.53> <CoreType = "Generic">   --->   Core 0 '' <Latency = 0> <II = 1> <Delay = 1.00> <Generic> <Opcode : >
ST_3 : Operation 89 [2/4] (4.33ns)   --->   "%p_3 = call fastcc i8 @"cos_lut<ap_fixed<12, 6, 5, 3, 0> >"(i12 %p_Val2_3)" [firmware/myproject.cpp:51]   --->   Operation 89 'call' 'p_3' <Predicate = true> <Delay = 4.33> <CoreType = "Generic">   --->   Core 0 '' <Latency = 0> <II = 1> <Delay = 1.00> <Generic> <Opcode : >
ST_3 : Operation 90 [1/1] (0.00ns)   --->   "%rhs_V_3 = sext i12 %p_Val2_7 to i13" [firmware/myproject.cpp:52]   --->   Operation 90 'sext' 'rhs_V_3' <Predicate = true> <Delay = 0.00>
ST_3 : Operation 91 [1/1] (0.74ns)   --->   "%ret_V_35 = sub i13 %lhs_V_2, %rhs_V_3" [firmware/myproject.cpp:52]   --->   Operation 91 'sub' 'ret_V_35' <Predicate = true> <Delay = 0.74> <Core = "AddSub">   --->   Core 14 'AddSub' <Latency = 0> <II = 1> <Delay = 1.01> <FuncUnit> <Opcode : 'add' 'sub'> <InPorts = 2> <OutPorts = 1>
ST_3 : Operation 92 [1/1] (0.00ns)   --->   "%lhs_V_4 = sext i13 %ret_V_35 to i14" [firmware/myproject.cpp:52]   --->   Operation 92 'sext' 'lhs_V_4' <Predicate = true> <Delay = 0.00>
ST_3 : Operation 93 [1/1] (0.75ns)   --->   "%ret_V_13 = add nsw i14 %lhs_V_4, 44" [firmware/myproject.cpp:52]   --->   Operation 93 'add' 'ret_V_13' <Predicate = true> <Delay = 0.75> <Core = "AddSub">   --->   Core 14 'AddSub' <Latency = 0> <II = 1> <Delay = 1.01> <FuncUnit> <Opcode : 'add' 'sub'> <InPorts = 2> <OutPorts = 1>
ST_3 : Operation 94 [1/1] (0.00ns)   --->   "%sext_ln1118_21 = sext i14 %ret_V_13 to i18" [firmware/myproject.cpp:52]   --->   Operation 94 'sext' 'sext_ln1118_21' <Predicate = true> <Delay = 0.00>
ST_3 : Operation 95 [1/1] (0.00ns)   --->   "%lhs_V_5 = call i18 @_ssdm_op_BitConcatenate.i18.i12.i6(i12 %p_Val2_3, i6 0)" [firmware/myproject.cpp:52]   --->   Operation 95 'bitconcatenate' 'lhs_V_5' <Predicate = true> <Delay = 0.00>
ST_3 : Operation 96 [1/1] (0.49ns) (grouped into DSP with root node ret_V_36)   --->   "%mul_ln1193 = mul i18 %sext_ln1118_21, %sext_ln1118_21" [firmware/myproject.cpp:52]   --->   Operation 96 'mul' 'mul_ln1193' <Predicate = true> <Delay = 0.49> <Core = "DSP48">   --->   Core 88 'DSP48' <Latency = 0> <II = 1> <Delay = 2.53> <IPBlock> <Opcode : 'mul' 'add' 'sub' 'select'> <InPorts = 2> <OutPorts = 1> <Sync> <CReg>
ST_3 : Operation 97 [1/1] (2.03ns) (root node of the DSP)   --->   "%ret_V_36 = sub i18 %lhs_V_5, %mul_ln1193" [firmware/myproject.cpp:52]   --->   Operation 97 'sub' 'ret_V_36' <Predicate = true> <Delay = 2.03> <Core = "DSP48">   --->   Core 88 'DSP48' <Latency = 0> <II = 1> <Delay = 2.53> <IPBlock> <Opcode : 'mul' 'add' 'sub' 'select'> <InPorts = 2> <OutPorts = 1> <Sync> <CReg>
ST_3 : Operation 98 [1/1] (0.00ns)   --->   "%trunc_ln708_4 = call i12 @_ssdm_op_PartSelect.i12.i18.i32.i32(i18 %ret_V_36, i32 6, i32 17)" [firmware/myproject.cpp:52]   --->   Operation 98 'partselect' 'trunc_ln708_4' <Predicate = true> <Delay = 0.00>
ST_3 : Operation 99 [2/4] (4.33ns)   --->   "%p_Val2_9 = call fastcc i8 @"sin_lut<ap_fixed<12, 6, 5, 3, 0> >"(i12 %p_Val2_7)" [firmware/myproject.cpp:53]   --->   Operation 99 'call' 'p_Val2_9' <Predicate = true> <Delay = 4.33> <CoreType = "Generic">   --->   Core 0 '' <Latency = 0> <II = 1> <Delay = 1.00> <Generic> <Opcode : >
ST_3 : Operation 100 [3/4] (4.33ns)   --->   "%p_5 = call fastcc i8 @"cos_lut<ap_fixed<12, 6, 5, 3, 0> >"(i12 %trunc_ln708_6)" [firmware/myproject.cpp:53]   --->   Operation 100 'call' 'p_5' <Predicate = true> <Delay = 4.33> <CoreType = "Generic">   --->   Core 0 '' <Latency = 0> <II = 1> <Delay = 1.00> <Generic> <Opcode : >
ST_3 : Operation 101 [4/4] (2.53ns)   --->   "%p_6 = call fastcc i8 @"cos_lut<ap_fixed<12, 6, 5, 3, 0> >"(i12 %trunc_ln708_7)" [firmware/myproject.cpp:53]   --->   Operation 101 'call' 'p_6' <Predicate = true> <Delay = 2.53> <CoreType = "Generic">   --->   Core 0 '' <Latency = 0> <II = 1> <Delay = 1.00> <Generic> <Opcode : >
ST_3 : Operation 102 [3/4] (4.33ns)   --->   "%p_7 = call fastcc i8 @"sin_lut<ap_fixed<12, 6, 5, 3, 0> >"(i12 %trunc_ln708_9)" [firmware/myproject.cpp:54]   --->   Operation 102 'call' 'p_7' <Predicate = true> <Delay = 4.33> <CoreType = "Generic">   --->   Core 0 '' <Latency = 0> <II = 1> <Delay = 1.00> <Generic> <Opcode : >
ST_3 : Operation 103 [3/4] (4.33ns)   --->   "%p_10 = call fastcc i8 @"cos_lut<ap_fixed<12, 6, 5, 3, 0> >"(i12 %trunc_ln708_s)" [firmware/myproject.cpp:54]   --->   Operation 103 'call' 'p_10' <Predicate = true> <Delay = 4.33> <CoreType = "Generic">   --->   Core 0 '' <Latency = 0> <II = 1> <Delay = 1.00> <Generic> <Opcode : >
ST_3 : Operation 104 [1/1] (0.79ns)   --->   "%r_V_38 = sub i18 %sext_ln1118_13, %sext_ln1118_4" [firmware/myproject.cpp:54]   --->   Operation 104 'sub' 'r_V_38' <Predicate = true> <Delay = 0.79> <Core = "AddSub">   --->   Core 14 'AddSub' <Latency = 0> <II = 1> <Delay = 1.01> <FuncUnit> <Opcode : 'add' 'sub'> <InPorts = 2> <OutPorts = 1>
ST_3 : Operation 105 [1/1] (0.00ns)   --->   "%shl_ln1118_7 = call i17 @_ssdm_op_BitConcatenate.i17.i12.i5(i12 %p_Val2_7, i5 0)" [firmware/myproject.cpp:54]   --->   Operation 105 'bitconcatenate' 'shl_ln1118_7' <Predicate = true> <Delay = 0.00>
ST_3 : Operation 106 [1/1] (0.00ns)   --->   "%sext_ln1118_26 = sext i17 %shl_ln1118_7 to i18" [firmware/myproject.cpp:54]   --->   Operation 106 'sext' 'sext_ln1118_26' <Predicate = true> <Delay = 0.00>
ST_3 : Operation 107 [1/1] (0.00ns)   --->   "%shl_ln1118_8 = call i14 @_ssdm_op_BitConcatenate.i14.i12.i2(i12 %p_Val2_7, i2 0)" [firmware/myproject.cpp:54]   --->   Operation 107 'bitconcatenate' 'shl_ln1118_8' <Predicate = true> <Delay = 0.00>
ST_3 : Operation 108 [1/1] (0.00ns)   --->   "%sext_ln1118_27 = sext i14 %shl_ln1118_8 to i18" [firmware/myproject.cpp:54]   --->   Operation 108 'sext' 'sext_ln1118_27' <Predicate = true> <Delay = 0.00>
ST_3 : Operation 109 [1/1] (0.79ns)   --->   "%r_V_39 = sub i18 %sext_ln1118_26, %sext_ln1118_27" [firmware/myproject.cpp:54]   --->   Operation 109 'sub' 'r_V_39' <Predicate = true> <Delay = 0.79> <Core = "AddSub">   --->   Core 14 'AddSub' <Latency = 0> <II = 1> <Delay = 1.01> <FuncUnit> <Opcode : 'add' 'sub'> <InPorts = 2> <OutPorts = 1>
ST_3 : Operation 110 [1/1] (0.00ns) (grouped into TernaryAdder)   --->   "%add_ln1192_23 = add i18 %r_V_38, %r_V_39" [firmware/myproject.cpp:54]   --->   Operation 110 'add' 'add_ln1192_23' <Predicate = true> <Delay = 0.00> <Core = "TAddSub">   --->   Core 83 'TAddSub' <Latency = 0> <II = 1> <Delay = 0.34> <IPBlock> <Opcode : 'add' 'sub'> <InPorts = 3> <OutPorts = 1> <Sync> <CReg>
ST_3 : Operation 111 [1/1] (0.68ns) (root node of TernaryAdder)   --->   "%ret_V_44 = add i18 %add_ln1192_23, 1536" [firmware/myproject.cpp:54]   --->   Operation 111 'add' 'ret_V_44' <Predicate = true> <Delay = 0.68> <Core = "TAddSub">   --->   Core 83 'TAddSub' <Latency = 0> <II = 1> <Delay = 0.34> <IPBlock> <Opcode : 'add' 'sub'> <InPorts = 3> <OutPorts = 1> <Sync> <CReg>
ST_3 : Operation 112 [1/1] (0.00ns)   --->   "%trunc_ln708_10 = call i12 @_ssdm_op_PartSelect.i12.i18.i32.i32(i18 %ret_V_44, i32 6, i32 17)" [firmware/myproject.cpp:54]   --->   Operation 112 'partselect' 'trunc_ln708_10' <Predicate = true> <Delay = 0.00>
ST_3 : Operation 113 [4/4] (2.53ns)   --->   "%p_11 = call fastcc i8 @"cos_lut<ap_fixed<12, 6, 5, 3, 0> >"(i12 %trunc_ln708_10)" [firmware/myproject.cpp:54]   --->   Operation 113 'call' 'p_11' <Predicate = true> <Delay = 2.53> <CoreType = "Generic">   --->   Core 0 '' <Latency = 0> <II = 1> <Delay = 1.00> <Generic> <Opcode : >

State 4 <SV = 3> <Delay = 4.33>
ST_4 : Operation 114 [1/1] (0.00ns)   --->   "%rhs_V_2 = sext i12 %p_Val2_1 to i13" [firmware/myproject.cpp:50]   --->   Operation 114 'sext' 'rhs_V_2' <Predicate = true> <Delay = 0.00>
ST_4 : Operation 115 [1/1] (0.74ns)   --->   "%ret_V_34 = sub i13 %lhs_V_2, %rhs_V_2" [firmware/myproject.cpp:50]   --->   Operation 115 'sub' 'ret_V_34' <Predicate = true> <Delay = 0.74> <Core = "AddSub">   --->   Core 14 'AddSub' <Latency = 0> <II = 1> <Delay = 1.01> <FuncUnit> <Opcode : 'add' 'sub'> <InPorts = 2> <OutPorts = 1>
ST_4 : Operation 116 [1/4] (2.86ns)   --->   "%p_0 = call fastcc i8 @"sin_lut<ap_fixed<12, 6, 5, 3, 0> >"(i12 %p_Val2_3)" [firmware/myproject.cpp:50]   --->   Operation 116 'call' 'p_0' <Predicate = true> <Delay = 2.86> <CoreType = "Generic">   --->   Core 0 '' <Latency = 0> <II = 1> <Delay = 1.00> <Generic> <Opcode : >
ST_4 : Operation 117 [2/4] (4.33ns)   --->   "%p_s = call fastcc i8 @"cos_lut<ap_fixed<12, 6, 5, 3, 0> >"(i12 %add_ln703)" [firmware/myproject.cpp:50]   --->   Operation 117 'call' 'p_s' <Predicate = true> <Delay = 4.33> <CoreType = "Generic">   --->   Core 0 '' <Latency = 0> <II = 1> <Delay = 1.00> <Generic> <Opcode : >
ST_4 : Operation 118 [3/4] (4.33ns)   --->   "%p_1 = call fastcc i8 @"sin_lut<ap_fixed<12, 6, 5, 3, 0> >"(i12 %trunc_ln)" [firmware/myproject.cpp:50]   --->   Operation 118 'call' 'p_1' <Predicate = true> <Delay = 4.33> <CoreType = "Generic">   --->   Core 0 '' <Latency = 0> <II = 1> <Delay = 1.00> <Generic> <Opcode : >
ST_4 : Operation 119 [3/4] (4.33ns)   --->   "%p_2 = call fastcc i8 @"sin_lut<ap_fixed<12, 6, 5, 3, 0> >"(i12 %add_ln703_1)" [firmware/myproject.cpp:50]   --->   Operation 119 'call' 'p_2' <Predicate = true> <Delay = 4.33> <CoreType = "Generic">   --->   Core 0 '' <Latency = 0> <II = 1> <Delay = 1.00> <Generic> <Opcode : >
ST_4 : Operation 120 [1/4] (2.86ns)   --->   "%p_Val2_s = call fastcc i8 @"cos_lut<ap_fixed<12, 6, 5, 3, 0> >"(i12 %trunc_ln51)" [firmware/myproject.cpp:51]   --->   Operation 120 'call' 'p_Val2_s' <Predicate = true> <Delay = 2.86> <CoreType = "Generic">   --->   Core 0 '' <Latency = 0> <II = 1> <Delay = 1.00> <Generic> <Opcode : >
ST_4 : Operation 121 [1/4] (2.86ns)   --->   "%p_4 = call fastcc i8 @"cos_lut<ap_fixed<12, 6, 5, 3, 0> >"(i12 %sub_ln703_1)" [firmware/myproject.cpp:51]   --->   Operation 121 'call' 'p_4' <Predicate = true> <Delay = 2.86> <CoreType = "Generic">   --->   Core 0 '' <Latency = 0> <II = 1> <Delay = 1.00> <Generic> <Opcode : >
ST_4 : Operation 122 [1/4] (2.86ns)   --->   "%p_Val2_5 = call fastcc i8 @"sin_lut<ap_fixed<12, 6, 5, 3, 0> >"(i12 %add_ln703_2)" [firmware/myproject.cpp:51]   --->   Operation 122 'call' 'p_Val2_5' <Predicate = true> <Delay = 2.86> <CoreType = "Generic">   --->   Core 0 '' <Latency = 0> <II = 1> <Delay = 1.00> <Generic> <Opcode : >
ST_4 : Operation 123 [2/4] (4.33ns)   --->   "%p_Val2_6 = call fastcc i8 @"sin_lut<ap_fixed<12, 6, 5, 3, 0> >"(i12 %trunc_ln708_2)" [firmware/myproject.cpp:51]   --->   Operation 123 'call' 'p_Val2_6' <Predicate = true> <Delay = 4.33> <CoreType = "Generic">   --->   Core 0 '' <Latency = 0> <II = 1> <Delay = 1.00> <Generic> <Opcode : >
ST_4 : Operation 124 [1/4] (2.86ns)   --->   "%p_Val2_4 = call fastcc i8 @"cos_lut<ap_fixed<12, 6, 5, 3, 0> >"(i12 %p_Val2_7)" [firmware/myproject.cpp:51]   --->   Operation 124 'call' 'p_Val2_4' <Predicate = true> <Delay = 2.86> <CoreType = "Generic">   --->   Core 0 '' <Latency = 0> <II = 1> <Delay = 1.00> <Generic> <Opcode : >
ST_4 : Operation 125 [3/4] (4.33ns)   --->   "%p_8 = call fastcc i8 @"sin_lut<ap_fixed<12, 6, 5, 3, 0> >"(i12 %p_Val2_10)" [firmware/myproject.cpp:51]   --->   Operation 125 'call' 'p_8' <Predicate = true> <Delay = 4.33> <CoreType = "Generic">   --->   Core 0 '' <Latency = 0> <II = 1> <Delay = 1.00> <Generic> <Opcode : >
ST_4 : Operation 126 [1/1] (0.74ns)   --->   "%add_ln703_3 = add i12 %p_Val2_7, -4" [firmware/myproject.cpp:51]   --->   Operation 126 'add' 'add_ln703_3' <Predicate = true> <Delay = 0.74> <Core = "AddSub">   --->   Core 14 'AddSub' <Latency = 0> <II = 1> <Delay = 1.01> <FuncUnit> <Opcode : 'add' 'sub'> <InPorts = 2> <OutPorts = 1>
ST_4 : Operation 127 [4/4] (2.53ns)   --->   "%p_9 = call fastcc i8 @"sin_lut<ap_fixed<12, 6, 5, 3, 0> >"(i12 %add_ln703_3)" [firmware/myproject.cpp:51]   --->   Operation 127 'call' 'p_9' <Predicate = true> <Delay = 2.53> <CoreType = "Generic">   --->   Core 0 '' <Latency = 0> <II = 1> <Delay = 1.00> <Generic> <Opcode : >
ST_4 : Operation 128 [1/4] (2.86ns)   --->   "%p_3 = call fastcc i8 @"cos_lut<ap_fixed<12, 6, 5, 3, 0> >"(i12 %p_Val2_3)" [firmware/myproject.cpp:51]   --->   Operation 128 'call' 'p_3' <Predicate = true> <Delay = 2.86> <CoreType = "Generic">   --->   Core 0 '' <Latency = 0> <II = 1> <Delay = 1.00> <Generic> <Opcode : >
ST_4 : Operation 129 [1/1] (0.00ns)   --->   "%r_V_13 = sext i12 %p_Val2_7 to i24" [firmware/myproject.cpp:52]   --->   Operation 129 'sext' 'r_V_13' <Predicate = true> <Delay = 0.00>
ST_4 : Operation 130 [1/1] (2.53ns) (root node of the DSP)   --->   "%r_V_14 = mul i24 %r_V_13, %r_V_13" [firmware/myproject.cpp:52]   --->   Operation 130 'mul' 'r_V_14' <Predicate = true> <Delay = 2.53> <Core = "DSP48">   --->   Core 88 'DSP48' <Latency = 0> <II = 1> <Delay = 2.53> <IPBlock> <Opcode : 'mul' 'add' 'sub' 'select'> <InPorts = 2> <OutPorts = 1> <Sync> <CReg>
ST_4 : Operation 131 [1/1] (0.00ns)   --->   "%lhs_V_3 = sext i13 %ret_V_34 to i14" [firmware/myproject.cpp:52]   --->   Operation 131 'sext' 'lhs_V_3' <Predicate = true> <Delay = 0.00>
ST_4 : Operation 132 [1/1] (0.75ns)   --->   "%ret_V_11 = add nsw i14 %lhs_V_3, 35" [firmware/myproject.cpp:52]   --->   Operation 132 'add' 'ret_V_11' <Predicate = true> <Delay = 0.75> <Core = "AddSub">   --->   Core 14 'AddSub' <Latency = 0> <II = 1> <Delay = 1.01> <FuncUnit> <Opcode : 'add' 'sub'> <InPorts = 2> <OutPorts = 1>
ST_4 : Operation 133 [1/1] (0.00ns)   --->   "%r_V_16 = sext i14 %ret_V_11 to i28" [firmware/myproject.cpp:52]   --->   Operation 133 'sext' 'r_V_16' <Predicate = true> <Delay = 0.00>
ST_4 : Operation 134 [1/1] (2.53ns) (root node of the DSP)   --->   "%r_V_17 = mul i28 %r_V_16, %r_V_16" [firmware/myproject.cpp:52]   --->   Operation 134 'mul' 'r_V_17' <Predicate = true> <Delay = 2.53> <Core = "DSP48">   --->   Core 88 'DSP48' <Latency = 0> <II = 1> <Delay = 2.53> <IPBlock> <Opcode : 'mul' 'add' 'sub' 'select'> <InPorts = 2> <OutPorts = 1> <Sync> <CReg>
ST_4 : Operation 135 [4/4] (2.53ns)   --->   "%p_Val2_8 = call fastcc i8 @"sin_lut<ap_fixed<12, 6, 5, 3, 0> >"(i12 %trunc_ln708_4)" [firmware/myproject.cpp:52]   --->   Operation 135 'call' 'p_Val2_8' <Predicate = true> <Delay = 2.53> <CoreType = "Generic">   --->   Core 0 '' <Latency = 0> <II = 1> <Delay = 1.00> <Generic> <Opcode : >
ST_4 : Operation 136 [1/1] (2.53ns) (root node of the DSP)   --->   "%mul_ln728 = mul i18 %sext_ln728, -43" [firmware/myproject.cpp:53]   --->   Operation 136 'mul' 'mul_ln728' <Predicate = true> <Delay = 2.53> <Core = "DSP48">   --->   Core 88 'DSP48' <Latency = 0> <II = 1> <Delay = 2.53> <IPBlock> <Opcode : 'mul' 'add' 'sub' 'select'> <InPorts = 2> <OutPorts = 1> <Sync> <CReg>
ST_4 : Operation 137 [1/4] (2.86ns)   --->   "%p_Val2_9 = call fastcc i8 @"sin_lut<ap_fixed<12, 6, 5, 3, 0> >"(i12 %p_Val2_7)" [firmware/myproject.cpp:53]   --->   Operation 137 'call' 'p_Val2_9' <Predicate = true> <Delay = 2.86> <CoreType = "Generic">   --->   Core 0 '' <Latency = 0> <II = 1> <Delay = 1.00> <Generic> <Opcode : >
ST_4 : Operation 138 [1/1] (0.00ns)   --->   "%sext_ln703_5 = sext i8 %p_Val2_9 to i9" [firmware/myproject.cpp:53]   --->   Operation 138 'sext' 'sext_ln703_5' <Predicate = true> <Delay = 0.00>
ST_4 : Operation 139 [1/1] (0.70ns)   --->   "%ret_V_16 = add i9 %sext_ln703_5, 27" [firmware/myproject.cpp:53]   --->   Operation 139 'add' 'ret_V_16' <Predicate = true> <Delay = 0.70> <Core = "AddSub">   --->   Core 14 'AddSub' <Latency = 0> <II = 1> <Delay = 1.01> <FuncUnit> <Opcode : 'add' 'sub'> <InPorts = 2> <OutPorts = 1>
ST_4 : Operation 140 [2/4] (4.33ns)   --->   "%p_5 = call fastcc i8 @"cos_lut<ap_fixed<12, 6, 5, 3, 0> >"(i12 %trunc_ln708_6)" [firmware/myproject.cpp:53]   --->   Operation 140 'call' 'p_5' <Predicate = true> <Delay = 4.33> <CoreType = "Generic">   --->   Core 0 '' <Latency = 0> <II = 1> <Delay = 1.00> <Generic> <Opcode : >
ST_4 : Operation 141 [3/4] (4.33ns)   --->   "%p_6 = call fastcc i8 @"cos_lut<ap_fixed<12, 6, 5, 3, 0> >"(i12 %trunc_ln708_7)" [firmware/myproject.cpp:53]   --->   Operation 141 'call' 'p_6' <Predicate = true> <Delay = 4.33> <CoreType = "Generic">   --->   Core 0 '' <Latency = 0> <II = 1> <Delay = 1.00> <Generic> <Opcode : >
ST_4 : Operation 142 [2/4] (4.33ns)   --->   "%p_7 = call fastcc i8 @"sin_lut<ap_fixed<12, 6, 5, 3, 0> >"(i12 %trunc_ln708_9)" [firmware/myproject.cpp:54]   --->   Operation 142 'call' 'p_7' <Predicate = true> <Delay = 4.33> <CoreType = "Generic">   --->   Core 0 '' <Latency = 0> <II = 1> <Delay = 1.00> <Generic> <Opcode : >
ST_4 : Operation 143 [2/4] (4.33ns)   --->   "%p_10 = call fastcc i8 @"cos_lut<ap_fixed<12, 6, 5, 3, 0> >"(i12 %trunc_ln708_s)" [firmware/myproject.cpp:54]   --->   Operation 143 'call' 'p_10' <Predicate = true> <Delay = 4.33> <CoreType = "Generic">   --->   Core 0 '' <Latency = 0> <II = 1> <Delay = 1.00> <Generic> <Opcode : >
ST_4 : Operation 144 [3/4] (4.33ns)   --->   "%p_11 = call fastcc i8 @"cos_lut<ap_fixed<12, 6, 5, 3, 0> >"(i12 %trunc_ln708_10)" [firmware/myproject.cpp:54]   --->   Operation 144 'call' 'p_11' <Predicate = true> <Delay = 4.33> <CoreType = "Generic">   --->   Core 0 '' <Latency = 0> <II = 1> <Delay = 1.00> <Generic> <Opcode : >

State 5 <SV = 4> <Delay = 4.33>
ST_5 : Operation 145 [1/1] (0.00ns)   --->   "%sext_ln1118 = sext i12 %p_Val2_1 to i20" [firmware/myproject.cpp:50]   --->   Operation 145 'sext' 'sext_ln1118' <Predicate = true> <Delay = 0.00>
ST_5 : Operation 146 [1/1] (0.00ns)   --->   "%r_V_6 = sext i12 %p_Val2_2 to i24" [firmware/myproject.cpp:50]   --->   Operation 146 'sext' 'r_V_6' <Predicate = true> <Delay = 0.00>
ST_5 : Operation 147 [1/1] (0.00ns)   --->   "%r_V = sext i12 %p_Val2_2 to i13" [firmware/myproject.cpp:50]   --->   Operation 147 'sext' 'r_V' <Predicate = true> <Delay = 0.00>
ST_5 : Operation 148 [1/1] (0.00ns)   --->   "%sext_ln1118_3 = sext i12 %p_Val2_2 to i15" [firmware/myproject.cpp:50]   --->   Operation 148 'sext' 'sext_ln1118_3' <Predicate = true> <Delay = 0.00>
ST_5 : Operation 149 [1/1] (0.00ns)   --->   "%sext_ln1118_5 = sext i14 %shl_ln to i15" [firmware/myproject.cpp:50]   --->   Operation 149 'sext' 'sext_ln1118_5' <Predicate = true> <Delay = 0.00>
ST_5 : Operation 150 [1/1] (0.00ns)   --->   "%sext_ln1118_6 = sext i8 %p_0 to i16" [firmware/myproject.cpp:50]   --->   Operation 150 'sext' 'sext_ln1118_6' <Predicate = true> <Delay = 0.00>
ST_5 : Operation 151 [1/1] (0.00ns)   --->   "%sext_ln1118_7 = sext i8 %p_0 to i13" [firmware/myproject.cpp:50]   --->   Operation 151 'sext' 'sext_ln1118_7' <Predicate = true> <Delay = 0.00>
ST_5 : Operation 152 [1/1] (0.00ns)   --->   "%tmp_2 = call i10 @_ssdm_op_BitConcatenate.i10.i8.i2(i8 %p_0, i2 0)" [firmware/myproject.cpp:50]   --->   Operation 152 'bitconcatenate' 'tmp_2' <Predicate = true> <Delay = 0.00>
ST_5 : Operation 153 [1/1] (0.00ns)   --->   "%sext_ln1118_8 = sext i10 %tmp_2 to i15" [firmware/myproject.cpp:50]   --->   Operation 153 'sext' 'sext_ln1118_8' <Predicate = true> <Delay = 0.00>
ST_5 : Operation 154 [1/1] (0.76ns)   --->   "%add_ln1192_2 = add i15 %sext_ln1118_8, %sext_ln1118_5" [firmware/myproject.cpp:50]   --->   Operation 154 'add' 'add_ln1192_2' <Predicate = true> <Delay = 0.76> <Core = "AddSub">   --->   Core 14 'AddSub' <Latency = 0> <II = 1> <Delay = 1.01> <FuncUnit> <Opcode : 'add' 'sub'> <InPorts = 2> <OutPorts = 1>
ST_5 : Operation 155 [1/1] (0.74ns)   --->   "%add_ln1192_3 = add i13 %r_V, %sext_ln1118_7" [firmware/myproject.cpp:50]   --->   Operation 155 'add' 'add_ln1192_3' <Predicate = true> <Delay = 0.74> <Core = "AddSub">   --->   Core 14 'AddSub' <Latency = 0> <II = 1> <Delay = 1.01> <FuncUnit> <Opcode : 'add' 'sub'> <InPorts = 2> <OutPorts = 1>
ST_5 : Operation 156 [1/1] (0.00ns)   --->   "%sext_ln1192 = sext i13 %add_ln1192_3 to i15" [firmware/myproject.cpp:50]   --->   Operation 156 'sext' 'sext_ln1192' <Predicate = true> <Delay = 0.00>
ST_5 : Operation 157 [1/1] (0.00ns) (grouped into TernaryAdder)   --->   "%add_ln1192 = add i15 %add_ln1192_2, %sext_ln1192" [firmware/myproject.cpp:50]   --->   Operation 157 'add' 'add_ln1192' <Predicate = true> <Delay = 0.00> <Core = "TAddSub">   --->   Core 83 'TAddSub' <Latency = 0> <II = 1> <Delay = 0.34> <IPBlock> <Opcode : 'add' 'sub'> <InPorts = 3> <OutPorts = 1> <Sync> <CReg>
ST_5 : Operation 158 [1/4] (2.86ns)   --->   "%p_s = call fastcc i8 @"cos_lut<ap_fixed<12, 6, 5, 3, 0> >"(i12 %add_ln703)" [firmware/myproject.cpp:50]   --->   Operation 158 'call' 'p_s' <Predicate = true> <Delay = 2.86> <CoreType = "Generic">   --->   Core 0 '' <Latency = 0> <II = 1> <Delay = 1.00> <Generic> <Opcode : >
ST_5 : Operation 159 [1/1] (0.00ns)   --->   "%sext_ln1118_9 = sext i8 %p_s to i11" [firmware/myproject.cpp:50]   --->   Operation 159 'sext' 'sext_ln1118_9' <Predicate = true> <Delay = 0.00>
ST_5 : Operation 160 [1/1] (0.00ns)   --->   "%tmp_3 = call i10 @_ssdm_op_BitConcatenate.i10.i8.i2(i8 %p_s, i2 0)" [firmware/myproject.cpp:50]   --->   Operation 160 'bitconcatenate' 'tmp_3' <Predicate = true> <Delay = 0.00>
ST_5 : Operation 161 [1/1] (0.00ns)   --->   "%sext_ln1118_10 = sext i10 %tmp_3 to i11" [firmware/myproject.cpp:50]   --->   Operation 161 'sext' 'sext_ln1118_10' <Predicate = true> <Delay = 0.00>
ST_5 : Operation 162 [1/1] (0.72ns)   --->   "%r_V_30 = add i11 %sext_ln1118_9, %sext_ln1118_10" [firmware/myproject.cpp:50]   --->   Operation 162 'add' 'r_V_30' <Predicate = true> <Delay = 0.72> <Core = "AddSub">   --->   Core 14 'AddSub' <Latency = 0> <II = 1> <Delay = 1.01> <FuncUnit> <Opcode : 'add' 'sub'> <InPorts = 2> <OutPorts = 1>
ST_5 : Operation 163 [1/1] (0.00ns)   --->   "%sext_ln1118_11 = sext i11 %r_V_30 to i15" [firmware/myproject.cpp:50]   --->   Operation 163 'sext' 'sext_ln1118_11' <Predicate = true> <Delay = 0.00>
ST_5 : Operation 164 [1/1] (0.69ns) (root node of TernaryAdder)   --->   "%ret_V_29 = sub i15 %add_ln1192, %sext_ln1118_11" [firmware/myproject.cpp:50]   --->   Operation 164 'sub' 'ret_V_29' <Predicate = true> <Delay = 0.69> <Core = "TAddSub">   --->   Core 83 'TAddSub' <Latency = 0> <II = 1> <Delay = 0.34> <IPBlock> <Opcode : 'add' 'sub'> <InPorts = 3> <OutPorts = 1> <Sync> <CReg>
ST_5 : Operation 165 [1/1] (0.00ns)   --->   "%r_V_9 = sext i12 %p_Val2_3 to i24" [firmware/myproject.cpp:50]   --->   Operation 165 'sext' 'r_V_9' <Predicate = true> <Delay = 0.00>
ST_5 : Operation 166 [2/4] (4.33ns)   --->   "%p_1 = call fastcc i8 @"sin_lut<ap_fixed<12, 6, 5, 3, 0> >"(i12 %trunc_ln)" [firmware/myproject.cpp:50]   --->   Operation 166 'call' 'p_1' <Predicate = true> <Delay = 4.33> <CoreType = "Generic">   --->   Core 0 '' <Latency = 0> <II = 1> <Delay = 1.00> <Generic> <Opcode : >
ST_5 : Operation 167 [2/4] (4.33ns)   --->   "%p_2 = call fastcc i8 @"sin_lut<ap_fixed<12, 6, 5, 3, 0> >"(i12 %add_ln703_1)" [firmware/myproject.cpp:50]   --->   Operation 167 'call' 'p_2' <Predicate = true> <Delay = 4.33> <CoreType = "Generic">   --->   Core 0 '' <Latency = 0> <II = 1> <Delay = 1.00> <Generic> <Opcode : >
ST_5 : Operation 168 [1/1] (0.74ns)   --->   "%r_V_32 = sub i13 0, %r_V" [firmware/myproject.cpp:51]   --->   Operation 168 'sub' 'r_V_32' <Predicate = true> <Delay = 0.74> <Core = "AddSub">   --->   Core 14 'AddSub' <Latency = 0> <II = 1> <Delay = 1.01> <FuncUnit> <Opcode : 'add' 'sub'> <InPorts = 2> <OutPorts = 1>
ST_5 : Operation 169 [1/1] (0.00ns)   --->   "%sext_ln703_1 = sext i8 %p_Val2_s to i13" [firmware/myproject.cpp:51]   --->   Operation 169 'sext' 'sext_ln703_1' <Predicate = true> <Delay = 0.00>
ST_5 : Operation 170 [1/1] (0.00ns) (grouped into TernaryAdder)   --->   "%ret_V_32 = sub i13 %r_V_32, %sext_ln703_1" [firmware/myproject.cpp:51]   --->   Operation 170 'sub' 'ret_V_32' <Predicate = true> <Delay = 0.00> <Core = "TAddSub">   --->   Core 83 'TAddSub' <Latency = 0> <II = 1> <Delay = 0.34> <IPBlock> <Opcode : 'add' 'sub'> <InPorts = 3> <OutPorts = 1> <Sync> <CReg>
ST_5 : Operation 171 [1/1] (0.73ns) (root node of TernaryAdder)   --->   "%ret_V = add i13 %ret_V_32, 207" [firmware/myproject.cpp:51]   --->   Operation 171 'add' 'ret_V' <Predicate = true> <Delay = 0.73> <Core = "TAddSub">   --->   Core 83 'TAddSub' <Latency = 0> <II = 1> <Delay = 0.34> <IPBlock> <Opcode : 'add' 'sub'> <InPorts = 3> <OutPorts = 1> <Sync> <CReg>
ST_5 : Operation 172 [1/1] (0.00ns)   --->   "%sext_ln728_2 = sext i13 %ret_V to i20" [firmware/myproject.cpp:51]   --->   Operation 172 'sext' 'sext_ln728_2' <Predicate = true> <Delay = 0.00>
ST_5 : Operation 173 [1/1] (0.00ns)   --->   "%sext_ln728_3 = sext i8 %p_4 to i20" [firmware/myproject.cpp:51]   --->   Operation 173 'sext' 'sext_ln728_3' <Predicate = true> <Delay = 0.00>
ST_5 : Operation 174 [1/1] (0.49ns) (grouped into DSP with root node ret_V_6)   --->   "%mul_ln728_1 = mul i20 %sext_ln728_3, %sext_ln728_2" [firmware/myproject.cpp:51]   --->   Operation 174 'mul' 'mul_ln728_1' <Predicate = true> <Delay = 0.49> <Core = "DSP48">   --->   Core 88 'DSP48' <Latency = 0> <II = 1> <Delay = 2.53> <IPBlock> <Opcode : 'mul' 'add' 'sub' 'select'> <InPorts = 2> <OutPorts = 1> <Sync> <CReg>
ST_5 : Operation 175 [1/1] (0.00ns)   --->   "%tmp_5 = call i14 @_ssdm_op_BitConcatenate.i14.i8.i6(i8 %p_Val2_5, i6 0)" [firmware/myproject.cpp:51]   --->   Operation 175 'bitconcatenate' 'tmp_5' <Predicate = true> <Delay = 0.00>
ST_5 : Operation 176 [1/1] (0.00ns)   --->   "%sext_ln1193_3 = sext i14 %tmp_5 to i20" [firmware/myproject.cpp:51]   --->   Operation 176 'sext' 'sext_ln1193_3' <Predicate = true> <Delay = 0.00>
ST_5 : Operation 177 [1/1] (2.03ns) (root node of the DSP)   --->   "%ret_V_6 = sub i20 %mul_ln728_1, %sext_ln1193_3" [firmware/myproject.cpp:51]   --->   Operation 177 'sub' 'ret_V_6' <Predicate = true> <Delay = 2.03> <Core = "DSP48">   --->   Core 88 'DSP48' <Latency = 0> <II = 1> <Delay = 2.53> <IPBlock> <Opcode : 'mul' 'add' 'sub' 'select'> <InPorts = 2> <OutPorts = 1> <Sync> <CReg>
ST_5 : Operation 178 [1/4] (2.86ns)   --->   "%p_Val2_6 = call fastcc i8 @"sin_lut<ap_fixed<12, 6, 5, 3, 0> >"(i12 %trunc_ln708_2)" [firmware/myproject.cpp:51]   --->   Operation 178 'call' 'p_Val2_6' <Predicate = true> <Delay = 2.86> <CoreType = "Generic">   --->   Core 0 '' <Latency = 0> <II = 1> <Delay = 1.00> <Generic> <Opcode : >
ST_5 : Operation 179 [1/1] (0.00ns)   --->   "%sext_ln1116_1 = sext i8 %p_Val2_4 to i16" [firmware/myproject.cpp:51]   --->   Operation 179 'sext' 'sext_ln1116_1' <Predicate = true> <Delay = 0.00>
ST_5 : Operation 180 [1/1] (1.55ns)   --->   "%r_V_35 = mul i16 %sext_ln1116_1, %sext_ln1116_1" [firmware/myproject.cpp:51]   --->   Operation 180 'mul' 'r_V_35' <Predicate = true> <Delay = 1.55> <Core = "Mul">   --->   Core 16 'Mul' <Latency = 0> <II = 1> <Delay = 3.73> <FuncUnit> <Opcode : 'mul'> <InPorts = 2> <OutPorts = 1>
ST_5 : Operation 181 [2/4] (4.33ns)   --->   "%p_8 = call fastcc i8 @"sin_lut<ap_fixed<12, 6, 5, 3, 0> >"(i12 %p_Val2_10)" [firmware/myproject.cpp:51]   --->   Operation 181 'call' 'p_8' <Predicate = true> <Delay = 4.33> <CoreType = "Generic">   --->   Core 0 '' <Latency = 0> <II = 1> <Delay = 1.00> <Generic> <Opcode : >
ST_5 : Operation 182 [3/4] (4.33ns)   --->   "%p_9 = call fastcc i8 @"sin_lut<ap_fixed<12, 6, 5, 3, 0> >"(i12 %add_ln703_3)" [firmware/myproject.cpp:51]   --->   Operation 182 'call' 'p_9' <Predicate = true> <Delay = 4.33> <CoreType = "Generic">   --->   Core 0 '' <Latency = 0> <II = 1> <Delay = 1.00> <Generic> <Opcode : >
ST_5 : Operation 183 [1/1] (2.53ns) (root node of the DSP)   --->   "%r_V_7 = mul i24 %r_V_6, %r_V_6" [firmware/myproject.cpp:52]   --->   Operation 183 'mul' 'r_V_7' <Predicate = true> <Delay = 2.53> <Core = "DSP48">   --->   Core 88 'DSP48' <Latency = 0> <II = 1> <Delay = 2.53> <IPBlock> <Opcode : 'mul' 'add' 'sub' 'select'> <InPorts = 2> <OutPorts = 1> <Sync> <CReg>
ST_5 : Operation 184 [1/1] (0.00ns)   --->   "%shl_ln703 = shl i24 %r_V_7, 2" [firmware/myproject.cpp:52]   --->   Operation 184 'shl' 'shl_ln703' <Predicate = true> <Delay = 0.00>
ST_5 : Operation 185 [1/1] (0.76ns)   --->   "%r_V_36 = sub i15 %sext_ln1118_5, %sext_ln1118_3" [firmware/myproject.cpp:52]   --->   Operation 185 'sub' 'r_V_36' <Predicate = true> <Delay = 0.76> <Core = "AddSub">   --->   Core 14 'AddSub' <Latency = 0> <II = 1> <Delay = 1.01> <FuncUnit> <Opcode : 'add' 'sub'> <InPorts = 2> <OutPorts = 1>
ST_5 : Operation 186 [1/1] (0.00ns)   --->   "%rhs_V_1 = call i21 @_ssdm_op_BitConcatenate.i21.i15.i6(i15 %r_V_36, i6 0)" [firmware/myproject.cpp:52]   --->   Operation 186 'bitconcatenate' 'rhs_V_1' <Predicate = true> <Delay = 0.00>
ST_5 : Operation 187 [1/1] (0.00ns) (grouped into TernaryAdder)   --->   "%sub_ln1192 = sub i24 %r_V_7, %shl_ln703" [firmware/myproject.cpp:52]   --->   Operation 187 'sub' 'sub_ln1192' <Predicate = true> <Delay = 0.00> <Core = "TAddSub">   --->   Core 83 'TAddSub' <Latency = 0> <II = 1> <Delay = 0.34> <IPBlock> <Opcode : 'add' 'sub'> <InPorts = 3> <OutPorts = 1> <Sync> <CReg>
ST_5 : Operation 188 [1/1] (0.00ns)   --->   "%sext_ln1192_6 = sext i21 %rhs_V_1 to i24" [firmware/myproject.cpp:52]   --->   Operation 188 'sext' 'sext_ln1192_6' <Predicate = true> <Delay = 0.00>
ST_5 : Operation 189 [1/1] (2.53ns) (root node of the DSP)   --->   "%r_V_10 = mul i24 %r_V_9, %r_V_9" [firmware/myproject.cpp:52]   --->   Operation 189 'mul' 'r_V_10' <Predicate = true> <Delay = 2.53> <Core = "DSP48">   --->   Core 88 'DSP48' <Latency = 0> <II = 1> <Delay = 2.53> <IPBlock> <Opcode : 'mul' 'add' 'sub' 'select'> <InPorts = 2> <OutPorts = 1> <Sync> <CReg>
ST_5 : Operation 190 [1/1] (0.00ns)   --->   "%sext_ln1118_18 = sext i24 %r_V_10 to i26" [firmware/myproject.cpp:52]   --->   Operation 190 'sext' 'sext_ln1118_18' <Predicate = true> <Delay = 0.00>
ST_5 : Operation 191 [1/1] (0.00ns)   --->   "%shl_ln1118_5 = call i26 @_ssdm_op_BitConcatenate.i26.i24.i2(i24 %r_V_10, i2 0)" [firmware/myproject.cpp:52]   --->   Operation 191 'bitconcatenate' 'shl_ln1118_5' <Predicate = true> <Delay = 0.00>
ST_5 : Operation 192 [1/1] (0.84ns)   --->   "%r_V_11 = sub i26 %shl_ln1118_5, %sext_ln1118_18" [firmware/myproject.cpp:52]   --->   Operation 192 'sub' 'r_V_11' <Predicate = true> <Delay = 0.84> <Core = "AddSub">   --->   Core 14 'AddSub' <Latency = 0> <II = 1> <Delay = 1.01> <FuncUnit> <Opcode : 'add' 'sub'> <InPorts = 2> <OutPorts = 1>
ST_5 : Operation 193 [1/1] (0.00ns)   --->   "%sext_ln1118_19 = sext i8 %p_3 to i20" [firmware/myproject.cpp:52]   --->   Operation 193 'sext' 'sext_ln1118_19' <Predicate = true> <Delay = 0.00>
ST_5 : Operation 194 [1/1] (0.49ns) (grouped into DSP with root node ret_V_9)   --->   "%r_V_37 = mul i20 %sext_ln1118, %sext_ln1118_19" [firmware/myproject.cpp:52]   --->   Operation 194 'mul' 'r_V_37' <Predicate = true> <Delay = 0.49> <Core = "DSP48">   --->   Core 88 'DSP48' <Latency = 0> <II = 1> <Delay = 2.53> <IPBlock> <Opcode : 'mul' 'add' 'sub' 'select'> <InPorts = 2> <OutPorts = 1> <Sync> <CReg>
ST_5 : Operation 195 [1/1] (0.00ns)   --->   "%lhs_V_1 = call i18 @_ssdm_op_BitConcatenate.i18.i12.i6(i12 %p_Val2_2, i6 0)" [firmware/myproject.cpp:52]   --->   Operation 195 'bitconcatenate' 'lhs_V_1' <Predicate = true> <Delay = 0.00>
ST_5 : Operation 196 [1/1] (0.00ns)   --->   "%sext_ln728_4 = sext i18 %lhs_V_1 to i20" [firmware/myproject.cpp:52]   --->   Operation 196 'sext' 'sext_ln728_4' <Predicate = true> <Delay = 0.00>
ST_5 : Operation 197 [1/1] (2.03ns) (root node of the DSP)   --->   "%ret_V_9 = add i20 %r_V_37, %sext_ln728_4" [firmware/myproject.cpp:52]   --->   Operation 197 'add' 'ret_V_9' <Predicate = true> <Delay = 2.03> <Core = "DSP48">   --->   Core 88 'DSP48' <Latency = 0> <II = 1> <Delay = 2.53> <IPBlock> <Opcode : 'mul' 'add' 'sub' 'select'> <InPorts = 2> <OutPorts = 1> <Sync> <CReg>
ST_5 : Operation 198 [1/1] (0.70ns) (root node of TernaryAdder)   --->   "%add_ln700_1 = add i24 %sub_ln1192, %sext_ln1192_6" [firmware/myproject.cpp:52]   --->   Operation 198 'add' 'add_ln700_1' <Predicate = true> <Delay = 0.70> <Core = "TAddSub">   --->   Core 83 'TAddSub' <Latency = 0> <II = 1> <Delay = 0.34> <IPBlock> <Opcode : 'add' 'sub'> <InPorts = 3> <OutPorts = 1> <Sync> <CReg>
ST_5 : Operation 199 [1/1] (0.00ns)   --->   "%sext_ln1118_20 = sext i24 %r_V_14 to i26" [firmware/myproject.cpp:52]   --->   Operation 199 'sext' 'sext_ln1118_20' <Predicate = true> <Delay = 0.00>
ST_5 : Operation 200 [1/1] (0.00ns)   --->   "%shl_ln1118_6 = call i26 @_ssdm_op_BitConcatenate.i26.i24.i2(i24 %r_V_14, i2 0)" [firmware/myproject.cpp:52]   --->   Operation 200 'bitconcatenate' 'shl_ln1118_6' <Predicate = true> <Delay = 0.00>
ST_5 : Operation 201 [1/1] (0.84ns)   --->   "%r_V_15 = sub i26 %shl_ln1118_6, %sext_ln1118_20" [firmware/myproject.cpp:52]   --->   Operation 201 'sub' 'r_V_15' <Predicate = true> <Delay = 0.84> <Core = "AddSub">   --->   Core 14 'AddSub' <Latency = 0> <II = 1> <Delay = 1.01> <FuncUnit> <Opcode : 'add' 'sub'> <InPorts = 2> <OutPorts = 1>
ST_5 : Operation 202 [1/1] (0.00ns)   --->   "%sext_ln700_6 = sext i26 %r_V_15 to i48" [firmware/myproject.cpp:52]   --->   Operation 202 'sext' 'sext_ln700_6' <Predicate = true> <Delay = 0.00>
ST_5 : Operation 203 [1/1] (0.00ns)   --->   "%sext_ln700_7 = sext i28 %r_V_17 to i48" [firmware/myproject.cpp:52]   --->   Operation 203 'sext' 'sext_ln700_7' <Predicate = true> <Delay = 0.00>
ST_5 : Operation 204 [1/1] (2.87ns)   --->   "%mul_ln700_2 = mul i48 %sext_ln700_7, %sext_ln700_6" [firmware/myproject.cpp:52]   --->   Operation 204 'mul' 'mul_ln700_2' <Predicate = true> <Delay = 2.87> <Core = "Mul">   --->   Core 16 'Mul' <Latency = 0> <II = 1> <Delay = 3.73> <FuncUnit> <Opcode : 'mul'> <InPorts = 2> <OutPorts = 1>
ST_5 : Operation 205 [1/1] (1.55ns)   --->   "%r_V_18 = mul i16 %sext_ln1118_6, %sext_ln1118_6" [firmware/myproject.cpp:52]   --->   Operation 205 'mul' 'r_V_18' <Predicate = true> <Delay = 1.55> <Core = "Mul">   --->   Core 16 'Mul' <Latency = 0> <II = 1> <Delay = 3.73> <FuncUnit> <Opcode : 'mul'> <InPorts = 2> <OutPorts = 1>
ST_5 : Operation 206 [3/4] (4.33ns)   --->   "%p_Val2_8 = call fastcc i8 @"sin_lut<ap_fixed<12, 6, 5, 3, 0> >"(i12 %trunc_ln708_4)" [firmware/myproject.cpp:52]   --->   Operation 206 'call' 'p_Val2_8' <Predicate = true> <Delay = 4.33> <CoreType = "Generic">   --->   Core 0 '' <Latency = 0> <II = 1> <Delay = 1.00> <Generic> <Opcode : >
ST_5 : Operation 207 [1/1] (0.00ns)   --->   "%sext_ln1116_4 = sext i9 %ret_V_16 to i18" [firmware/myproject.cpp:53]   --->   Operation 207 'sext' 'sext_ln1116_4' <Predicate = true> <Delay = 0.00>
ST_5 : Operation 208 [1/1] (1.46ns)   --->   "%r_V_19 = mul i18 %sext_ln1116_4, %sext_ln1116_4" [firmware/myproject.cpp:53]   --->   Operation 208 'mul' 'r_V_19' <Predicate = true> <Delay = 1.46> <Core = "Mul">   --->   Core 16 'Mul' <Latency = 0> <II = 1> <Delay = 3.73> <FuncUnit> <Opcode : 'mul'> <InPorts = 2> <OutPorts = 1>
ST_5 : Operation 209 [1/1] (0.00ns)   --->   "%sext_ln728_6 = sext i18 %r_V_19 to i25" [firmware/myproject.cpp:53]   --->   Operation 209 'sext' 'sext_ln728_6' <Predicate = true> <Delay = 0.00>
ST_5 : Operation 210 [1/1] (0.00ns)   --->   "%lhs_V_6 = call i24 @_ssdm_op_BitConcatenate.i24.i18.i6(i18 %mul_ln728, i6 0)" [firmware/myproject.cpp:53]   --->   Operation 210 'bitconcatenate' 'lhs_V_6' <Predicate = true> <Delay = 0.00>
ST_5 : Operation 211 [1/1] (0.00ns)   --->   "%sext_ln728_7 = sext i24 %lhs_V_6 to i25" [firmware/myproject.cpp:53]   --->   Operation 211 'sext' 'sext_ln728_7' <Predicate = true> <Delay = 0.00>
ST_5 : Operation 212 [1/1] (0.49ns) (grouped into DSP with root node ret_V_38)   --->   "%mul_ln1193_1 = mul i25 %sext_ln728_6, -43" [firmware/myproject.cpp:53]   --->   Operation 212 'mul' 'mul_ln1193_1' <Predicate = true> <Delay = 0.49> <Core = "DSP48">   --->   Core 88 'DSP48' <Latency = 0> <II = 1> <Delay = 2.53> <IPBlock> <Opcode : 'mul' 'add' 'sub' 'select'> <InPorts = 2> <OutPorts = 1> <Sync> <CReg>
ST_5 : Operation 213 [1/1] (2.03ns) (root node of the DSP)   --->   "%ret_V_38 = add i25 %mul_ln1193_1, %sext_ln728_7" [firmware/myproject.cpp:53]   --->   Operation 213 'add' 'ret_V_38' <Predicate = true> <Delay = 2.03> <Core = "DSP48">   --->   Core 88 'DSP48' <Latency = 0> <II = 1> <Delay = 2.53> <IPBlock> <Opcode : 'mul' 'add' 'sub' 'select'> <InPorts = 2> <OutPorts = 1> <Sync> <CReg>
ST_5 : Operation 214 [1/4] (2.86ns)   --->   "%p_5 = call fastcc i8 @"cos_lut<ap_fixed<12, 6, 5, 3, 0> >"(i12 %trunc_ln708_6)" [firmware/myproject.cpp:53]   --->   Operation 214 'call' 'p_5' <Predicate = true> <Delay = 2.86> <CoreType = "Generic">   --->   Core 0 '' <Latency = 0> <II = 1> <Delay = 1.00> <Generic> <Opcode : >
ST_5 : Operation 215 [2/4] (4.33ns)   --->   "%p_6 = call fastcc i8 @"cos_lut<ap_fixed<12, 6, 5, 3, 0> >"(i12 %trunc_ln708_7)" [firmware/myproject.cpp:53]   --->   Operation 215 'call' 'p_6' <Predicate = true> <Delay = 4.33> <CoreType = "Generic">   --->   Core 0 '' <Latency = 0> <II = 1> <Delay = 1.00> <Generic> <Opcode : >
ST_5 : Operation 216 [1/1] (0.00ns)   --->   "%sext_ln703_6 = sext i8 %p_Val2_4 to i9" [firmware/myproject.cpp:54]   --->   Operation 216 'sext' 'sext_ln703_6' <Predicate = true> <Delay = 0.00>
ST_5 : Operation 217 [1/1] (0.70ns)   --->   "%ret_V_23 = add i9 %sext_ln703_6, 30" [firmware/myproject.cpp:54]   --->   Operation 217 'add' 'ret_V_23' <Predicate = true> <Delay = 0.70> <Core = "AddSub">   --->   Core 14 'AddSub' <Latency = 0> <II = 1> <Delay = 1.01> <FuncUnit> <Opcode : 'add' 'sub'> <InPorts = 2> <OutPorts = 1>
ST_5 : Operation 218 [1/4] (2.86ns)   --->   "%p_7 = call fastcc i8 @"sin_lut<ap_fixed<12, 6, 5, 3, 0> >"(i12 %trunc_ln708_9)" [firmware/myproject.cpp:54]   --->   Operation 218 'call' 'p_7' <Predicate = true> <Delay = 2.86> <CoreType = "Generic">   --->   Core 0 '' <Latency = 0> <II = 1> <Delay = 1.00> <Generic> <Opcode : >
ST_5 : Operation 219 [1/4] (2.86ns)   --->   "%p_10 = call fastcc i8 @"cos_lut<ap_fixed<12, 6, 5, 3, 0> >"(i12 %trunc_ln708_s)" [firmware/myproject.cpp:54]   --->   Operation 219 'call' 'p_10' <Predicate = true> <Delay = 2.86> <CoreType = "Generic">   --->   Core 0 '' <Latency = 0> <II = 1> <Delay = 1.00> <Generic> <Opcode : >
ST_5 : Operation 220 [2/4] (4.33ns)   --->   "%p_11 = call fastcc i8 @"cos_lut<ap_fixed<12, 6, 5, 3, 0> >"(i12 %trunc_ln708_10)" [firmware/myproject.cpp:54]   --->   Operation 220 'call' 'p_11' <Predicate = true> <Delay = 4.33> <CoreType = "Generic">   --->   Core 0 '' <Latency = 0> <II = 1> <Delay = 1.00> <Generic> <Opcode : >

State 6 <SV = 5> <Delay = 4.33>
ST_6 : Operation 221 [1/1] (0.00ns)   --->   "%sext_ln1193_1 = sext i13 %ret_V_34 to i17" [firmware/myproject.cpp:50]   --->   Operation 221 'sext' 'sext_ln1193_1' <Predicate = true> <Delay = 0.00>
ST_6 : Operation 222 [1/1] (1.89ns)   --->   "%ret_V_28 = mul i17 %sext_ln1193_1, 11" [firmware/myproject.cpp:50]   --->   Operation 222 'mul' 'ret_V_28' <Predicate = true> <Delay = 1.89> <Core = "Mul">   --->   Core 16 'Mul' <Latency = 0> <II = 1> <Delay = 3.73> <FuncUnit> <Opcode : 'mul'> <InPorts = 2> <OutPorts = 1>
ST_6 : Operation 223 [1/4] (2.86ns)   --->   "%p_1 = call fastcc i8 @"sin_lut<ap_fixed<12, 6, 5, 3, 0> >"(i12 %trunc_ln)" [firmware/myproject.cpp:50]   --->   Operation 223 'call' 'p_1' <Predicate = true> <Delay = 2.86> <CoreType = "Generic">   --->   Core 0 '' <Latency = 0> <II = 1> <Delay = 1.00> <Generic> <Opcode : >
ST_6 : Operation 224 [1/4] (2.86ns)   --->   "%p_2 = call fastcc i8 @"sin_lut<ap_fixed<12, 6, 5, 3, 0> >"(i12 %add_ln703_1)" [firmware/myproject.cpp:50]   --->   Operation 224 'call' 'p_2' <Predicate = true> <Delay = 2.86> <CoreType = "Generic">   --->   Core 0 '' <Latency = 0> <II = 1> <Delay = 1.00> <Generic> <Opcode : >
ST_6 : Operation 225 [1/1] (0.00ns)   --->   "%sext_ln1253 = sext i8 %p_Val2_6 to i9" [firmware/myproject.cpp:51]   --->   Operation 225 'sext' 'sext_ln1253' <Predicate = true> <Delay = 0.00>
ST_6 : Operation 226 [1/1] (0.70ns)   --->   "%r_V_34 = sub i9 0, %sext_ln1253" [firmware/myproject.cpp:51]   --->   Operation 226 'sub' 'r_V_34' <Predicate = true> <Delay = 0.70> <Core = "AddSub">   --->   Core 14 'AddSub' <Latency = 0> <II = 1> <Delay = 1.01> <FuncUnit> <Opcode : 'add' 'sub'> <InPorts = 2> <OutPorts = 1>
ST_6 : Operation 227 [1/1] (0.00ns)   --->   "%sext_ln1118_15 = sext i16 %r_V_35 to i17" [firmware/myproject.cpp:51]   --->   Operation 227 'sext' 'sext_ln1118_15' <Predicate = true> <Delay = 0.00>
ST_6 : Operation 228 [1/1] (0.00ns)   --->   "%tmp = call i15 @_ssdm_op_BitConcatenate.i15.i9.i6(i9 %r_V_34, i6 0)" [firmware/myproject.cpp:51]   --->   Operation 228 'bitconcatenate' 'tmp' <Predicate = true> <Delay = 0.00>
ST_6 : Operation 229 [1/1] (0.00ns)   --->   "%sext_ln700_11 = sext i15 %tmp to i17" [firmware/myproject.cpp:51]   --->   Operation 229 'sext' 'sext_ln700_11' <Predicate = true> <Delay = 0.00>
ST_6 : Operation 230 [1/1] (0.78ns)   --->   "%ret_V_7 = add i17 %sext_ln1118_15, %sext_ln700_11" [firmware/myproject.cpp:51]   --->   Operation 230 'add' 'ret_V_7' <Predicate = true> <Delay = 0.78> <Core = "AddSub">   --->   Core 14 'AddSub' <Latency = 0> <II = 1> <Delay = 1.01> <FuncUnit> <Opcode : 'add' 'sub'> <InPorts = 2> <OutPorts = 1>
ST_6 : Operation 231 [1/1] (0.00ns)   --->   "%sext_ln1118_16 = sext i20 %ret_V_6 to i40" [firmware/myproject.cpp:51]   --->   Operation 231 'sext' 'sext_ln1118_16' <Predicate = true> <Delay = 0.00>
ST_6 : Operation 232 [1/1] (0.00ns)   --->   "%sext_ln1118_17 = sext i17 %ret_V_7 to i40" [firmware/myproject.cpp:51]   --->   Operation 232 'sext' 'sext_ln1118_17' <Predicate = true> <Delay = 0.00>
ST_6 : Operation 233 [1/1] (2.53ns) (root node of the DSP)   --->   "%r_V_5 = mul i40 %sext_ln1118_17, %sext_ln1118_16" [firmware/myproject.cpp:51]   --->   Operation 233 'mul' 'r_V_5' <Predicate = true> <Delay = 2.53> <Core = "DSP48">   --->   Core 88 'DSP48' <Latency = 0> <II = 1> <Delay = 2.53> <IPBlock> <Opcode : 'mul' 'add' 'sub' 'select'> <InPorts = 2> <OutPorts = 1> <Sync> <CReg>
ST_6 : Operation 234 [1/4] (2.86ns)   --->   "%p_8 = call fastcc i8 @"sin_lut<ap_fixed<12, 6, 5, 3, 0> >"(i12 %p_Val2_10)" [firmware/myproject.cpp:51]   --->   Operation 234 'call' 'p_8' <Predicate = true> <Delay = 2.86> <CoreType = "Generic">   --->   Core 0 '' <Latency = 0> <II = 1> <Delay = 1.00> <Generic> <Opcode : >
ST_6 : Operation 235 [2/4] (4.33ns)   --->   "%p_9 = call fastcc i8 @"sin_lut<ap_fixed<12, 6, 5, 3, 0> >"(i12 %add_ln703_3)" [firmware/myproject.cpp:51]   --->   Operation 235 'call' 'p_9' <Predicate = true> <Delay = 4.33> <CoreType = "Generic">   --->   Core 0 '' <Latency = 0> <II = 1> <Delay = 1.00> <Generic> <Opcode : >
ST_6 : Operation 236 [1/1] (0.00ns)   --->   "%sext_ln700_4 = sext i26 %r_V_11 to i36" [firmware/myproject.cpp:52]   --->   Operation 236 'sext' 'sext_ln700_4' <Predicate = true> <Delay = 0.00>
ST_6 : Operation 237 [1/1] (0.00ns)   --->   "%sext_ln700_5 = sext i20 %ret_V_9 to i36" [firmware/myproject.cpp:52]   --->   Operation 237 'sext' 'sext_ln700_5' <Predicate = true> <Delay = 0.00>
ST_6 : Operation 238 [1/1] (2.73ns)   --->   "%mul_ln700_1 = mul i36 %sext_ln700_5, %sext_ln700_4" [firmware/myproject.cpp:52]   --->   Operation 238 'mul' 'mul_ln700_1' <Predicate = true> <Delay = 2.73> <Core = "Mul">   --->   Core 16 'Mul' <Latency = 0> <II = 1> <Delay = 3.73> <FuncUnit> <Opcode : 'mul'> <InPorts = 2> <OutPorts = 1>
ST_6 : Operation 239 [1/1] (0.00ns)   --->   "%shl_ln1 = call i36 @_ssdm_op_BitConcatenate.i36.i24.i12(i24 %add_ln700_1, i12 0)" [firmware/myproject.cpp:52]   --->   Operation 239 'bitconcatenate' 'shl_ln1' <Predicate = true> <Delay = 0.00>
ST_6 : Operation 240 [1/1] (0.92ns)   --->   "%sub_ln700 = sub i36 %shl_ln1, %mul_ln700_1" [firmware/myproject.cpp:52]   --->   Operation 240 'sub' 'sub_ln700' <Predicate = true> <Delay = 0.92> <Core = "AddSub">   --->   Core 14 'AddSub' <Latency = 0> <II = 1> <Delay = 1.01> <FuncUnit> <Opcode : 'add' 'sub'> <InPorts = 2> <OutPorts = 1>
ST_6 : Operation 241 [1/1] (0.00ns)   --->   "%sext_ln700_8 = sext i16 %r_V_18 to i48" [firmware/myproject.cpp:52]   --->   Operation 241 'sext' 'sext_ln700_8' <Predicate = true> <Delay = 0.00>
ST_6 : Operation 242 [1/1] (3.74ns)   --->   "%mul_ln700_3 = mul i48 %sext_ln700_8, %mul_ln700_2" [firmware/myproject.cpp:52]   --->   Operation 242 'mul' 'mul_ln700_3' <Predicate = true> <Delay = 3.74> <Core = "Mul">   --->   Core 16 'Mul' <Latency = 0> <II = 1> <Delay = 3.73> <FuncUnit> <Opcode : 'mul'> <InPorts = 2> <OutPorts = 1>
ST_6 : Operation 243 [2/4] (4.33ns)   --->   "%p_Val2_8 = call fastcc i8 @"sin_lut<ap_fixed<12, 6, 5, 3, 0> >"(i12 %trunc_ln708_4)" [firmware/myproject.cpp:52]   --->   Operation 243 'call' 'p_Val2_8' <Predicate = true> <Delay = 4.33> <CoreType = "Generic">   --->   Core 0 '' <Latency = 0> <II = 1> <Delay = 1.00> <Generic> <Opcode : >
ST_6 : Operation 244 [1/1] (0.83ns)   --->   "%ret_V_18 = add i25 %ret_V_38, 438272" [firmware/myproject.cpp:53]   --->   Operation 244 'add' 'ret_V_18' <Predicate = true> <Delay = 0.83> <Core = "AddSub">   --->   Core 14 'AddSub' <Latency = 0> <II = 1> <Delay = 1.01> <FuncUnit> <Opcode : 'add' 'sub'> <InPorts = 2> <OutPorts = 1>
ST_6 : Operation 245 [1/1] (0.00ns)   --->   "%sext_ln1118_22 = sext i25 %ret_V_18 to i43" [firmware/myproject.cpp:53]   --->   Operation 245 'sext' 'sext_ln1118_22' <Predicate = true> <Delay = 0.00>
ST_6 : Operation 246 [1/1] (0.00ns)   --->   "%sext_ln1118_23 = sext i16 %r_V_35 to i43" [firmware/myproject.cpp:53]   --->   Operation 246 'sext' 'sext_ln1118_23' <Predicate = true> <Delay = 0.00>
ST_6 : Operation 247 [1/1] (2.53ns) (root node of the DSP)   --->   "%r_V_20 = mul i43 %sext_ln1118_23, %sext_ln1118_22" [firmware/myproject.cpp:53]   --->   Operation 247 'mul' 'r_V_20' <Predicate = true> <Delay = 2.53> <Core = "DSP48">   --->   Core 88 'DSP48' <Latency = 0> <II = 1> <Delay = 2.53> <IPBlock> <Opcode : 'mul' 'add' 'sub' 'select'> <InPorts = 2> <OutPorts = 1> <Sync> <CReg>
ST_6 : Operation 248 [1/1] (0.00ns)   --->   "%sext_ln1116_5 = sext i8 %p_5 to i16" [firmware/myproject.cpp:53]   --->   Operation 248 'sext' 'sext_ln1116_5' <Predicate = true> <Delay = 0.00>
ST_6 : Operation 249 [1/1] (1.55ns)   --->   "%r_V_21 = mul i16 %sext_ln1116_5, %sext_ln1116_5" [firmware/myproject.cpp:53]   --->   Operation 249 'mul' 'r_V_21' <Predicate = true> <Delay = 1.55> <Core = "Mul">   --->   Core 16 'Mul' <Latency = 0> <II = 1> <Delay = 3.73> <FuncUnit> <Opcode : 'mul'> <InPorts = 2> <OutPorts = 1>
ST_6 : Operation 250 [1/4] (2.86ns)   --->   "%p_6 = call fastcc i8 @"cos_lut<ap_fixed<12, 6, 5, 3, 0> >"(i12 %trunc_ln708_7)" [firmware/myproject.cpp:53]   --->   Operation 250 'call' 'p_6' <Predicate = true> <Delay = 2.86> <CoreType = "Generic">   --->   Core 0 '' <Latency = 0> <II = 1> <Delay = 1.00> <Generic> <Opcode : >
ST_6 : Operation 251 [1/1] (0.00ns)   --->   "%sext_ln1116_7 = sext i9 %ret_V_23 to i18" [firmware/myproject.cpp:54]   --->   Operation 251 'sext' 'sext_ln1116_7' <Predicate = true> <Delay = 0.00>
ST_6 : Operation 252 [1/1] (1.46ns)   --->   "%r_V_23 = mul i18 %sext_ln1116_7, %sext_ln1116_7" [firmware/myproject.cpp:54]   --->   Operation 252 'mul' 'r_V_23' <Predicate = true> <Delay = 1.46> <Core = "Mul">   --->   Core 16 'Mul' <Latency = 0> <II = 1> <Delay = 3.73> <FuncUnit> <Opcode : 'mul'> <InPorts = 2> <OutPorts = 1>
ST_6 : Operation 253 [1/1] (0.00ns)   --->   "%sext_ln1116_8 = sext i8 %p_7 to i16" [firmware/myproject.cpp:54]   --->   Operation 253 'sext' 'sext_ln1116_8' <Predicate = true> <Delay = 0.00>
ST_6 : Operation 254 [1/1] (1.55ns)   --->   "%r_V_24 = mul i16 %sext_ln1116_8, %sext_ln1116_8" [firmware/myproject.cpp:54]   --->   Operation 254 'mul' 'r_V_24' <Predicate = true> <Delay = 1.55> <Core = "Mul">   --->   Core 16 'Mul' <Latency = 0> <II = 1> <Delay = 3.73> <FuncUnit> <Opcode : 'mul'> <InPorts = 2> <OutPorts = 1>
ST_6 : Operation 255 [1/1] (0.00ns)   --->   "%sext_ln1116_9 = sext i18 %r_V_23 to i34" [firmware/myproject.cpp:54]   --->   Operation 255 'sext' 'sext_ln1116_9' <Predicate = true> <Delay = 0.00>
ST_6 : Operation 256 [1/1] (0.00ns)   --->   "%sext_ln1118_25 = sext i16 %r_V_24 to i34" [firmware/myproject.cpp:54]   --->   Operation 256 'sext' 'sext_ln1118_25' <Predicate = true> <Delay = 0.00>
ST_6 : Operation 257 [1/1] (2.53ns) (root node of the DSP)   --->   "%r_V_25 = mul i34 %sext_ln1118_25, %sext_ln1116_9" [firmware/myproject.cpp:54]   --->   Operation 257 'mul' 'r_V_25' <Predicate = true> <Delay = 2.53> <Core = "DSP48">   --->   Core 88 'DSP48' <Latency = 0> <II = 1> <Delay = 2.53> <IPBlock> <Opcode : 'mul' 'add' 'sub' 'select'> <InPorts = 2> <OutPorts = 1> <Sync> <CReg>
ST_6 : Operation 258 [1/1] (0.00ns)   --->   "%sext_ln1116_10 = sext i8 %p_10 to i16" [firmware/myproject.cpp:54]   --->   Operation 258 'sext' 'sext_ln1116_10' <Predicate = true> <Delay = 0.00>
ST_6 : Operation 259 [1/1] (1.55ns)   --->   "%r_V_26 = mul i16 %sext_ln1116_10, %sext_ln1116_10" [firmware/myproject.cpp:54]   --->   Operation 259 'mul' 'r_V_26' <Predicate = true> <Delay = 1.55> <Core = "Mul">   --->   Core 16 'Mul' <Latency = 0> <II = 1> <Delay = 3.73> <FuncUnit> <Opcode : 'mul'> <InPorts = 2> <OutPorts = 1>
ST_6 : Operation 260 [1/4] (2.86ns)   --->   "%p_11 = call fastcc i8 @"cos_lut<ap_fixed<12, 6, 5, 3, 0> >"(i12 %trunc_ln708_10)" [firmware/myproject.cpp:54]   --->   Operation 260 'call' 'p_11' <Predicate = true> <Delay = 2.86> <CoreType = "Generic">   --->   Core 0 '' <Latency = 0> <II = 1> <Delay = 1.00> <Generic> <Opcode : >

State 7 <SV = 6> <Delay = 3.64>
ST_7 : Operation 261 [1/1] (0.00ns)   --->   "%sext_ln1193_2 = sext i15 %ret_V_29 to i16" [firmware/myproject.cpp:50]   --->   Operation 261 'sext' 'sext_ln1193_2' <Predicate = true> <Delay = 0.00>
ST_7 : Operation 262 [1/1] (0.00ns) (grouped into DSP with root node add_ln700)   --->   "%add_ln1192_1 = add i16 %sext_ln1193_2, -4992" [firmware/myproject.cpp:50]   --->   Operation 262 'add' 'add_ln1192_1' <Predicate = true> <Delay = 0.00> <Core = "DSP48">   --->   Core 88 'DSP48' <Latency = 0> <II = 1> <Delay = 2.53> <IPBlock> <Opcode : 'mul' 'add' 'sub' 'select'> <InPorts = 2> <OutPorts = 1> <Sync> <CReg>
ST_7 : Operation 263 [1/1] (0.00ns) (grouped into DSP with root node add_ln700)   --->   "%sext_ln700_1 = sext i16 %add_ln1192_1 to i24" [firmware/myproject.cpp:50]   --->   Operation 263 'sext' 'sext_ln700_1' <Predicate = true> <Delay = 0.00>
ST_7 : Operation 264 [1/1] (0.00ns)   --->   "%sext_ln700_2 = sext i8 %p_1 to i24" [firmware/myproject.cpp:50]   --->   Operation 264 'sext' 'sext_ln700_2' <Predicate = true> <Delay = 0.00>
ST_7 : Operation 265 [1/1] (0.49ns) (grouped into DSP with root node add_ln700)   --->   "%mul_ln700 = mul i24 %sext_ln700_2, %sext_ln700_1" [firmware/myproject.cpp:50]   --->   Operation 265 'mul' 'mul_ln700' <Predicate = true> <Delay = 0.49> <Core = "DSP48">   --->   Core 88 'DSP48' <Latency = 0> <II = 1> <Delay = 2.53> <IPBlock> <Opcode : 'mul' 'add' 'sub' 'select'> <InPorts = 2> <OutPorts = 1> <Sync> <CReg>
ST_7 : Operation 266 [1/1] (0.00ns)   --->   "%lhs_V = call i23 @_ssdm_op_BitConcatenate.i23.i17.i6(i17 %ret_V_28, i6 0)" [firmware/myproject.cpp:50]   --->   Operation 266 'bitconcatenate' 'lhs_V' <Predicate = true> <Delay = 0.00>
ST_7 : Operation 267 [1/1] (0.00ns)   --->   "%sext_ln700_3 = sext i23 %lhs_V to i24" [firmware/myproject.cpp:50]   --->   Operation 267 'sext' 'sext_ln700_3' <Predicate = true> <Delay = 0.00>
ST_7 : Operation 268 [1/1] (2.03ns) (root node of the DSP)   --->   "%add_ln700 = add i24 %mul_ln700, %sext_ln700_3" [firmware/myproject.cpp:50]   --->   Operation 268 'add' 'add_ln700' <Predicate = true> <Delay = 2.03> <Core = "DSP48">   --->   Core 88 'DSP48' <Latency = 0> <II = 1> <Delay = 2.53> <IPBlock> <Opcode : 'mul' 'add' 'sub' 'select'> <InPorts = 2> <OutPorts = 1> <Sync> <CReg>
ST_7 : Operation 269 [1/1] (0.00ns)   --->   "%sext_ln1116 = sext i8 %p_2 to i16" [firmware/myproject.cpp:50]   --->   Operation 269 'sext' 'sext_ln1116' <Predicate = true> <Delay = 0.00>
ST_7 : Operation 270 [1/1] (1.55ns)   --->   "%r_V_31 = mul i16 %sext_ln1116, %sext_ln1116" [firmware/myproject.cpp:50]   --->   Operation 270 'mul' 'r_V_31' <Predicate = true> <Delay = 1.55> <Core = "Mul">   --->   Core 16 'Mul' <Latency = 0> <II = 1> <Delay = 3.73> <FuncUnit> <Opcode : 'mul'> <InPorts = 2> <OutPorts = 1>
ST_7 : Operation 271 [1/1] (0.00ns)   --->   "%tmp_4 = call i22 @_ssdm_op_BitConcatenate.i22.i16.i6(i16 %r_V_31, i6 0)" [firmware/myproject.cpp:50]   --->   Operation 271 'bitconcatenate' 'tmp_4' <Predicate = true> <Delay = 0.00>
ST_7 : Operation 272 [1/1] (0.00ns)   --->   "%rhs_V = sext i22 %tmp_4 to i24" [firmware/myproject.cpp:50]   --->   Operation 272 'sext' 'rhs_V' <Predicate = true> <Delay = 0.00>
ST_7 : Operation 273 [1/1] (0.83ns)   --->   "%ret_V_31 = add i24 %add_ln700, %rhs_V" [firmware/myproject.cpp:50]   --->   Operation 273 'add' 'ret_V_31' <Predicate = true> <Delay = 0.83> <Core = "AddSub">   --->   Core 14 'AddSub' <Latency = 0> <II = 1> <Delay = 1.01> <FuncUnit> <Opcode : 'add' 'sub'> <InPorts = 2> <OutPorts = 1>
ST_7 : Operation 274 [1/1] (0.00ns)   --->   "%trunc_ln708_1 = call i12 @_ssdm_op_PartSelect.i12.i24.i32.i32(i24 %ret_V_31, i32 12, i32 23)" [firmware/myproject.cpp:50]   --->   Operation 274 'partselect' 'trunc_ln708_1' <Predicate = true> <Delay = 0.00>
ST_7 : Operation 275 [1/1] (0.00ns)   --->   "%sext_ln1192_2 = sext i40 %r_V_5 to i48" [firmware/myproject.cpp:51]   --->   Operation 275 'sext' 'sext_ln1192_2' <Predicate = true> <Delay = 0.00>
ST_7 : Operation 276 [1/1] (0.00ns)   --->   "%sext_ln1192_3 = sext i8 %p_8 to i48" [firmware/myproject.cpp:51]   --->   Operation 276 'sext' 'sext_ln1192_3' <Predicate = true> <Delay = 0.00>
ST_7 : Operation 277 [1/1] (3.15ns)   --->   "%mul_ln1192_2 = mul i48 %sext_ln1192_3, %sext_ln1192_2" [firmware/myproject.cpp:51]   --->   Operation 277 'mul' 'mul_ln1192_2' <Predicate = true> <Delay = 3.15> <Core = "Mul">   --->   Core 16 'Mul' <Latency = 0> <II = 1> <Delay = 3.73> <FuncUnit> <Opcode : 'mul'> <InPorts = 2> <OutPorts = 1>
ST_7 : Operation 278 [1/4] (2.86ns)   --->   "%p_9 = call fastcc i8 @"sin_lut<ap_fixed<12, 6, 5, 3, 0> >"(i12 %add_ln703_3)" [firmware/myproject.cpp:51]   --->   Operation 278 'call' 'p_9' <Predicate = true> <Delay = 2.86> <CoreType = "Generic">   --->   Core 0 '' <Latency = 0> <II = 1> <Delay = 1.00> <Generic> <Opcode : >
ST_7 : Operation 279 [1/1] (0.00ns)   --->   "%shl_ln700_1 = call i48 @_ssdm_op_BitConcatenate.i48.i36.i12(i36 %sub_ln700, i12 0)" [firmware/myproject.cpp:52]   --->   Operation 279 'bitconcatenate' 'shl_ln700_1' <Predicate = true> <Delay = 0.00>
ST_7 : Operation 280 [1/1] (0.00ns) (grouped into TernaryAdder)   --->   "%sub_ln700_1 = sub i48 %shl_ln700_1, %mul_ln700_3" [firmware/myproject.cpp:52]   --->   Operation 280 'sub' 'sub_ln700_1' <Predicate = true> <Delay = 0.00> <Core = "TAddSub">   --->   Core 83 'TAddSub' <Latency = 0> <II = 1> <Delay = 0.34> <IPBlock> <Opcode : 'add' 'sub'> <InPorts = 3> <OutPorts = 1> <Sync> <CReg>
ST_7 : Operation 281 [1/4] (2.86ns)   --->   "%p_Val2_8 = call fastcc i8 @"sin_lut<ap_fixed<12, 6, 5, 3, 0> >"(i12 %trunc_ln708_4)" [firmware/myproject.cpp:52]   --->   Operation 281 'call' 'p_Val2_8' <Predicate = true> <Delay = 2.86> <CoreType = "Generic">   --->   Core 0 '' <Latency = 0> <II = 1> <Delay = 1.00> <Generic> <Opcode : >
ST_7 : Operation 282 [1/1] (0.00ns)   --->   "%tmp_s = call i44 @_ssdm_op_BitConcatenate.i44.i8.i36(i8 %p_Val2_8, i36 0)" [firmware/myproject.cpp:52]   --->   Operation 282 'bitconcatenate' 'tmp_s' <Predicate = true> <Delay = 0.00>
ST_7 : Operation 283 [1/1] (0.00ns)   --->   "%rhs_V_4 = sext i44 %tmp_s to i48" [firmware/myproject.cpp:52]   --->   Operation 283 'sext' 'rhs_V_4' <Predicate = true> <Delay = 0.00>
ST_7 : Operation 284 [1/1] (0.78ns) (root node of TernaryAdder)   --->   "%ret_V_37 = add i48 %sub_ln700_1, %rhs_V_4" [firmware/myproject.cpp:52]   --->   Operation 284 'add' 'ret_V_37' <Predicate = true> <Delay = 0.78> <Core = "TAddSub">   --->   Core 83 'TAddSub' <Latency = 0> <II = 1> <Delay = 0.34> <IPBlock> <Opcode : 'add' 'sub'> <InPorts = 3> <OutPorts = 1> <Sync> <CReg>
ST_7 : Operation 285 [1/1] (0.00ns)   --->   "%trunc_ln708_5 = call i12 @_ssdm_op_PartSelect.i12.i48.i32.i32(i48 %ret_V_37, i32 36, i32 47)" [firmware/myproject.cpp:52]   --->   Operation 285 'partselect' 'trunc_ln708_5' <Predicate = true> <Delay = 0.00>
ST_7 : Operation 286 [1/1] (0.00ns)   --->   "%sext_ln1192_7 = sext i43 %r_V_20 to i53" [firmware/myproject.cpp:53]   --->   Operation 286 'sext' 'sext_ln1192_7' <Predicate = true> <Delay = 0.00>
ST_7 : Operation 287 [1/1] (0.00ns)   --->   "%sext_ln1192_8 = sext i16 %r_V_21 to i53" [firmware/myproject.cpp:53]   --->   Operation 287 'sext' 'sext_ln1192_8' <Predicate = true> <Delay = 0.00>
ST_7 : Operation 288 [1/1] (3.45ns)   --->   "%mul_ln1192_6 = mul i53 %sext_ln1192_8, %sext_ln1192_7" [firmware/myproject.cpp:53]   --->   Operation 288 'mul' 'mul_ln1192_6' <Predicate = true> <Delay = 3.45> <Core = "Mul">   --->   Core 16 'Mul' <Latency = 0> <II = 1> <Delay = 3.73> <FuncUnit> <Opcode : 'mul'> <InPorts = 2> <OutPorts = 1>
ST_7 : Operation 289 [1/1] (0.00ns)   --->   "%sext_ln1116_6 = sext i8 %p_6 to i16" [firmware/myproject.cpp:53]   --->   Operation 289 'sext' 'sext_ln1116_6' <Predicate = true> <Delay = 0.00>
ST_7 : Operation 290 [1/1] (1.55ns)   --->   "%r_V_22 = mul i16 %sext_ln1116_6, %sext_ln1116_6" [firmware/myproject.cpp:53]   --->   Operation 290 'mul' 'r_V_22' <Predicate = true> <Delay = 1.55> <Core = "Mul">   --->   Core 16 'Mul' <Latency = 0> <II = 1> <Delay = 3.73> <FuncUnit> <Opcode : 'mul'> <InPorts = 2> <OutPorts = 1>
ST_7 : Operation 291 [1/1] (0.00ns)   --->   "%sext_ln1192_11 = sext i34 %r_V_25 to i50" [firmware/myproject.cpp:54]   --->   Operation 291 'sext' 'sext_ln1192_11' <Predicate = true> <Delay = 0.00>
ST_7 : Operation 292 [1/1] (0.00ns)   --->   "%sext_ln1192_13 = sext i16 %r_V_26 to i50" [firmware/myproject.cpp:54]   --->   Operation 292 'sext' 'sext_ln1192_13' <Predicate = true> <Delay = 0.00>
ST_7 : Operation 293 [1/1] (3.12ns)   --->   "%mul_ln1192_9 = mul i50 %sext_ln1192_13, %sext_ln1192_11" [firmware/myproject.cpp:54]   --->   Operation 293 'mul' 'mul_ln1192_9' <Predicate = true> <Delay = 3.12> <Core = "Mul">   --->   Core 16 'Mul' <Latency = 0> <II = 1> <Delay = 3.73> <FuncUnit> <Opcode : 'mul'> <InPorts = 2> <OutPorts = 1>
ST_7 : Operation 294 [1/1] (0.00ns)   --->   "%sext_ln1116_11 = sext i8 %p_11 to i16" [firmware/myproject.cpp:54]   --->   Operation 294 'sext' 'sext_ln1116_11' <Predicate = true> <Delay = 0.00>
ST_7 : Operation 295 [1/1] (1.55ns)   --->   "%r_V_29 = mul i16 %sext_ln1116_11, %sext_ln1116_11" [firmware/myproject.cpp:54]   --->   Operation 295 'mul' 'r_V_29' <Predicate = true> <Delay = 1.55> <Core = "Mul">   --->   Core 16 'Mul' <Latency = 0> <II = 1> <Delay = 3.73> <FuncUnit> <Opcode : 'mul'> <InPorts = 2> <OutPorts = 1>

State 8 <SV = 7> <Delay = 3.76>
ST_8 : Operation 296 [1/1] (0.00ns)   --->   "%sext_ln1192_4 = sext i8 %p_9 to i48" [firmware/myproject.cpp:51]   --->   Operation 296 'sext' 'sext_ln1192_4' <Predicate = true> <Delay = 0.00>
ST_8 : Operation 297 [1/1] (3.76ns)   --->   "%mul_ln1192_3 = mul i48 %sext_ln1192_4, %mul_ln1192_2" [firmware/myproject.cpp:51]   --->   Operation 297 'mul' 'mul_ln1192_3' <Predicate = true> <Delay = 3.76> <Core = "Mul">   --->   Core 16 'Mul' <Latency = 0> <II = 1> <Delay = 3.73> <FuncUnit> <Opcode : 'mul'> <InPorts = 2> <OutPorts = 1>
ST_8 : Operation 298 [1/1] (0.00ns)   --->   "%sext_ln1192_10 = sext i53 %mul_ln1192_6 to i60" [firmware/myproject.cpp:53]   --->   Operation 298 'sext' 'sext_ln1192_10' <Predicate = true> <Delay = 0.00>
ST_8 : Operation 299 [1/1] (0.00ns)   --->   "%sext_ln1192_9 = sext i16 %r_V_22 to i60" [firmware/myproject.cpp:53]   --->   Operation 299 'sext' 'sext_ln1192_9' <Predicate = true> <Delay = 0.00>
ST_8 : Operation 300 [1/1] (3.76ns)   --->   "%mul_ln1192_7 = mul i60 %sext_ln1192_9, %sext_ln1192_10" [firmware/myproject.cpp:53]   --->   Operation 300 'mul' 'mul_ln1192_7' <Predicate = true> <Delay = 3.76> <Core = "Mul">   --->   Core 16 'Mul' <Latency = 0> <II = 1> <Delay = 3.73> <FuncUnit> <Opcode : 'mul'> <InPorts = 2> <OutPorts = 1>
ST_8 : Operation 301 [1/1] (0.00ns)   --->   "%sext_ln1192_14 = sext i50 %mul_ln1192_9 to i54" [firmware/myproject.cpp:54]   --->   Operation 301 'sext' 'sext_ln1192_14' <Predicate = true> <Delay = 0.00>
ST_8 : Operation 302 [1/1] (0.00ns)   --->   "%sext_ln1192_12 = sext i16 %r_V_29 to i54" [firmware/myproject.cpp:54]   --->   Operation 302 'sext' 'sext_ln1192_12' <Predicate = true> <Delay = 0.00>
ST_8 : Operation 303 [1/1] (3.73ns)   --->   "%mul_ln1192_10 = mul i54 %sext_ln1192_12, %sext_ln1192_14" [firmware/myproject.cpp:54]   --->   Operation 303 'mul' 'mul_ln1192_10' <Predicate = true> <Delay = 3.73> <Core = "Mul">   --->   Core 16 'Mul' <Latency = 0> <II = 1> <Delay = 3.73> <FuncUnit> <Opcode : 'mul'> <InPorts = 2> <OutPorts = 1>

State 9 <SV = 8> <Delay = 3.74>
ST_9 : Operation 304 [1/1] (0.00ns)   --->   "%sext_ln1192_5 = sext i8 %p_3 to i48" [firmware/myproject.cpp:51]   --->   Operation 304 'sext' 'sext_ln1192_5' <Predicate = true> <Delay = 0.00>
ST_9 : Operation 305 [1/1] (3.74ns)   --->   "%mul_ln1192_4 = mul i48 %sext_ln1192_5, %mul_ln1192_3" [firmware/myproject.cpp:51]   --->   Operation 305 'mul' 'mul_ln1192_4' <Predicate = true> <Delay = 3.74> <Core = "Mul">   --->   Core 16 'Mul' <Latency = 0> <II = 1> <Delay = 3.73> <FuncUnit> <Opcode : 'mul'> <InPorts = 2> <OutPorts = 1>
ST_9 : Operation 306 [1/1] (1.09ns)   --->   "%ret_V_41 = add i60 %mul_ln1192_7, -17451448556060672" [firmware/myproject.cpp:53]   --->   Operation 306 'add' 'ret_V_41' <Predicate = true> <Delay = 1.09> <Core = "AddSub">   --->   Core 14 'AddSub' <Latency = 0> <II = 1> <Delay = 1.01> <FuncUnit> <Opcode : 'add' 'sub'> <InPorts = 2> <OutPorts = 1>
ST_9 : Operation 307 [1/1] (0.00ns)   --->   "%trunc_ln708_8 = call i12 @_ssdm_op_PartSelect.i12.i60.i32.i32(i60 %ret_V_41, i32 48, i32 59)" [firmware/myproject.cpp:53]   --->   Operation 307 'partselect' 'trunc_ln708_8' <Predicate = true> <Delay = 0.00>
ST_9 : Operation 308 [1/1] (1.01ns)   --->   "%ret_V_45 = add i54 %mul_ln1192_10, -277076930199552" [firmware/myproject.cpp:54]   --->   Operation 308 'add' 'ret_V_45' <Predicate = true> <Delay = 1.01> <Core = "AddSub">   --->   Core 14 'AddSub' <Latency = 0> <II = 1> <Delay = 1.01> <FuncUnit> <Opcode : 'add' 'sub'> <InPorts = 2> <OutPorts = 1>
ST_9 : Operation 309 [1/1] (0.00ns)   --->   "%trunc_ln708_11 = call i12 @_ssdm_op_PartSelect.i12.i54.i32.i32(i54 %ret_V_45, i32 42, i32 53)" [firmware/myproject.cpp:54]   --->   Operation 309 'partselect' 'trunc_ln708_11' <Predicate = true> <Delay = 0.00>

State 10 <SV = 9> <Delay = 0.95>
ST_10 : Operation 310 [1/1] (0.00ns)   --->   "call void (...)* @_ssdm_op_SpecBitsMap(i12* %y_4_V), !map !206"   --->   Operation 310 'specbitsmap' <Predicate = true> <Delay = 0.00>
ST_10 : Operation 311 [1/1] (0.00ns)   --->   "call void (...)* @_ssdm_op_SpecBitsMap(i12* %y_3_V), !map !212"   --->   Operation 311 'specbitsmap' <Predicate = true> <Delay = 0.00>
ST_10 : Operation 312 [1/1] (0.00ns)   --->   "call void (...)* @_ssdm_op_SpecBitsMap(i12* %y_2_V), !map !218"   --->   Operation 312 'specbitsmap' <Predicate = true> <Delay = 0.00>
ST_10 : Operation 313 [1/1] (0.00ns)   --->   "call void (...)* @_ssdm_op_SpecBitsMap(i12* %y_1_V), !map !224"   --->   Operation 313 'specbitsmap' <Predicate = true> <Delay = 0.00>
ST_10 : Operation 314 [1/1] (0.00ns)   --->   "call void (...)* @_ssdm_op_SpecBitsMap(i12* %y_0_V), !map !230"   --->   Operation 314 'specbitsmap' <Predicate = true> <Delay = 0.00>
ST_10 : Operation 315 [1/1] (0.00ns)   --->   "call void (...)* @_ssdm_op_SpecBitsMap(i192* %x_V), !map !236"   --->   Operation 315 'specbitsmap' <Predicate = true> <Delay = 0.00>
ST_10 : Operation 316 [1/1] (0.00ns)   --->   "call void (...)* @_ssdm_op_SpecTopModule([10 x i8]* @myproject_str) nounwind"   --->   Operation 316 'spectopmodule' <Predicate = true> <Delay = 0.00>
ST_10 : Operation 317 [1/1] (0.00ns)   --->   "call void (...)* @_ssdm_op_SpecInterface(i192* %x_V, [7 x i8]* @p_str2, i32 0, i32 0, [1 x i8]* @p_str1, i32 0, i32 0, [1 x i8]* @p_str1, [1 x i8]* @p_str1, [1 x i8]* @p_str1, i32 0, i32 0, i32 0, i32 0, [1 x i8]* @p_str1, [1 x i8]* @p_str1) nounwind"   --->   Operation 317 'specinterface' <Predicate = true> <Delay = 0.00>
ST_10 : Operation 318 [1/1] (0.00ns)   --->   "call void (...)* @_ssdm_op_SpecInterface(i12* %y_0_V, i12* %y_1_V, i12* %y_2_V, i12* %y_3_V, i12* %y_4_V, [7 x i8]* @p_str2, i32 0, i32 0, [1 x i8]* @p_str1, i32 0, i32 0, [1 x i8]* @p_str1, [1 x i8]* @p_str1, [1 x i8]* @p_str1, i32 0, i32 0, i32 0, i32 0, [1 x i8]* @p_str1, [1 x i8]* @p_str1) nounwind" [firmware/myproject.cpp:32]   --->   Operation 318 'specinterface' <Predicate = true> <Delay = 0.00>
ST_10 : Operation 319 [1/1] (0.00ns)   --->   "call void (...)* @_ssdm_op_SpecPipeline(i32 -1, i32 1, i32 1, i32 0, [1 x i8]* @p_str1) nounwind" [firmware/myproject.cpp:33]   --->   Operation 319 'specpipeline' <Predicate = true> <Delay = 0.00>
ST_10 : Operation 320 [1/1] (0.00ns)   --->   "call void @_ssdm_op_Write.ap_vld.i12P(i12* %y_0_V, i12 %trunc_ln708_1)" [firmware/myproject.cpp:50]   --->   Operation 320 'write' <Predicate = true> <Delay = 0.00>
ST_10 : Operation 321 [1/1] (0.95ns)   --->   "%ret_V_33 = add i48 %mul_ln1192_4, -3848290697216" [firmware/myproject.cpp:51]   --->   Operation 321 'add' 'ret_V_33' <Predicate = true> <Delay = 0.95> <Core = "AddSub">   --->   Core 14 'AddSub' <Latency = 0> <II = 1> <Delay = 1.01> <FuncUnit> <Opcode : 'add' 'sub'> <InPorts = 2> <OutPorts = 1>
ST_10 : Operation 322 [1/1] (0.00ns)   --->   "%trunc_ln708_3 = call i12 @_ssdm_op_PartSelect.i12.i48.i32.i32(i48 %ret_V_33, i32 36, i32 47)" [firmware/myproject.cpp:51]   --->   Operation 322 'partselect' 'trunc_ln708_3' <Predicate = true> <Delay = 0.00>
ST_10 : Operation 323 [1/1] (0.00ns)   --->   "call void @_ssdm_op_Write.ap_vld.i12P(i12* %y_1_V, i12 %trunc_ln708_3)" [firmware/myproject.cpp:51]   --->   Operation 323 'write' <Predicate = true> <Delay = 0.00>
ST_10 : Operation 324 [1/1] (0.00ns)   --->   "call void @_ssdm_op_Write.ap_vld.i12P(i12* %y_2_V, i12 %trunc_ln708_5)" [firmware/myproject.cpp:52]   --->   Operation 324 'write' <Predicate = true> <Delay = 0.00>
ST_10 : Operation 325 [1/1] (0.00ns)   --->   "call void @_ssdm_op_Write.ap_vld.i12P(i12* %y_3_V, i12 %trunc_ln708_8)" [firmware/myproject.cpp:53]   --->   Operation 325 'write' <Predicate = true> <Delay = 0.00>
ST_10 : Operation 326 [1/1] (0.00ns)   --->   "call void @_ssdm_op_Write.ap_vld.i12P(i12* %y_4_V, i12 %trunc_ln708_11)" [firmware/myproject.cpp:54]   --->   Operation 326 'write' <Predicate = true> <Delay = 0.00>
ST_10 : Operation 327 [1/1] (0.00ns)   --->   "ret void" [firmware/myproject.cpp:56]   --->   Operation 327 'ret' <Predicate = true> <Delay = 0.00>


============================================================
+ Verbose Summary: Timing violations
============================================================
Target clock period: 5ns, clock uncertainty: 0.625ns.

 <State 1>: 3.28ns
The critical path consists of the following:
	wire read on port 'x_V' (firmware/myproject.cpp:50) [21]  (0 ns)
	'sub' operation ('sub_ln703_1', firmware/myproject.cpp:51) [90]  (0.745 ns)
	'call' operation ('p_4', firmware/myproject.cpp:51) to 'cos_lut<ap_fixed<12, 6, 5, 3, 0> >' [91]  (2.53 ns)

 <State 2>: 4.34ns
The critical path consists of the following:
	'call' operation ('p_0', firmware/myproject.cpp:50) to 'sin_lut<ap_fixed<12, 6, 5, 3, 0> >' [40]  (4.34 ns)

 <State 3>: 4.34ns
The critical path consists of the following:
	'call' operation ('p_0', firmware/myproject.cpp:50) to 'sin_lut<ap_fixed<12, 6, 5, 3, 0> >' [40]  (4.34 ns)

 <State 4>: 4.34ns
The critical path consists of the following:
	'call' operation ('p_s', firmware/myproject.cpp:50) to 'cos_lut<ap_fixed<12, 6, 5, 3, 0> >' [50]  (4.34 ns)

 <State 5>: 4.34ns
The critical path consists of the following:
	'call' operation ('p_1', firmware/myproject.cpp:50) to 'sin_lut<ap_fixed<12, 6, 5, 3, 0> >' [67]  (4.34 ns)

 <State 6>: 4.34ns
The critical path consists of the following:
	'call' operation ('p_9', firmware/myproject.cpp:51) to 'sin_lut<ap_fixed<12, 6, 5, 3, 0> >' [125]  (4.34 ns)

 <State 7>: 3.65ns
The critical path consists of the following:
	'call' operation ('p_Val2_8', firmware/myproject.cpp:52) to 'sin_lut<ap_fixed<12, 6, 5, 3, 0> >' [181]  (2.87 ns)
	'add' operation ('ret.V', firmware/myproject.cpp:52) [184]  (0.781 ns)

 <State 8>: 3.77ns
The critical path consists of the following:
	'mul' operation ('mul_ln1192_7', firmware/myproject.cpp:53) [225]  (3.77 ns)

 <State 9>: 3.74ns
The critical path consists of the following:
	'mul' operation ('mul_ln1192_4', firmware/myproject.cpp:51) [130]  (3.74 ns)

 <State 10>: 0.958ns
The critical path consists of the following:
	'add' operation ('ret.V', firmware/myproject.cpp:51) [131]  (0.958 ns)


============================================================
+ Verbose Summary: Binding
============================================================
N/A
* FSMD analyzer results:
  - Output states:
 - Input state : 
  - Chain level:
	State 1
	State 2
	State 3
	State 4
	State 5
	State 6
	State 7
	State 8
	State 9
	State 10


============================================================
+ Verbose Summary: Datapath Resource usage 
============================================================
N/A
