

================================================================
== Vivado HLS Report for 'cos_lut_ap_fixed_12_6_5_3_0_s'
================================================================
* Date:           Sun Feb 26 15:40:12 2023

* Version:        2020.1 (Build 2897737 on Wed May 27 20:21:37 MDT 2020)
* Project:        myproject_prj
* Solution:       solution1
* Product family: virtexuplus
* Target device:  xcvu9p-flga2577-2-e


================================================================
== Performance Estimates
================================================================
+ Timing: 
    * Summary: 
    +--------+---------+----------+------------+
    |  Clock |  Target | Estimated| Uncertainty|
    +--------+---------+----------+------------+
    |ap_clk  | 5.00 ns | 4.339 ns |   0.62 ns  |
    +--------+---------+----------+------------+

+ Latency: 
    * Summary: 
    +---------+---------+-----------+-----------+-----+-----+----------+
    |  Latency (cycles) |   Latency (absolute)  |  Interval | Pipeline |
    |   min   |   max   |    min    |    max    | min | max |   Type   |
    +---------+---------+-----------+-----------+-----+-----+----------+
    |        3|        3| 15.000 ns | 15.000 ns |    1|    1| function |
    +---------+---------+-----------+-----------+-----+-----+----------+

    + Detail: 
        * Instance: 
        N/A

        * Loop: 
        N/A



================================================================
== Utilization Estimates
================================================================
* Summary: 
+---------------------+---------+-------+---------+---------+-----+
|         Name        | BRAM_18K| DSP48E|    FF   |   LUT   | URAM|
+---------------------+---------+-------+---------+---------+-----+
|DSP                  |        -|      1|        -|        -|    -|
|Expression           |        -|      -|       40|     1011|    -|
|FIFO                 |        -|      -|        -|        -|    -|
|Instance             |        -|      0|      520|      336|    -|
|Memory               |        2|      -|        0|        0|    -|
|Multiplexer          |        -|      -|        -|        -|    -|
|Register             |        0|      -|      144|       32|    -|
+---------------------+---------+-------+---------+---------+-----+
|Total                |        2|      1|      704|     1379|    0|
+---------------------+---------+-------+---------+---------+-----+
|Available SLR        |     1440|   2280|   788160|   394080|  320|
+---------------------+---------+-------+---------+---------+-----+
|Utilization SLR (%)  |    ~0   |   ~0  |    ~0   |    ~0   |    0|
+---------------------+---------+-------+---------+---------+-----+
|Available            |     4320|   6840|  2364480|  1182240|  960|
+---------------------+---------+-------+---------+---------+-----+
|Utilization (%)      |    ~0   |   ~0  |    ~0   |    ~0   |    0|
+---------------------+---------+-------+---------+---------+-----+

+ Detail: 
    * Instance: 
    +------------------------------------+--------------------------------+---------+-------+-----+----+-----+
    |              Instance              |             Module             | BRAM_18K| DSP48E|  FF | LUT| URAM|
    +------------------------------------+--------------------------------+---------+-------+-----+----+-----+
    |myproject_dcmp_64ns_64ns_1_2_1_U11  |myproject_dcmp_64ns_64ns_1_2_1  |        0|      0|  130|  84|    0|
    |myproject_dcmp_64ns_64ns_1_2_1_U12  |myproject_dcmp_64ns_64ns_1_2_1  |        0|      0|  130|  84|    0|
    |myproject_dcmp_64ns_64ns_1_2_1_U13  |myproject_dcmp_64ns_64ns_1_2_1  |        0|      0|  130|  84|    0|
    |myproject_dcmp_64ns_64ns_1_2_1_U14  |myproject_dcmp_64ns_64ns_1_2_1  |        0|      0|  130|  84|    0|
    +------------------------------------+--------------------------------+---------+-------+-----+----+-----+
    |Total                               |                                |        0|      0|  520| 336|    0|
    +------------------------------------+--------------------------------+---------+-------+-----+----+-----+

    * DSP48E: 
    +---------------------------------------+-----------------------------------+-----------+
    |                Instance               |               Module              | Expression|
    +---------------------------------------+-----------------------------------+-----------+
    |myproject_mul_mul_15ns_12s_27_1_1_U15  |myproject_mul_mul_15ns_12s_27_1_1  |  i0 * i1  |
    +---------------------------------------+-----------------------------------+-----------+

    * Memory: 
    +-------------+-----------------------------------------+---------+---+----+-----+------+-----+------+-------------+
    |    Memory   |                  Module                 | BRAM_18K| FF| LUT| URAM| Words| Bits| Banks| W*Bits*Banks|
    +-------------+-----------------------------------------+---------+---+----+-----+------+-----+------+-------------+
    |sincos1_0_U  |sin_lut_ap_fixed_12_6_5_3_0_s_sincos1_0  |        1|  0|   0|    0|   512|    7|     1|         3584|
    |sincos1_1_U  |sin_lut_ap_fixed_12_6_5_3_0_s_sincos1_1  |        1|  0|   0|    0|   512|    6|     1|         3072|
    +-------------+-----------------------------------------+---------+---+----+-----+------+-----+------+-------------+
    |Total        |                                         |        2|  0|   0|    0|  1024|   13|     2|         6656|
    +-------------+-----------------------------------------+---------+---+----+-----+------+-----+------+-------------+

    * FIFO: 
    N/A

    * Expression: 
    +-----------------------------+----------+-------+----+-----+------------+------------+
    |        Variable Name        | Operation| DSP48E| FF | LUT | Bitwidth P0| Bitwidth P1|
    +-----------------------------+----------+-------+----+-----+------------+------------+
    |add_ln147_fu_542_p2          |     +    |      0|   0|   11|           3|           3|
    |add_ln899_fu_323_p2          |     +    |      0|   0|   15|           4|           6|
    |add_ln908_fu_394_p2          |     +    |      0|   0|   39|           7|          32|
    |add_ln915_fu_467_p2          |     +    |      0|   0|   18|           1|          11|
    |lsb_index_fu_250_p2          |     +    |      0|   0|   39|           7|          32|
    |m_13_fu_434_p2               |     +    |      0|   0|   71|          64|          64|
    |sub_ln214_fu_369_p2          |     -    |      0|   0|   16|           1|           9|
    |sub_ln703_1_fu_581_p2        |     -    |      0|   0|   15|           1|           7|
    |sub_ln703_fu_571_p2          |     -    |      0|   0|   15|           1|           7|
    |sub_ln894_fu_240_p2          |     -    |      0|   0|   39|           3|          32|
    |sub_ln897_fu_276_p2          |     -    |      0|   0|   12|           4|           3|
    |sub_ln908_fu_409_p2          |     -    |      0|   0|   39|           6|          32|
    |sub_ln915_fu_462_p2          |     -    |      0|   0|   18|          10|          11|
    |a_fu_303_p2                  |    and   |      0|   0|    2|           1|           1|
    |and_ln146_fu_613_p2          |    and   |      0|   0|    2|           1|           1|
    |and_ln147_fu_619_p2          |    and   |      0|   0|    2|           1|           1|
    |and_ln148_1_fu_647_p2        |    and   |      0|   0|    2|           1|           1|
    |and_ln148_2_fu_653_p2        |    and   |      0|   0|    2|           1|           1|
    |and_ln148_fu_641_p2          |    and   |      0|   0|    2|           1|           1|
    |and_ln154_1_fu_665_p2        |    and   |      0|   0|    2|           1|           1|
    |and_ln154_fu_670_p2          |    and   |      0|   0|    2|           1|           1|
    |and_ln155_1_fu_681_p2        |    and   |      0|   0|    2|           1|           1|
    |and_ln155_fu_686_p2          |    and   |      0|   0|    2|           1|           1|
    |and_ln899_fu_336_p2          |    and   |      0|   0|    2|           1|           1|
    |ap_block_pp0_stage0_00001    |    and   |      0|   0|    2|           1|           1|
    |p_Result_17_fu_292_p2        |    and   |      0|   0|    6|           6|           6|
    |l_fu_228_p3                  |   cttz   |      0|  40|   36|          32|           0|
    |icmp_ln146_1_fu_592_p2       |   icmp   |      0|   0|    9|           3|           1|
    |icmp_ln146_2_fu_603_p2       |   icmp   |      0|   0|    9|           3|           3|
    |icmp_ln146_3_fu_608_p2       |   icmp   |      0|   0|    9|           3|           1|
    |icmp_ln146_fu_587_p2         |   icmp   |      0|   0|    9|           3|           3|
    |icmp_ln147_fu_557_p2         |   icmp   |      0|   0|    8|           2|           1|
    |icmp_ln148_1_fu_636_p2       |   icmp   |      0|   0|    9|           3|           2|
    |icmp_ln148_fu_631_p2         |   icmp   |      0|   0|    9|           3|           3|
    |icmp_ln885_fu_537_p2         |   icmp   |      0|   0|   11|           6|           1|
    |icmp_ln897_2_fu_297_p2       |   icmp   |      0|   0|   11|           6|           1|
    |icmp_ln897_fu_266_p2         |   icmp   |      0|   0|   20|          31|           1|
    |icmp_ln908_fu_356_p2         |   icmp   |      0|   0|   20|          32|           1|
    |icmp_ln924_2_fu_525_p2       |   icmp   |      0|   0|   29|          52|           1|
    |icmp_ln924_fu_519_p2         |   icmp   |      0|   0|   13|          11|           2|
    |lshr_ln897_fu_286_p2         |   lshr   |      0|   0|   13|           2|           6|
    |lshr_ln908_fu_399_p2         |   lshr   |      0|   0|   92|          32|          32|
    |ap_block_pp0_stage0_subdone  |    or    |      0|   0|    2|           1|           1|
    |or_ln146_fu_597_p2           |    or    |      0|   0|    2|           1|           1|
    |or_ln154_1_fu_659_p2         |    or    |      0|   0|    2|           1|           1|
    |or_ln154_2_fu_713_p2         |    or    |      0|   0|    2|           1|           1|
    |or_ln154_3_fu_739_p2         |    or    |      0|   0|    2|           1|           1|
    |or_ln154_fu_699_p2           |    or    |      0|   0|    2|           1|           1|
    |or_ln155_fu_675_p2           |    or    |      0|   0|    2|           1|           1|
    |or_ln899_fu_342_p2           |    or    |      0|   0|    2|           1|           1|
    |or_ln924_fu_531_p2           |    or    |      0|   0|    2|           1|           1|
    |ap_return                    |  select  |      0|   0|    8|           1|           8|
    |luTdex_V_2_fu_375_p3         |  select  |      0|   0|    9|           1|           9|
    |m_12_fu_424_p3               |  select  |      0|   0|   63|           1|          64|
    |select_ln154_1_fu_705_p3     |  select  |      0|   0|    8|           1|           8|
    |select_ln154_2_fu_719_p3     |  select  |      0|   0|    7|           1|           7|
    |select_ln154_3_fu_731_p3     |  select  |      0|   0|    8|           1|           8|
    |select_ln154_fu_691_p3       |  select  |      0|   0|    7|           1|           6|
    |select_ln915_fu_473_p3       |  select  |      0|   0|   11|           1|          11|
    |shl_ln908_fu_418_p2          |    shl   |      0|   0|  182|          64|          64|
    |ap_enable_pp0                |    xor   |      0|   0|    2|           1|           2|
    |xor_ln147_fu_625_p2          |    xor   |      0|   0|    2|           1|           2|
    |xor_ln899_fu_317_p2          |    xor   |      0|   0|    2|           1|           2|
    +-----------------------------+----------+-------+----+-----+------------+------------+
    |Total                        |          |      0|  40| 1011|         438|         526|
    +-----------------------------+----------+-------+----+-----+------------+------------+

    * Multiplexer: 
    N/A

    * Register: 
    +---------------------------------+----+----+-----+-----------+
    |               Name              | FF | LUT| Bits| Const Bits|
    +---------------------------------+----+----+-----+-----------+
    |ap_CS_fsm                        |   1|   0|    1|          0|
    |ap_enable_reg_pp0_iter1          |   1|   0|    1|          0|
    |ap_enable_reg_pp0_iter2          |   1|   0|    1|          0|
    |ap_enable_reg_pp0_iter3          |   1|   0|    1|          0|
    |icmp_ln885_reg_844               |   1|   0|    1|          0|
    |icmp_ln908_reg_815               |   1|   0|    1|          0|
    |luTdex1_V_reg_773                |   3|   0|    3|          0|
    |luTdex1_V_reg_773_pp0_iter1_reg  |   3|   0|    3|          0|
    |octant_V_reg_778                 |   3|   0|    3|          0|
    |or_ln899_s_reg_810               |   1|   0|   32|         31|
    |or_ln924_reg_838                 |   1|   0|    1|          0|
    |p_Result_s_reg_794               |   6|   0|    6|          0|
    |p_Val2_60_reg_764                |   6|   0|    6|          0|
    |p_Val2_60_reg_764_pp0_iter1_reg  |   6|   0|    6|          0|
    |sub_ln894_reg_804                |  32|   0|   32|          0|
    |tmp_10_reg_789                   |   1|   0|    1|          0|
    |tmp_10_reg_789_pp0_iter1_reg     |   1|   0|    1|          0|
    |trunc_ln893_reg_799              |  11|   0|   11|          0|
    |octant_V_reg_778                 |  64|  32|    3|          0|
    +---------------------------------+----+----+-----+-----------+
    |Total                            | 144|  32|  114|         31|
    +---------------------------------+----+----+-----+-----------+



================================================================
== Interface
================================================================
* Summary: 
+-----------+-----+-----+------------+------------------------------------+--------------+
| RTL Ports | Dir | Bits|  Protocol  |            Source Object           |    C Type    |
+-----------+-----+-----+------------+------------------------------------+--------------+
|ap_clk     |  in |    1| ap_ctrl_hs | cos_lut<ap_fixed<12, 6, 5, 3, 0> > | return value |
|ap_rst     |  in |    1| ap_ctrl_hs | cos_lut<ap_fixed<12, 6, 5, 3, 0> > | return value |
|ap_start   |  in |    1| ap_ctrl_hs | cos_lut<ap_fixed<12, 6, 5, 3, 0> > | return value |
|ap_done    | out |    1| ap_ctrl_hs | cos_lut<ap_fixed<12, 6, 5, 3, 0> > | return value |
|ap_idle    | out |    1| ap_ctrl_hs | cos_lut<ap_fixed<12, 6, 5, 3, 0> > | return value |
|ap_ready   | out |    1| ap_ctrl_hs | cos_lut<ap_fixed<12, 6, 5, 3, 0> > | return value |
|ap_ce      |  in |    1| ap_ctrl_hs | cos_lut<ap_fixed<12, 6, 5, 3, 0> > | return value |
|ap_return  | out |    8| ap_ctrl_hs | cos_lut<ap_fixed<12, 6, 5, 3, 0> > | return value |
|input_V    |  in |   12|   ap_none  |               input_V              |    scalar    |
+-----------+-----+-----+------------+------------------------------------+--------------+

